18:30:28 **** Incremental Build of configuration Debug for project 1.Ejemplo_led ****
make -j8 all 
arm-none-eabi-gcc "../Core/Src/main.c" -mcpu=cortex-m4 -std=gnu11 -g3 -DDEBUG -DUSE_HAL_DRIVER -DSTM32F413xx -c -I../Core/Inc -I../Drivers/STM32F4xx_HAL_Driver/Inc -I../Drivers/STM32F4xx_HAL_Driver/Inc/Legacy -I../Drivers/CMSIS/Device/ST/STM32F4xx/Include -I../Drivers/CMSIS/Include -O0 -ffunction-sections -fdata-sections -Wall -fstack-usage -fcyclomatic-complexity -MMD -MP -MF"Core/Src/main.d" -MT"Core/Src/main.o" --specs=nano.specs -mfpu=fpv4-sp-d16 -mfloat-abi=hard -mthumb -o "Core/Src/main.o"
arm-none-eabi-gcc -o "1.Ejemplo_led.elf" @"objects.list"   -mcpu=cortex-m4 -T"/home/lgomez/maestriauba/SMT32/PdM_workspace/1.Ejemplo_led/STM32F413ZHTX_FLASH.ld" --specs=nosys.specs -Wl,-Map="1.Ejemplo_led.map" -Wl,--gc-sections -static --specs=nano.specs -mfpu=fpv4-sp-d16 -mfloat-abi=hard -mthumb -Wl,--start-group -lc -lm -Wl,--end-group
Finished building target: 1.Ejemplo_led.elf
 
arm-none-eabi-size   1.Ejemplo_led.elf 
arm-none-eabi-objdump -h -S  1.Ejemplo_led.elf  > "1.Ejemplo_led.list"
   text	   data	    bss	    dec	    hex	filename
   4776	     20	   1572	   6368	   18e0	1.Ejemplo_led.elf
Finished building: default.size.stdout
 
Finished building: 1.Ejemplo_led.list
 

18:30:29 Build Finished. 0 errors, 0 warnings. (took 972ms)

