20:25:26 **** Incremental Build of configuration Default for project Practica_2 ****
make all 
make: *** No hay ninguna regla para construir el objetivo 'all'.  Alto.
"make all" terminated with exit code 2. Build might be incomplete.
20:34:18 **** Build of configuration Debug for project Practica02_p1 ****
make -j8 all 
arm-none-eabi-gcc "../Src/main.c" -mcpu=cortex-m4 -std=gnu11 -g3 -DDEBUG -DSTM32 -DSTM32F429ZITx -DSTM32F4 -DNUCLEO_F429ZI -DUSE_HAL_DRIVER -DSTM32F429xx -c -I../Inc -I"/home/lgomez/maestriauba/SMT32/PdM_workspace/Practica02_p1/Drivers/STM32F4xx_HAL_Driver/Inc" -I"/home/lgomez/maestriauba/SMT32/PdM_workspace/Practica02_p1/Drivers/CMSIS/Include" -I"/home/lgomez/maestriauba/SMT32/PdM_workspace/Practica02_p1/Drivers/CMSIS/Device/ST/STM32F4xx/Include" -I"/home/lgomez/maestriauba/SMT32/PdM_workspace/Practica02_p1/Drivers/BSP/STM32F4xx_Nucleo_144" -I"/home/lgomez/maestriauba/SMT32/PdM_workspace/Practica02_p1/Drivers/Core/Inc" -O0 -ffunction-sections -fdata-sections -Wall -fstack-usage -fcyclomatic-complexity -MMD -MP -MF"Src/main.d" -MT"Src/main.o" --specs=nano.specs -mfpu=fpv4-sp-d16 -mfloat-abi=hard -mthumb -o "Src/main.o"
In file included from ../Src/main.c:27:
../Src/main.c: In function 'delayInit':
../Src/main.c:117:18: warning: comparison between pointer and integer
  117 |  assert(duration != NULL);
      |                  ^~
arm-none-eabi-gcc -o "Practica02_p1.elf" @"objects.list"   -mcpu=cortex-m4 -T"/home/lgomez/maestriauba/SMT32/PdM_workspace/Practica02_p1/STM32F429ZITX_FLASH.ld" --specs=nosys.specs -Wl,-Map="Practica02_p1.map" -Wl,--gc-sections -static --specs=nano.specs -mfpu=fpv4-sp-d16 -mfloat-abi=hard -mthumb -Wl,--start-group -lc -lm -Wl,--end-group
Finished building target: Practica02_p1.elf
 
arm-none-eabi-size   Practica02_p1.elf 
arm-none-eabi-objdump -h -S  Practica02_p1.elf  > "Practica02_p1.list"
   text	   data	    bss	    dec	    hex	filename
  11328	    132	   1588	  13048	   32f8	Practica02_p1.elf
Finished building: default.size.stdout
 
Finished building: Practica02_p1.list
 
20:36:56 **** Incremental Build of configuration Debug for project Practica02_p1 ****
make -j8 all 
arm-none-eabi-gcc "../Src/main.c" -mcpu=cortex-m4 -std=gnu11 -g3 -DDEBUG -DSTM32 -DSTM32F429ZITx -DSTM32F4 -DNUCLEO_F429ZI -DUSE_HAL_DRIVER -DSTM32F429xx -c -I../Inc -I"/home/lgomez/maestriauba/SMT32/PdM_workspace/Practica02_p1/Drivers/STM32F4xx_HAL_Driver/Inc" -I"/home/lgomez/maestriauba/SMT32/PdM_workspace/Practica02_p1/Drivers/CMSIS/Include" -I"/home/lgomez/maestriauba/SMT32/PdM_workspace/Practica02_p1/Drivers/CMSIS/Device/ST/STM32F4xx/Include" -I"/home/lgomez/maestriauba/SMT32/PdM_workspace/Practica02_p1/Drivers/BSP/STM32F4xx_Nucleo_144" -I"/home/lgomez/maestriauba/SMT32/PdM_workspace/Practica02_p1/Drivers/Core/Inc" -O0 -ffunction-sections -fdata-sections -Wall -fstack-usage -fcyclomatic-complexity -MMD -MP -MF"Src/main.d" -MT"Src/main.o" --specs=nano.specs -mfpu=fpv4-sp-d16 -mfloat-abi=hard -mthumb -o "Src/main.o"
arm-none-eabi-gcc -o "Practica02_p1.elf" @"objects.list"   -mcpu=cortex-m4 -T"/home/lgomez/maestriauba/SMT32/PdM_workspace/Practica02_p1/STM32F429ZITX_FLASH.ld" --specs=nosys.specs -Wl,-Map="Practica02_p1.map" -Wl,--gc-sections -static --specs=nano.specs -mfpu=fpv4-sp-d16 -mfloat-abi=hard -mthumb -Wl,--start-group -lc -lm -Wl,--end-group
Finished building target: Practica02_p1.elf
 
arm-none-eabi-size   Practica02_p1.elf 
arm-none-eabi-objdump -h -S  Practica02_p1.elf  > "Practica02_p1.list"
   text	   data	    bss	    dec	    hex	filename
  11284	    132	   1588	  13004	   32cc	Practica02_p1.elf
Finished building: default.size.stdout
 
Finished building: Practica02_p1.list
 
20:37:03 **** Incremental Build of configuration Debug for project Practica02_p1 ****
make -j8 all 
arm-none-eabi-size   Practica02_p1.elf 
   text	   data	    bss	    dec	    hex	filename
  11284	    132	   1588	  13004	   32cc	Practica02_p1.elf
Finished building: default.size.stdout
 
20:39:31 **** Incremental Build of configuration Debug for project Practica02_p1 ****
make -j8 all 
arm-none-eabi-gcc "../Src/main.c" -mcpu=cortex-m4 -std=gnu11 -g3 -DDEBUG -DSTM32 -DSTM32F429ZITx -DSTM32F4 -DNUCLEO_F429ZI -DUSE_HAL_DRIVER -DSTM32F429xx -c -I../Inc -I"/home/lgomez/maestriauba/SMT32/PdM_workspace/Practica02_p1/Drivers/STM32F4xx_HAL_Driver/Inc" -I"/home/lgomez/maestriauba/SMT32/PdM_workspace/Practica02_p1/Drivers/CMSIS/Include" -I"/home/lgomez/maestriauba/SMT32/PdM_workspace/Practica02_p1/Drivers/CMSIS/Device/ST/STM32F4xx/Include" -I"/home/lgomez/maestriauba/SMT32/PdM_workspace/Practica02_p1/Drivers/BSP/STM32F4xx_Nucleo_144" -I"/home/lgomez/maestriauba/SMT32/PdM_workspace/Practica02_p1/Drivers/Core/Inc" -O0 -ffunction-sections -fdata-sections -Wall -fstack-usage -fcyclomatic-complexity -MMD -MP -MF"Src/main.d" -MT"Src/main.o" --specs=nano.specs -mfpu=fpv4-sp-d16 -mfloat-abi=hard -mthumb -o "Src/main.o"
arm-none-eabi-gcc "../Drivers/STM32F4xx_HAL_Driver/Src/stm32f4xx_hal_msp.c" -mcpu=cortex-m4 -std=gnu11 -g3 -DDEBUG -DSTM32 -DSTM32F429ZITx -DSTM32F4 -DNUCLEO_F429ZI -DUSE_HAL_DRIVER -DSTM32F429xx -c -I../Inc -I"/home/lgomez/maestriauba/SMT32/PdM_workspace/Practica02_p1/Drivers/STM32F4xx_HAL_Driver/Inc" -I"/home/lgomez/maestriauba/SMT32/PdM_workspace/Practica02_p1/Drivers/CMSIS/Include" -I"/home/lgomez/maestriauba/SMT32/PdM_workspace/Practica02_p1/Drivers/CMSIS/Device/ST/STM32F4xx/Include" -I"/home/lgomez/maestriauba/SMT32/PdM_workspace/Practica02_p1/Drivers/BSP/STM32F4xx_Nucleo_144" -I"/home/lgomez/maestriauba/SMT32/PdM_workspace/Practica02_p1/Drivers/Core/Inc" -O0 -ffunction-sections -fdata-sections -Wall -fstack-usage -fcyclomatic-complexity -MMD -MP -MF"Drivers/STM32F4xx_HAL_Driver/Src/stm32f4xx_hal_msp.d" -MT"Drivers/STM32F4xx_HAL_Driver/Src/stm32f4xx_hal_msp.o" --specs=nano.specs -mfpu=fpv4-sp-d16 -mfloat-abi=hard -mthumb -o "Drivers/STM32F4xx_HAL_Driver/Src/stm32f4xx_hal_msp.o"
arm-none-eabi-gcc "../Drivers/Core/Src/stm32f4xx_it.c" -mcpu=cortex-m4 -std=gnu11 -g3 -DDEBUG -DSTM32 -DSTM32F429ZITx -DSTM32F4 -DNUCLEO_F429ZI -DUSE_HAL_DRIVER -DSTM32F429xx -c -I../Inc -I"/home/lgomez/maestriauba/SMT32/PdM_workspace/Practica02_p1/Drivers/STM32F4xx_HAL_Driver/Inc" -I"/home/lgomez/maestriauba/SMT32/PdM_workspace/Practica02_p1/Drivers/CMSIS/Include" -I"/home/lgomez/maestriauba/SMT32/PdM_workspace/Practica02_p1/Drivers/CMSIS/Device/ST/STM32F4xx/Include" -I"/home/lgomez/maestriauba/SMT32/PdM_workspace/Practica02_p1/Drivers/BSP/STM32F4xx_Nucleo_144" -I"/home/lgomez/maestriauba/SMT32/PdM_workspace/Practica02_p1/Drivers/Core/Inc" -O0 -ffunction-sections -fdata-sections -Wall -fstack-usage -fcyclomatic-complexity -MMD -MP -MF"Drivers/Core/Src/stm32f4xx_it.d" -MT"Drivers/Core/Src/stm32f4xx_it.o" --specs=nano.specs -mfpu=fpv4-sp-d16 -mfloat-abi=hard -mthumb -o "Drivers/Core/Src/stm32f4xx_it.o"
arm-none-eabi-gcc -o "Practica02_p1.elf" @"objects.list"   -mcpu=cortex-m4 -T"/home/lgomez/maestriauba/SMT32/PdM_workspace/Practica02_p1/STM32F429ZITX_FLASH.ld" --specs=nosys.specs -Wl,-Map="Practica02_p1.map" -Wl,--gc-sections -static --specs=nano.specs -mfpu=fpv4-sp-d16 -mfloat-abi=hard -mthumb -Wl,--start-group -lc -lm -Wl,--end-group
Finished building target: Practica02_p1.elf
 
arm-none-eabi-size   Practica02_p1.elf 
arm-none-eabi-objdump -h -S  Practica02_p1.elf  > "Practica02_p1.list"
   text	   data	    bss	    dec	    hex	filename
  11284	    132	   1588	  13004	   32cc	Practica02_p1.elf
Finished building: default.size.stdout
 
Finished building: Practica02_p1.list
 
20:39:38 **** Incremental Build of configuration Debug for project Practica02_p1 ****
make -j8 all 
arm-none-eabi-size   Practica02_p1.elf 
   text	   data	    bss	    dec	    hex	filename
  11284	    132	   1588	  13004	   32cc	Practica02_p1.elf
Finished building: default.size.stdout
 
