20:39:14 **** Incremental Build of configuration Debug for project Practica04_p2 ****
make -j8 all 
arm-none-eabi-gcc "../Drivers/API/src/API_debounce.c" -mcpu=cortex-m4 -std=gnu11 -g3 -DDEBUG -DSTM32 -DSTM32F429ZITx -DSTM32F4 -DNUCLEO_F429ZI -DUSE_HAL_DRIVER -DSTM32F429xx -c -I../Inc -I"/home/lgomez/maestriauba/SMT32/PdM_workspace/Practica04_p2/Drivers/STM32F4xx_HAL_Driver/Inc" -I"/home/lgomez/maestriauba/SMT32/PdM_workspace/Practica04_p2/Drivers/CMSIS/Include" -I"/home/lgomez/maestriauba/SMT32/PdM_workspace/Practica04_p2/Drivers/CMSIS/Device/ST/STM32F4xx/Include" -I"/home/lgomez/maestriauba/SMT32/PdM_workspace/Practica04_p2/Drivers/BSP/STM32F4xx_Nucleo_144" -I"/home/lgomez/maestriauba/SMT32/PdM_workspace/Practica04_p2/Drivers/Core/Inc" -I"/home/lgomez/maestriauba/SMT32/PdM_workspace/Practica04_p2/Drivers/API" -I"/home/lgomez/maestriauba/SMT32/PdM_workspace/Practica04_p2/Drivers/API/inc" -O0 -ffunction-sections -fdata-sections -Wall -fstack-usage -fcyclomatic-complexity -MMD -MP -MF"Drivers/API/src/API_debounce.d" -MT"Drivers/API/src/API_debounce.o" --specs=nano.specs -mfpu=fpv4-sp-d16 -mfloat-abi=hard -mthumb -o "Drivers/API/src/API_debounce.o"
In file included from ../Drivers/API/src/API_debounce.c:11:
/home/lgomez/maestriauba/SMT32/PdM_workspace/Practica04_p2/Drivers/API/inc/API_debounce.h:17:43: error: unknown type name 'delay_t'
   17 | void debounceFSM_update(debounceState_t*, delay_t* ); // debe leer las entradas, resolver la lógica de
      |                                           ^~~~~~~
../Drivers/API/src/API_debounce.c:18:2: error: redeclaration of enumerator 'BUTTON_UP'
   18 |  BUTTON_UP, // Botón suelto
      |  ^~~~~~~~~
In file included from ../Drivers/API/src/API_debounce.c:11:
/home/lgomez/maestriauba/SMT32/PdM_workspace/Practica04_p2/Drivers/API/inc/API_debounce.h:10:2: note: previous definition of 'BUTTON_UP' was here
   10 |  BUTTON_UP, // Botón suelto
      |  ^~~~~~~~~
../Drivers/API/src/API_debounce.c:19:2: error: redeclaration of enumerator 'BUTTON_FALLING'
   19 |  BUTTON_FALLING, // Apretando botón
      |  ^~~~~~~~~~~~~~
In file included from ../Drivers/API/src/API_debounce.c:11:
/home/lgomez/maestriauba/SMT32/PdM_workspace/Practica04_p2/Drivers/API/inc/API_debounce.h:11:2: note: previous definition of 'BUTTON_FALLING' was here
   11 |  BUTTON_FALLING, // Apretando botón
      |  ^~~~~~~~~~~~~~
../Drivers/API/src/API_debounce.c:20:2: error: redeclaration of enumerator 'BUTTON_DOWN'
   20 |  BUTTON_DOWN,  // Boton precionado
      |  ^~~~~~~~~~~
In file included from ../Drivers/API/src/API_debounce.c:11:
/home/lgomez/maestriauba/SMT32/PdM_workspace/Practica04_p2/Drivers/API/inc/API_debounce.h:12:2: note: previous definition of 'BUTTON_DOWN' was here
   12 |  BUTTON_DOWN,  // Boton precionado
      |  ^~~~~~~~~~~
../Drivers/API/src/API_debounce.c:21:2: error: redeclaration of enumerator 'BUTTON_RAISING'
   21 |  BUTTON_RAISING, // soltando botón
      |  ^~~~~~~~~~~~~~
In file included from ../Drivers/API/src/API_debounce.c:11:
/home/lgomez/maestriauba/SMT32/PdM_workspace/Practica04_p2/Drivers/API/inc/API_debounce.h:13:2: note: previous definition of 'BUTTON_RAISING' was here
   13 |  BUTTON_RAISING, // soltando botón
      |  ^~~~~~~~~~~~~~
../Drivers/API/src/API_debounce.c:22:3: error: conflicting types for 'debounceState_t'
   22 | } debounceState_t;
      |   ^~~~~~~~~~~~~~~
In file included from ../Drivers/API/src/API_debounce.c:11:
/home/lgomez/maestriauba/SMT32/PdM_workspace/Practica04_p2/Drivers/API/inc/API_debounce.h:14:3: note: previous declaration of 'debounceState_t' was here
   14 | } debounceState_t;
      |   ^~~~~~~~~~~~~~~
../Drivers/API/src/API_debounce.c:30:6: error: conflicting types for 'debounceFSM_init'
   30 | void debounceFSM_init(debounceState_t * EstadoActual, debounceState_t Valor){
      |      ^~~~~~~~~~~~~~~~
In file included from ../Drivers/API/src/API_debounce.c:11:
/home/lgomez/maestriauba/SMT32/PdM_workspace/Practica04_p2/Drivers/API/inc/API_debounce.h:16:6: note: previous declaration of 'debounceFSM_init' was here
   16 | void debounceFSM_init(debounceState_t*, debounceState_t);  // debe cargar el estado inicial
      |      ^~~~~~~~~~~~~~~~
../Drivers/API/src/API_debounce.c:39:57: error: unknown type name 'delay_t'
   39 | void debounceFSM_update(debounceState_t * currentState, delay_t* delay){
      |                                                         ^~~~~~~
make: *** [Drivers/API/src/subdir.mk:22: Drivers/API/src/API_debounce.o] Error 1
"make -j8 all" terminated with exit code 2. Build might be incomplete.
20:41:12 **** Incremental Build of configuration Debug for project Practica04_p2 ****
make -j8 all 
arm-none-eabi-gcc "../Drivers/API/src/API_debounce.c" -mcpu=cortex-m4 -std=gnu11 -g3 -DDEBUG -DSTM32 -DSTM32F429ZITx -DSTM32F4 -DNUCLEO_F429ZI -DUSE_HAL_DRIVER -DSTM32F429xx -c -I../Inc -I"/home/lgomez/maestriauba/SMT32/PdM_workspace/Practica04_p2/Drivers/STM32F4xx_HAL_Driver/Inc" -I"/home/lgomez/maestriauba/SMT32/PdM_workspace/Practica04_p2/Drivers/CMSIS/Include" -I"/home/lgomez/maestriauba/SMT32/PdM_workspace/Practica04_p2/Drivers/CMSIS/Device/ST/STM32F4xx/Include" -I"/home/lgomez/maestriauba/SMT32/PdM_workspace/Practica04_p2/Drivers/BSP/STM32F4xx_Nucleo_144" -I"/home/lgomez/maestriauba/SMT32/PdM_workspace/Practica04_p2/Drivers/Core/Inc" -I"/home/lgomez/maestriauba/SMT32/PdM_workspace/Practica04_p2/Drivers/API" -I"/home/lgomez/maestriauba/SMT32/PdM_workspace/Practica04_p2/Drivers/API/inc" -O0 -ffunction-sections -fdata-sections -Wall -fstack-usage -fcyclomatic-complexity -MMD -MP -MF"Drivers/API/src/API_debounce.d" -MT"Drivers/API/src/API_debounce.o" --specs=nano.specs -mfpu=fpv4-sp-d16 -mfloat-abi=hard -mthumb -o "Drivers/API/src/API_debounce.o"
In file included from ../Drivers/API/src/API_debounce.c:11:
/home/lgomez/maestriauba/SMT32/PdM_workspace/Practica04_p2/Drivers/API/inc/API_debounce.h:17:43: error: unknown type name 'delay_t'
   17 | void debounceFSM_update(debounceState_t*, delay_t* ); // debe leer las entradas, resolver la lógica de
      |                                           ^~~~~~~
../Drivers/API/src/API_debounce.c:19:2: error: redeclaration of enumerator 'BUTTON_UP'
   19 |  BUTTON_UP, // Botón suelto
      |  ^~~~~~~~~
In file included from ../Drivers/API/src/API_debounce.c:11:
/home/lgomez/maestriauba/SMT32/PdM_workspace/Practica04_p2/Drivers/API/inc/API_debounce.h:10:2: note: previous definition of 'BUTTON_UP' was here
   10 |  BUTTON_UP, // Botón suelto
      |  ^~~~~~~~~
../Drivers/API/src/API_debounce.c:20:2: error: redeclaration of enumerator 'BUTTON_FALLING'
   20 |  BUTTON_FALLING, // Apretando botón
      |  ^~~~~~~~~~~~~~
In file included from ../Drivers/API/src/API_debounce.c:11:
/home/lgomez/maestriauba/SMT32/PdM_workspace/Practica04_p2/Drivers/API/inc/API_debounce.h:11:2: note: previous definition of 'BUTTON_FALLING' was here
   11 |  BUTTON_FALLING, // Apretando botón
      |  ^~~~~~~~~~~~~~
../Drivers/API/src/API_debounce.c:21:2: error: redeclaration of enumerator 'BUTTON_DOWN'
   21 |  BUTTON_DOWN,  // Boton precionado
      |  ^~~~~~~~~~~
In file included from ../Drivers/API/src/API_debounce.c:11:
/home/lgomez/maestriauba/SMT32/PdM_workspace/Practica04_p2/Drivers/API/inc/API_debounce.h:12:2: note: previous definition of 'BUTTON_DOWN' was here
   12 |  BUTTON_DOWN,  // Boton precionado
      |  ^~~~~~~~~~~
../Drivers/API/src/API_debounce.c:22:2: error: redeclaration of enumerator 'BUTTON_RAISING'
   22 |  BUTTON_RAISING, // soltando botón
      |  ^~~~~~~~~~~~~~
In file included from ../Drivers/API/src/API_debounce.c:11:
/home/lgomez/maestriauba/SMT32/PdM_workspace/Practica04_p2/Drivers/API/inc/API_debounce.h:13:2: note: previous definition of 'BUTTON_RAISING' was here
   13 |  BUTTON_RAISING, // soltando botón
      |  ^~~~~~~~~~~~~~
../Drivers/API/src/API_debounce.c:23:3: error: conflicting types for 'debounceState_t'
   23 | } debounceState_t;
      |   ^~~~~~~~~~~~~~~
In file included from ../Drivers/API/src/API_debounce.c:11:
/home/lgomez/maestriauba/SMT32/PdM_workspace/Practica04_p2/Drivers/API/inc/API_debounce.h:14:3: note: previous declaration of 'debounceState_t' was here
   14 | } debounceState_t;
      |   ^~~~~~~~~~~~~~~
../Drivers/API/src/API_debounce.c:31:6: error: conflicting types for 'debounceFSM_init'
   31 | void debounceFSM_init(debounceState_t * EstadoActual, debounceState_t Valor){
      |      ^~~~~~~~~~~~~~~~
In file included from ../Drivers/API/src/API_debounce.c:11:
/home/lgomez/maestriauba/SMT32/PdM_workspace/Practica04_p2/Drivers/API/inc/API_debounce.h:16:6: note: previous declaration of 'debounceFSM_init' was here
   16 | void debounceFSM_init(debounceState_t*, debounceState_t);  // debe cargar el estado inicial
      |      ^~~~~~~~~~~~~~~~
make: *** [Drivers/API/src/subdir.mk:22: Drivers/API/src/API_debounce.o] Error 1
"make -j8 all" terminated with exit code 2. Build might be incomplete.
20:43:19 **** Incremental Build of configuration Debug for project Practica04_p2 ****
make -j8 all 
arm-none-eabi-gcc "../Drivers/API/src/API_debounce.c" -mcpu=cortex-m4 -std=gnu11 -g3 -DDEBUG -DSTM32 -DSTM32F429ZITx -DSTM32F4 -DNUCLEO_F429ZI -DUSE_HAL_DRIVER -DSTM32F429xx -c -I../Inc -I"/home/lgomez/maestriauba/SMT32/PdM_workspace/Practica04_p2/Drivers/STM32F4xx_HAL_Driver/Inc" -I"/home/lgomez/maestriauba/SMT32/PdM_workspace/Practica04_p2/Drivers/CMSIS/Include" -I"/home/lgomez/maestriauba/SMT32/PdM_workspace/Practica04_p2/Drivers/CMSIS/Device/ST/STM32F4xx/Include" -I"/home/lgomez/maestriauba/SMT32/PdM_workspace/Practica04_p2/Drivers/BSP/STM32F4xx_Nucleo_144" -I"/home/lgomez/maestriauba/SMT32/PdM_workspace/Practica04_p2/Drivers/Core/Inc" -I"/home/lgomez/maestriauba/SMT32/PdM_workspace/Practica04_p2/Drivers/API" -I"/home/lgomez/maestriauba/SMT32/PdM_workspace/Practica04_p2/Drivers/API/inc" -O0 -ffunction-sections -fdata-sections -Wall -fstack-usage -fcyclomatic-complexity -MMD -MP -MF"Drivers/API/src/API_debounce.d" -MT"Drivers/API/src/API_debounce.o" --specs=nano.specs -mfpu=fpv4-sp-d16 -mfloat-abi=hard -mthumb -o "Drivers/API/src/API_debounce.o"
In file included from ../Drivers/API/src/API_debounce.c:11:
/home/lgomez/maestriauba/SMT32/PdM_workspace/Practica04_p2/Drivers/API/inc/API_debounce.h:17:43: error: unknown type name 'delay_t'
   17 | void debounceFSM_update(debounceState_t*, delay_t* ); // debe leer las entradas, resolver la lógica de
      |                                           ^~~~~~~
make: *** [Drivers/API/src/subdir.mk:22: Drivers/API/src/API_debounce.o] Error 1
"make -j8 all" terminated with exit code 2. Build might be incomplete.
20:45:28 **** Incremental Build of configuration Debug for project Practica04_p2 ****
make -j8 all 
arm-none-eabi-gcc "../Src/main.c" -mcpu=cortex-m4 -std=gnu11 -g3 -DDEBUG -DSTM32 -DSTM32F429ZITx -DSTM32F4 -DNUCLEO_F429ZI -DUSE_HAL_DRIVER -DSTM32F429xx -c -I../Inc -I"/home/lgomez/maestriauba/SMT32/PdM_workspace/Practica04_p2/Drivers/STM32F4xx_HAL_Driver/Inc" -I"/home/lgomez/maestriauba/SMT32/PdM_workspace/Practica04_p2/Drivers/CMSIS/Include" -I"/home/lgomez/maestriauba/SMT32/PdM_workspace/Practica04_p2/Drivers/CMSIS/Device/ST/STM32F4xx/Include" -I"/home/lgomez/maestriauba/SMT32/PdM_workspace/Practica04_p2/Drivers/BSP/STM32F4xx_Nucleo_144" -I"/home/lgomez/maestriauba/SMT32/PdM_workspace/Practica04_p2/Drivers/Core/Inc" -I"/home/lgomez/maestriauba/SMT32/PdM_workspace/Practica04_p2/Drivers/API" -I"/home/lgomez/maestriauba/SMT32/PdM_workspace/Practica04_p2/Drivers/API/inc" -O0 -ffunction-sections -fdata-sections -Wall -fstack-usage -fcyclomatic-complexity -MMD -MP -MF"Src/main.d" -MT"Src/main.o" --specs=nano.specs -mfpu=fpv4-sp-d16 -mfloat-abi=hard -mthumb -o "Src/main.o"
arm-none-eabi-gcc "../Drivers/STM32F4xx_HAL_Driver/Src/stm32f4xx_hal_msp.c" -mcpu=cortex-m4 -std=gnu11 -g3 -DDEBUG -DSTM32 -DSTM32F429ZITx -DSTM32F4 -DNUCLEO_F429ZI -DUSE_HAL_DRIVER -DSTM32F429xx -c -I../Inc -I"/home/lgomez/maestriauba/SMT32/PdM_workspace/Practica04_p2/Drivers/STM32F4xx_HAL_Driver/Inc" -I"/home/lgomez/maestriauba/SMT32/PdM_workspace/Practica04_p2/Drivers/CMSIS/Include" -I"/home/lgomez/maestriauba/SMT32/PdM_workspace/Practica04_p2/Drivers/CMSIS/Device/ST/STM32F4xx/Include" -I"/home/lgomez/maestriauba/SMT32/PdM_workspace/Practica04_p2/Drivers/BSP/STM32F4xx_Nucleo_144" -I"/home/lgomez/maestriauba/SMT32/PdM_workspace/Practica04_p2/Drivers/Core/Inc" -I"/home/lgomez/maestriauba/SMT32/PdM_workspace/Practica04_p2/Drivers/API" -I"/home/lgomez/maestriauba/SMT32/PdM_workspace/Practica04_p2/Drivers/API/inc" -O0 -ffunction-sections -fdata-sections -Wall -fstack-usage -fcyclomatic-complexity -MMD -MP -MF"Drivers/STM32F4xx_HAL_Driver/Src/stm32f4xx_hal_msp.d" -MT"Drivers/STM32F4xx_HAL_Driver/Src/stm32f4xx_hal_msp.o" --specs=nano.specs -mfpu=fpv4-sp-d16 -mfloat-abi=hard -mthumb -o "Drivers/STM32F4xx_HAL_Driver/Src/stm32f4xx_hal_msp.o"
arm-none-eabi-gcc "../Drivers/Core/Src/stm32f4xx_it.c" -mcpu=cortex-m4 -std=gnu11 -g3 -DDEBUG -DSTM32 -DSTM32F429ZITx -DSTM32F4 -DNUCLEO_F429ZI -DUSE_HAL_DRIVER -DSTM32F429xx -c -I../Inc -I"/home/lgomez/maestriauba/SMT32/PdM_workspace/Practica04_p2/Drivers/STM32F4xx_HAL_Driver/Inc" -I"/home/lgomez/maestriauba/SMT32/PdM_workspace/Practica04_p2/Drivers/CMSIS/Include" -I"/home/lgomez/maestriauba/SMT32/PdM_workspace/Practica04_p2/Drivers/CMSIS/Device/ST/STM32F4xx/Include" -I"/home/lgomez/maestriauba/SMT32/PdM_workspace/Practica04_p2/Drivers/BSP/STM32F4xx_Nucleo_144" -I"/home/lgomez/maestriauba/SMT32/PdM_workspace/Practica04_p2/Drivers/Core/Inc" -I"/home/lgomez/maestriauba/SMT32/PdM_workspace/Practica04_p2/Drivers/API" -I"/home/lgomez/maestriauba/SMT32/PdM_workspace/Practica04_p2/Drivers/API/inc" -O0 -ffunction-sections -fdata-sections -Wall -fstack-usage -fcyclomatic-complexity -MMD -MP -MF"Drivers/Core/Src/stm32f4xx_it.d" -MT"Drivers/Core/Src/stm32f4xx_it.o" --specs=nano.specs -mfpu=fpv4-sp-d16 -mfloat-abi=hard -mthumb -o "Drivers/Core/Src/stm32f4xx_it.o"
arm-none-eabi-gcc "../Drivers/API/src/API_debounce.c" -mcpu=cortex-m4 -std=gnu11 -g3 -DDEBUG -DSTM32 -DSTM32F429ZITx -DSTM32F4 -DNUCLEO_F429ZI -DUSE_HAL_DRIVER -DSTM32F429xx -c -I../Inc -I"/home/lgomez/maestriauba/SMT32/PdM_workspace/Practica04_p2/Drivers/STM32F4xx_HAL_Driver/Inc" -I"/home/lgomez/maestriauba/SMT32/PdM_workspace/Practica04_p2/Drivers/CMSIS/Include" -I"/home/lgomez/maestriauba/SMT32/PdM_workspace/Practica04_p2/Drivers/CMSIS/Device/ST/STM32F4xx/Include" -I"/home/lgomez/maestriauba/SMT32/PdM_workspace/Practica04_p2/Drivers/BSP/STM32F4xx_Nucleo_144" -I"/home/lgomez/maestriauba/SMT32/PdM_workspace/Practica04_p2/Drivers/Core/Inc" -I"/home/lgomez/maestriauba/SMT32/PdM_workspace/Practica04_p2/Drivers/API" -I"/home/lgomez/maestriauba/SMT32/PdM_workspace/Practica04_p2/Drivers/API/inc" -O0 -ffunction-sections -fdata-sections -Wall -fstack-usage -fcyclomatic-complexity -MMD -MP -MF"Drivers/API/src/API_debounce.d" -MT"Drivers/API/src/API_debounce.o" --specs=nano.specs -mfpu=fpv4-sp-d16 -mfloat-abi=hard -mthumb -o "Drivers/API/src/API_debounce.o"
In file included from /home/lgomez/maestriauba/SMT32/PdM_workspace/Practica04_p2/Drivers/API/inc/API_debounce.h:7,
                 from ../Inc/main.h:27,
                 from ../Drivers/Core/Src/stm32f4xx_it.c:23:
/home/lgomez/maestriauba/SMT32/PdM_workspace/Practica04_p2/Drivers/API/inc/API_delay.h:13:4: error: conflicting types for 'delay_t'
   13 |  } delay_t;
      |    ^~~~~~~
In file included from ../Inc/main.h:26,
                 from ../Drivers/Core/Src/stm32f4xx_it.c:23:
/home/lgomez/maestriauba/SMT32/PdM_workspace/Practica04_p2/Drivers/API/inc/API_delay.h:13:4: note: previous declaration of 'delay_t' was here
   13 |  } delay_t;
      |    ^~~~~~~
In file included from /home/lgomez/maestriauba/SMT32/PdM_workspace/Practica04_p2/Drivers/API/inc/API_debounce.h:7,
                 from ../Inc/main.h:27,
                 from ../Drivers/Core/Src/stm32f4xx_it.c:23:
/home/lgomez/maestriauba/SMT32/PdM_workspace/Practica04_p2/Drivers/API/inc/API_delay.h:15:6: error: conflicting types for 'delayInit'
   15 | void delayInit( delay_t * delay, tick_t duration );
      |      ^~~~~~~~~
In file included from ../Inc/main.h:26,
                 from ../Drivers/Core/Src/stm32f4xx_it.c:23:
/home/lgomez/maestriauba/SMT32/PdM_workspace/Practica04_p2/Drivers/API/inc/API_delay.h:15:6: note: previous declaration of 'delayInit' was here
   15 | void delayInit( delay_t * delay, tick_t duration );
      |      ^~~~~~~~~
In file included from /home/lgomez/maestriauba/SMT32/PdM_workspace/Practica04_p2/Drivers/API/inc/API_debounce.h:7,
                 from ../Inc/main.h:27,
                 from ../Drivers/Core/Src/stm32f4xx_it.c:23:
/home/lgomez/maestriauba/SMT32/PdM_workspace/Practica04_p2/Drivers/API/inc/API_delay.h:16:8: error: conflicting types for 'delayRead'
   16 | bool_t delayRead( delay_t * delay );
      |        ^~~~~~~~~
In file included from ../Inc/main.h:26,
                 from ../Drivers/Core/Src/stm32f4xx_it.c:23:
/home/lgomez/maestriauba/SMT32/PdM_workspace/Practica04_p2/Drivers/API/inc/API_delay.h:16:8: note: previous declaration of 'delayRead' was here
   16 | bool_t delayRead( delay_t * delay );
      |        ^~~~~~~~~
In file included from /home/lgomez/maestriauba/SMT32/PdM_workspace/Practica04_p2/Drivers/API/inc/API_debounce.h:7,
                 from ../Inc/main.h:27,
                 from ../Drivers/Core/Src/stm32f4xx_it.c:23:
/home/lgomez/maestriauba/SMT32/PdM_workspace/Practica04_p2/Drivers/API/inc/API_delay.h:17:6: error: conflicting types for 'delayWrite'
   17 | void delayWrite( delay_t * delay, tick_t duration );
      |      ^~~~~~~~~~
In file included from ../Inc/main.h:26,
                 from ../Drivers/Core/Src/stm32f4xx_it.c:23:
/home/lgomez/maestriauba/SMT32/PdM_workspace/Practica04_p2/Drivers/API/inc/API_delay.h:17:6: note: previous declaration of 'delayWrite' was here
   17 | void delayWrite( delay_t * delay, tick_t duration );
      |      ^~~~~~~~~~
In file included from ../Drivers/API/src/API_debounce.c:12:
/home/lgomez/maestriauba/SMT32/PdM_workspace/Practica04_p2/Drivers/API/inc/API_delay.h:13:4: error: conflicting types for 'delay_t'
   13 |  } delay_t;
      |    ^~~~~~~
In file included from /home/lgomez/maestriauba/SMT32/PdM_workspace/Practica04_p2/Drivers/API/inc/API_debounce.h:7,
                 from ../Drivers/API/src/API_debounce.c:11:
/home/lgomez/maestriauba/SMT32/PdM_workspace/Practica04_p2/Drivers/API/inc/API_delay.h:13:4: note: previous declaration of 'delay_t' was here
   13 |  } delay_t;
      |    ^~~~~~~
In file included from ../Drivers/API/src/API_debounce.c:12:
/home/lgomez/maestriauba/SMT32/PdM_workspace/Practica04_p2/Drivers/API/inc/API_delay.h:15:6: error: conflicting types for 'delayInit'
   15 | void delayInit( delay_t * delay, tick_t duration );
      |      ^~~~~~~~~
In file included from /home/lgomez/maestriauba/SMT32/PdM_workspace/Practica04_p2/Drivers/API/inc/API_debounce.h:7,
                 from ../Drivers/API/src/API_debounce.c:11:
/home/lgomez/maestriauba/SMT32/PdM_workspace/Practica04_p2/Drivers/API/inc/API_delay.h:15:6: note: previous declaration of 'delayInit' was here
   15 | void delayInit( delay_t * delay, tick_t duration );
      |      ^~~~~~~~~
In file included from ../Drivers/API/src/API_debounce.c:12:
/home/lgomez/maestriauba/SMT32/PdM_workspace/Practica04_p2/Drivers/API/inc/API_delay.h:16:8: error: conflicting types for 'delayRead'
   16 | bool_t delayRead( delay_t * delay );
      |        ^~~~~~~~~
In file included from /home/lgomez/maestriauba/SMT32/PdM_workspace/Practica04_p2/Drivers/API/inc/API_debounce.h:7,
                 from ../Drivers/API/src/API_debounce.c:11:
/home/lgomez/maestriauba/SMT32/PdM_workspace/Practica04_p2/Drivers/API/inc/API_delay.h:16:8: note: previous declaration of 'delayRead' was here
   16 | bool_t delayRead( delay_t * delay );
      |        ^~~~~~~~~
In file included from ../Drivers/API/src/API_debounce.c:12:
/home/lgomez/maestriauba/SMT32/PdM_workspace/Practica04_p2/Drivers/API/inc/API_delay.h:17:6: error: conflicting types for 'delayWrite'
   17 | void delayWrite( delay_t * delay, tick_t duration );
      |      ^~~~~~~~~~
In file included from /home/lgomez/maestriauba/SMT32/PdM_workspace/Practica04_p2/Drivers/API/inc/API_debounce.h:7,
                 from ../Drivers/API/src/API_debounce.c:11:
/home/lgomez/maestriauba/SMT32/PdM_workspace/Practica04_p2/Drivers/API/inc/API_delay.h:17:6: note: previous declaration of 'delayWrite' was here
   17 | void delayWrite( delay_t * delay, tick_t duration );
      |      ^~~~~~~~~~
../Drivers/API/src/API_debounce.c:30:6: error: conflicting types for 'debounceFSM_update'
   30 | void debounceFSM_update(debounceState_t * currentState, delay_t* delay){
      |      ^~~~~~~~~~~~~~~~~~
In file included from ../Drivers/API/src/API_debounce.c:11:
/home/lgomez/maestriauba/SMT32/PdM_workspace/Practica04_p2/Drivers/API/inc/API_debounce.h:19:6: note: previous declaration of 'debounceFSM_update' was here
   19 | void debounceFSM_update(debounceState_t*, delay_t* ); // debe leer las entradas, resolver la lógica de
      |      ^~~~~~~~~~~~~~~~~~
make: *** [Drivers/Core/Src/subdir.mk:25: Drivers/Core/Src/stm32f4xx_it.o] Error 1
make: *** Waiting for unfinished jobs....
make: *** [Drivers/API/src/subdir.mk:22: Drivers/API/src/API_debounce.o] Error 1
In file included from /home/lgomez/maestriauba/SMT32/PdM_workspace/Practica04_p2/Drivers/API/inc/API_debounce.h:7,
                 from ../Inc/main.h:27,
                 from ../Src/main.c:26:
/home/lgomez/maestriauba/SMT32/PdM_workspace/Practica04_p2/Drivers/API/inc/API_delay.h:13:4: error: conflicting types for 'delay_t'
   13 |  } delay_t;
      |    ^~~~~~~
In file included from ../Inc/main.h:26,
                 from ../Src/main.c:26:
/home/lgomez/maestriauba/SMT32/PdM_workspace/Practica04_p2/Drivers/API/inc/API_delay.h:13:4: note: previous declaration of 'delay_t' was here
   13 |  } delay_t;
      |    ^~~~~~~
In file included from /home/lgomez/maestriauba/SMT32/PdM_workspace/Practica04_p2/Drivers/API/inc/API_debounce.h:7,
                 from ../Inc/main.h:27,
                 from ../Src/main.c:26:
/home/lgomez/maestriauba/SMT32/PdM_workspace/Practica04_p2/Drivers/API/inc/API_delay.h:15:6: error: conflicting types for 'delayInit'
   15 | void delayInit( delay_t * delay, tick_t duration );
      |      ^~~~~~~~~
In file included from ../Inc/main.h:26,
                 from ../Src/main.c:26:
/home/lgomez/maestriauba/SMT32/PdM_workspace/Practica04_p2/Drivers/API/inc/API_delay.h:15:6: note: previous declaration of 'delayInit' was here
   15 | void delayInit( delay_t * delay, tick_t duration );
      |      ^~~~~~~~~
In file included from /home/lgomez/maestriauba/SMT32/PdM_workspace/Practica04_p2/Drivers/API/inc/API_debounce.h:7,
                 from ../Inc/main.h:27,
                 from ../Src/main.c:26:
/home/lgomez/maestriauba/SMT32/PdM_workspace/Practica04_p2/Drivers/API/inc/API_delay.h:16:8: error: conflicting types for 'delayRead'
   16 | bool_t delayRead( delay_t * delay );
      |        ^~~~~~~~~
In file included from ../Inc/main.h:26,
                 from ../Src/main.c:26:
/home/lgomez/maestriauba/SMT32/PdM_workspace/Practica04_p2/Drivers/API/inc/API_delay.h:16:8: note: previous declaration of 'delayRead' was here
   16 | bool_t delayRead( delay_t * delay );
      |        ^~~~~~~~~
In file included from /home/lgomez/maestriauba/SMT32/PdM_workspace/Practica04_p2/Drivers/API/inc/API_debounce.h:7,
                 from ../Inc/main.h:27,
                 from ../Src/main.c:26:
/home/lgomez/maestriauba/SMT32/PdM_workspace/Practica04_p2/Drivers/API/inc/API_delay.h:17:6: error: conflicting types for 'delayWrite'
   17 | void delayWrite( delay_t * delay, tick_t duration );
      |      ^~~~~~~~~~
In file included from ../Inc/main.h:26,
                 from ../Src/main.c:26:
/home/lgomez/maestriauba/SMT32/PdM_workspace/Practica04_p2/Drivers/API/inc/API_delay.h:17:6: note: previous declaration of 'delayWrite' was here
   17 | void delayWrite( delay_t * delay, tick_t duration );
      |      ^~~~~~~~~~
make: *** [Src/subdir.mk:19: Src/main.o] Error 1
In file included from /home/lgomez/maestriauba/SMT32/PdM_workspace/Practica04_p2/Drivers/API/inc/API_debounce.h:7,
                 from ../Inc/main.h:27,
                 from ../Drivers/STM32F4xx_HAL_Driver/Src/stm32f4xx_hal_msp.c:21:
/home/lgomez/maestriauba/SMT32/PdM_workspace/Practica04_p2/Drivers/API/inc/API_delay.h:13:4: error: conflicting types for 'delay_t'
   13 |  } delay_t;
      |    ^~~~~~~
In file included from ../Inc/main.h:26,
                 from ../Drivers/STM32F4xx_HAL_Driver/Src/stm32f4xx_hal_msp.c:21:
/home/lgomez/maestriauba/SMT32/PdM_workspace/Practica04_p2/Drivers/API/inc/API_delay.h:13:4: note: previous declaration of 'delay_t' was here
   13 |  } delay_t;
      |    ^~~~~~~
In file included from /home/lgomez/maestriauba/SMT32/PdM_workspace/Practica04_p2/Drivers/API/inc/API_debounce.h:7,
                 from ../Inc/main.h:27,
                 from ../Drivers/STM32F4xx_HAL_Driver/Src/stm32f4xx_hal_msp.c:21:
/home/lgomez/maestriauba/SMT32/PdM_workspace/Practica04_p2/Drivers/API/inc/API_delay.h:15:6: error: conflicting types for 'delayInit'
   15 | void delayInit( delay_t * delay, tick_t duration );
      |      ^~~~~~~~~
In file included from ../Inc/main.h:26,
                 from ../Drivers/STM32F4xx_HAL_Driver/Src/stm32f4xx_hal_msp.c:21:
/home/lgomez/maestriauba/SMT32/PdM_workspace/Practica04_p2/Drivers/API/inc/API_delay.h:15:6: note: previous declaration of 'delayInit' was here
   15 | void delayInit( delay_t * delay, tick_t duration );
      |      ^~~~~~~~~
In file included from /home/lgomez/maestriauba/SMT32/PdM_workspace/Practica04_p2/Drivers/API/inc/API_debounce.h:7,
                 from ../Inc/main.h:27,
                 from ../Drivers/STM32F4xx_HAL_Driver/Src/stm32f4xx_hal_msp.c:21:
/home/lgomez/maestriauba/SMT32/PdM_workspace/Practica04_p2/Drivers/API/inc/API_delay.h:16:8: error: conflicting types for 'delayRead'
   16 | bool_t delayRead( delay_t * delay );
      |        ^~~~~~~~~
In file included from ../Inc/main.h:26,
                 from ../Drivers/STM32F4xx_HAL_Driver/Src/stm32f4xx_hal_msp.c:21:
/home/lgomez/maestriauba/SMT32/PdM_workspace/Practica04_p2/Drivers/API/inc/API_delay.h:16:8: note: previous declaration of 'delayRead' was here
   16 | bool_t delayRead( delay_t * delay );
      |        ^~~~~~~~~
In file included from /home/lgomez/maestriauba/SMT32/PdM_workspace/Practica04_p2/Drivers/API/inc/API_debounce.h:7,
                 from ../Inc/main.h:27,
                 from ../Drivers/STM32F4xx_HAL_Driver/Src/stm32f4xx_hal_msp.c:21:
/home/lgomez/maestriauba/SMT32/PdM_workspace/Practica04_p2/Drivers/API/inc/API_delay.h:17:6: error: conflicting types for 'delayWrite'
   17 | void delayWrite( delay_t * delay, tick_t duration );
      |      ^~~~~~~~~~
In file included from ../Inc/main.h:26,
                 from ../Drivers/STM32F4xx_HAL_Driver/Src/stm32f4xx_hal_msp.c:21:
/home/lgomez/maestriauba/SMT32/PdM_workspace/Practica04_p2/Drivers/API/inc/API_delay.h:17:6: note: previous declaration of 'delayWrite' was here
   17 | void delayWrite( delay_t * delay, tick_t duration );
      |      ^~~~~~~~~~
make: *** [Drivers/STM32F4xx_HAL_Driver/Src/subdir.mk:292: Drivers/STM32F4xx_HAL_Driver/Src/stm32f4xx_hal_msp.o] Error 1
"make -j8 all" terminated with exit code 2. Build might be incomplete.
20:45:57 **** Incremental Build of configuration Debug for project Practica04_p2 ****
make -j8 all 
arm-none-eabi-gcc "../Src/main.c" -mcpu=cortex-m4 -std=gnu11 -g3 -DDEBUG -DSTM32 -DSTM32F429ZITx -DSTM32F4 -DNUCLEO_F429ZI -DUSE_HAL_DRIVER -DSTM32F429xx -c -I../Inc -I"/home/lgomez/maestriauba/SMT32/PdM_workspace/Practica04_p2/Drivers/STM32F4xx_HAL_Driver/Inc" -I"/home/lgomez/maestriauba/SMT32/PdM_workspace/Practica04_p2/Drivers/CMSIS/Include" -I"/home/lgomez/maestriauba/SMT32/PdM_workspace/Practica04_p2/Drivers/CMSIS/Device/ST/STM32F4xx/Include" -I"/home/lgomez/maestriauba/SMT32/PdM_workspace/Practica04_p2/Drivers/BSP/STM32F4xx_Nucleo_144" -I"/home/lgomez/maestriauba/SMT32/PdM_workspace/Practica04_p2/Drivers/Core/Inc" -I"/home/lgomez/maestriauba/SMT32/PdM_workspace/Practica04_p2/Drivers/API" -I"/home/lgomez/maestriauba/SMT32/PdM_workspace/Practica04_p2/Drivers/API/inc" -O0 -ffunction-sections -fdata-sections -Wall -fstack-usage -fcyclomatic-complexity -MMD -MP -MF"Src/main.d" -MT"Src/main.o" --specs=nano.specs -mfpu=fpv4-sp-d16 -mfloat-abi=hard -mthumb -o "Src/main.o"
arm-none-eabi-gcc "../Drivers/STM32F4xx_HAL_Driver/Src/stm32f4xx_hal_msp.c" -mcpu=cortex-m4 -std=gnu11 -g3 -DDEBUG -DSTM32 -DSTM32F429ZITx -DSTM32F4 -DNUCLEO_F429ZI -DUSE_HAL_DRIVER -DSTM32F429xx -c -I../Inc -I"/home/lgomez/maestriauba/SMT32/PdM_workspace/Practica04_p2/Drivers/STM32F4xx_HAL_Driver/Inc" -I"/home/lgomez/maestriauba/SMT32/PdM_workspace/Practica04_p2/Drivers/CMSIS/Include" -I"/home/lgomez/maestriauba/SMT32/PdM_workspace/Practica04_p2/Drivers/CMSIS/Device/ST/STM32F4xx/Include" -I"/home/lgomez/maestriauba/SMT32/PdM_workspace/Practica04_p2/Drivers/BSP/STM32F4xx_Nucleo_144" -I"/home/lgomez/maestriauba/SMT32/PdM_workspace/Practica04_p2/Drivers/Core/Inc" -I"/home/lgomez/maestriauba/SMT32/PdM_workspace/Practica04_p2/Drivers/API" -I"/home/lgomez/maestriauba/SMT32/PdM_workspace/Practica04_p2/Drivers/API/inc" -O0 -ffunction-sections -fdata-sections -Wall -fstack-usage -fcyclomatic-complexity -MMD -MP -MF"Drivers/STM32F4xx_HAL_Driver/Src/stm32f4xx_hal_msp.d" -MT"Drivers/STM32F4xx_HAL_Driver/Src/stm32f4xx_hal_msp.o" --specs=nano.specs -mfpu=fpv4-sp-d16 -mfloat-abi=hard -mthumb -o "Drivers/STM32F4xx_HAL_Driver/Src/stm32f4xx_hal_msp.o"
arm-none-eabi-gcc "../Drivers/Core/Src/stm32f4xx_it.c" -mcpu=cortex-m4 -std=gnu11 -g3 -DDEBUG -DSTM32 -DSTM32F429ZITx -DSTM32F4 -DNUCLEO_F429ZI -DUSE_HAL_DRIVER -DSTM32F429xx -c -I../Inc -I"/home/lgomez/maestriauba/SMT32/PdM_workspace/Practica04_p2/Drivers/STM32F4xx_HAL_Driver/Inc" -I"/home/lgomez/maestriauba/SMT32/PdM_workspace/Practica04_p2/Drivers/CMSIS/Include" -I"/home/lgomez/maestriauba/SMT32/PdM_workspace/Practica04_p2/Drivers/CMSIS/Device/ST/STM32F4xx/Include" -I"/home/lgomez/maestriauba/SMT32/PdM_workspace/Practica04_p2/Drivers/BSP/STM32F4xx_Nucleo_144" -I"/home/lgomez/maestriauba/SMT32/PdM_workspace/Practica04_p2/Drivers/Core/Inc" -I"/home/lgomez/maestriauba/SMT32/PdM_workspace/Practica04_p2/Drivers/API" -I"/home/lgomez/maestriauba/SMT32/PdM_workspace/Practica04_p2/Drivers/API/inc" -O0 -ffunction-sections -fdata-sections -Wall -fstack-usage -fcyclomatic-complexity -MMD -MP -MF"Drivers/Core/Src/stm32f4xx_it.d" -MT"Drivers/Core/Src/stm32f4xx_it.o" --specs=nano.specs -mfpu=fpv4-sp-d16 -mfloat-abi=hard -mthumb -o "Drivers/Core/Src/stm32f4xx_it.o"
arm-none-eabi-gcc "../Drivers/API/src/API_debounce.c" -mcpu=cortex-m4 -std=gnu11 -g3 -DDEBUG -DSTM32 -DSTM32F429ZITx -DSTM32F4 -DNUCLEO_F429ZI -DUSE_HAL_DRIVER -DSTM32F429xx -c -I../Inc -I"/home/lgomez/maestriauba/SMT32/PdM_workspace/Practica04_p2/Drivers/STM32F4xx_HAL_Driver/Inc" -I"/home/lgomez/maestriauba/SMT32/PdM_workspace/Practica04_p2/Drivers/CMSIS/Include" -I"/home/lgomez/maestriauba/SMT32/PdM_workspace/Practica04_p2/Drivers/CMSIS/Device/ST/STM32F4xx/Include" -I"/home/lgomez/maestriauba/SMT32/PdM_workspace/Practica04_p2/Drivers/BSP/STM32F4xx_Nucleo_144" -I"/home/lgomez/maestriauba/SMT32/PdM_workspace/Practica04_p2/Drivers/Core/Inc" -I"/home/lgomez/maestriauba/SMT32/PdM_workspace/Practica04_p2/Drivers/API" -I"/home/lgomez/maestriauba/SMT32/PdM_workspace/Practica04_p2/Drivers/API/inc" -O0 -ffunction-sections -fdata-sections -Wall -fstack-usage -fcyclomatic-complexity -MMD -MP -MF"Drivers/API/src/API_debounce.d" -MT"Drivers/API/src/API_debounce.o" --specs=nano.specs -mfpu=fpv4-sp-d16 -mfloat-abi=hard -mthumb -o "Drivers/API/src/API_debounce.o"
In file included from ../Drivers/API/src/API_debounce.c:11:
/home/lgomez/maestriauba/SMT32/PdM_workspace/Practica04_p2/Drivers/API/inc/API_debounce.h:18:43: error: unknown type name 'delay_t'
   18 | void debounceFSM_update(debounceState_t*, delay_t* ); // debe leer las entradas, resolver la lógica de
      |                                           ^~~~~~~
make: *** [Drivers/API/src/subdir.mk:22: Drivers/API/src/API_debounce.o] Error 1
make: *** Waiting for unfinished jobs....
"make -j8 all" terminated with exit code 2. Build might be incomplete.
20:50:01 **** Incremental Build of configuration Debug for project Practica04_p2 ****
make -j8 all 
arm-none-eabi-gcc "../Src/main.c" -mcpu=cortex-m4 -std=gnu11 -g3 -DDEBUG -DSTM32 -DSTM32F429ZITx -DSTM32F4 -DNUCLEO_F429ZI -DUSE_HAL_DRIVER -DSTM32F429xx -c -I../Inc -I"/home/lgomez/maestriauba/SMT32/PdM_workspace/Practica04_p2/Drivers/STM32F4xx_HAL_Driver/Inc" -I"/home/lgomez/maestriauba/SMT32/PdM_workspace/Practica04_p2/Drivers/CMSIS/Include" -I"/home/lgomez/maestriauba/SMT32/PdM_workspace/Practica04_p2/Drivers/CMSIS/Device/ST/STM32F4xx/Include" -I"/home/lgomez/maestriauba/SMT32/PdM_workspace/Practica04_p2/Drivers/BSP/STM32F4xx_Nucleo_144" -I"/home/lgomez/maestriauba/SMT32/PdM_workspace/Practica04_p2/Drivers/Core/Inc" -I"/home/lgomez/maestriauba/SMT32/PdM_workspace/Practica04_p2/Drivers/API" -I"/home/lgomez/maestriauba/SMT32/PdM_workspace/Practica04_p2/Drivers/API/inc" -O0 -ffunction-sections -fdata-sections -Wall -fstack-usage -fcyclomatic-complexity -MMD -MP -MF"Src/main.d" -MT"Src/main.o" --specs=nano.specs -mfpu=fpv4-sp-d16 -mfloat-abi=hard -mthumb -o "Src/main.o"
arm-none-eabi-gcc "../Drivers/STM32F4xx_HAL_Driver/Src/stm32f4xx_hal_msp.c" -mcpu=cortex-m4 -std=gnu11 -g3 -DDEBUG -DSTM32 -DSTM32F429ZITx -DSTM32F4 -DNUCLEO_F429ZI -DUSE_HAL_DRIVER -DSTM32F429xx -c -I../Inc -I"/home/lgomez/maestriauba/SMT32/PdM_workspace/Practica04_p2/Drivers/STM32F4xx_HAL_Driver/Inc" -I"/home/lgomez/maestriauba/SMT32/PdM_workspace/Practica04_p2/Drivers/CMSIS/Include" -I"/home/lgomez/maestriauba/SMT32/PdM_workspace/Practica04_p2/Drivers/CMSIS/Device/ST/STM32F4xx/Include" -I"/home/lgomez/maestriauba/SMT32/PdM_workspace/Practica04_p2/Drivers/BSP/STM32F4xx_Nucleo_144" -I"/home/lgomez/maestriauba/SMT32/PdM_workspace/Practica04_p2/Drivers/Core/Inc" -I"/home/lgomez/maestriauba/SMT32/PdM_workspace/Practica04_p2/Drivers/API" -I"/home/lgomez/maestriauba/SMT32/PdM_workspace/Practica04_p2/Drivers/API/inc" -O0 -ffunction-sections -fdata-sections -Wall -fstack-usage -fcyclomatic-complexity -MMD -MP -MF"Drivers/STM32F4xx_HAL_Driver/Src/stm32f4xx_hal_msp.d" -MT"Drivers/STM32F4xx_HAL_Driver/Src/stm32f4xx_hal_msp.o" --specs=nano.specs -mfpu=fpv4-sp-d16 -mfloat-abi=hard -mthumb -o "Drivers/STM32F4xx_HAL_Driver/Src/stm32f4xx_hal_msp.o"
arm-none-eabi-gcc "../Drivers/Core/Src/stm32f4xx_it.c" -mcpu=cortex-m4 -std=gnu11 -g3 -DDEBUG -DSTM32 -DSTM32F429ZITx -DSTM32F4 -DNUCLEO_F429ZI -DUSE_HAL_DRIVER -DSTM32F429xx -c -I../Inc -I"/home/lgomez/maestriauba/SMT32/PdM_workspace/Practica04_p2/Drivers/STM32F4xx_HAL_Driver/Inc" -I"/home/lgomez/maestriauba/SMT32/PdM_workspace/Practica04_p2/Drivers/CMSIS/Include" -I"/home/lgomez/maestriauba/SMT32/PdM_workspace/Practica04_p2/Drivers/CMSIS/Device/ST/STM32F4xx/Include" -I"/home/lgomez/maestriauba/SMT32/PdM_workspace/Practica04_p2/Drivers/BSP/STM32F4xx_Nucleo_144" -I"/home/lgomez/maestriauba/SMT32/PdM_workspace/Practica04_p2/Drivers/Core/Inc" -I"/home/lgomez/maestriauba/SMT32/PdM_workspace/Practica04_p2/Drivers/API" -I"/home/lgomez/maestriauba/SMT32/PdM_workspace/Practica04_p2/Drivers/API/inc" -O0 -ffunction-sections -fdata-sections -Wall -fstack-usage -fcyclomatic-complexity -MMD -MP -MF"Drivers/Core/Src/stm32f4xx_it.d" -MT"Drivers/Core/Src/stm32f4xx_it.o" --specs=nano.specs -mfpu=fpv4-sp-d16 -mfloat-abi=hard -mthumb -o "Drivers/Core/Src/stm32f4xx_it.o"
arm-none-eabi-gcc "../Drivers/API/src/API_debounce.c" -mcpu=cortex-m4 -std=gnu11 -g3 -DDEBUG -DSTM32 -DSTM32F429ZITx -DSTM32F4 -DNUCLEO_F429ZI -DUSE_HAL_DRIVER -DSTM32F429xx -c -I../Inc -I"/home/lgomez/maestriauba/SMT32/PdM_workspace/Practica04_p2/Drivers/STM32F4xx_HAL_Driver/Inc" -I"/home/lgomez/maestriauba/SMT32/PdM_workspace/Practica04_p2/Drivers/CMSIS/Include" -I"/home/lgomez/maestriauba/SMT32/PdM_workspace/Practica04_p2/Drivers/CMSIS/Device/ST/STM32F4xx/Include" -I"/home/lgomez/maestriauba/SMT32/PdM_workspace/Practica04_p2/Drivers/BSP/STM32F4xx_Nucleo_144" -I"/home/lgomez/maestriauba/SMT32/PdM_workspace/Practica04_p2/Drivers/Core/Inc" -I"/home/lgomez/maestriauba/SMT32/PdM_workspace/Practica04_p2/Drivers/API" -I"/home/lgomez/maestriauba/SMT32/PdM_workspace/Practica04_p2/Drivers/API/inc" -O0 -ffunction-sections -fdata-sections -Wall -fstack-usage -fcyclomatic-complexity -MMD -MP -MF"Drivers/API/src/API_debounce.d" -MT"Drivers/API/src/API_debounce.o" --specs=nano.specs -mfpu=fpv4-sp-d16 -mfloat-abi=hard -mthumb -o "Drivers/API/src/API_debounce.o"
In file included from ../Drivers/API/src/API_debounce.c:12:
/home/lgomez/maestriauba/SMT32/PdM_workspace/Practica04_p2/Drivers/API/inc/API_delay.h:13:4: error: conflicting types for 'delay_t'
   13 |  } delay_t;
      |    ^~~~~~~
In file included from ../Drivers/API/src/API_debounce.c:11:
/home/lgomez/maestriauba/SMT32/PdM_workspace/Practica04_p2/Drivers/API/inc/API_debounce.h:9:18: note: previous declaration of 'delay_t' was here
    9 | typedef uint32_t delay_t; // Definicion de delay_t
      |                  ^~~~~~~
../Drivers/API/src/API_debounce.c:30:6: error: conflicting types for 'debounceFSM_update'
   30 | void debounceFSM_update(debounceState_t * currentState, delay_t* delay){
      |      ^~~~~~~~~~~~~~~~~~
In file included from ../Drivers/API/src/API_debounce.c:11:
/home/lgomez/maestriauba/SMT32/PdM_workspace/Practica04_p2/Drivers/API/inc/API_debounce.h:20:6: note: previous declaration of 'debounceFSM_update' was here
   20 | void debounceFSM_update(debounceState_t*, delay_t* ); // debe leer las entradas, resolver la lógica de
      |      ^~~~~~~~~~~~~~~~~~
In file included from ../Inc/main.h:27,
                 from ../Drivers/STM32F4xx_HAL_Driver/Src/stm32f4xx_hal_msp.c:21:
/home/lgomez/maestriauba/SMT32/PdM_workspace/Practica04_p2/Drivers/API/inc/API_debounce.h:9:18: error: conflicting types for 'delay_t'
    9 | typedef uint32_t delay_t; // Definicion de delay_t
      |                  ^~~~~~~
In file included from ../Inc/main.h:26,
                 from ../Drivers/STM32F4xx_HAL_Driver/Src/stm32f4xx_hal_msp.c:21:
/home/lgomez/maestriauba/SMT32/PdM_workspace/Practica04_p2/Drivers/API/inc/API_delay.h:13:4: note: previous declaration of 'delay_t' was here
   13 |  } delay_t;
      |    ^~~~~~~
In file included from ../Inc/main.h:27,
                 from ../Drivers/Core/Src/stm32f4xx_it.c:23:
/home/lgomez/maestriauba/SMT32/PdM_workspace/Practica04_p2/Drivers/API/inc/API_debounce.h:9:18: error: conflicting types for 'delay_t'
    9 | typedef uint32_t delay_t; // Definicion de delay_t
      |                  ^~~~~~~
In file included from ../Inc/main.h:26,
                 from ../Drivers/Core/Src/stm32f4xx_it.c:23:
/home/lgomez/maestriauba/SMT32/PdM_workspace/Practica04_p2/Drivers/API/inc/API_delay.h:13:4: note: previous declaration of 'delay_t' was here
   13 |  } delay_t;
      |    ^~~~~~~
make: *** [Drivers/STM32F4xx_HAL_Driver/Src/subdir.mk:292: Drivers/STM32F4xx_HAL_Driver/Src/stm32f4xx_hal_msp.o] Error 1
make: *** Waiting for unfinished jobs....
make: *** [Drivers/API/src/subdir.mk:22: Drivers/API/src/API_debounce.o] Error 1
make: *** [Drivers/Core/Src/subdir.mk:25: Drivers/Core/Src/stm32f4xx_it.o] Error 1
In file included from ../Inc/main.h:27,
                 from ../Src/main.c:26:
/home/lgomez/maestriauba/SMT32/PdM_workspace/Practica04_p2/Drivers/API/inc/API_debounce.h:9:18: error: conflicting types for 'delay_t'
    9 | typedef uint32_t delay_t; // Definicion de delay_t
      |                  ^~~~~~~
In file included from ../Inc/main.h:26,
                 from ../Src/main.c:26:
/home/lgomez/maestriauba/SMT32/PdM_workspace/Practica04_p2/Drivers/API/inc/API_delay.h:13:4: note: previous declaration of 'delay_t' was here
   13 |  } delay_t;
      |    ^~~~~~~
../Src/main.c: In function 'main':
../Src/main.c:86:12: warning: passing argument 1 of 'delayInit' from incompatible pointer type [-Wincompatible-pointer-types]
   86 |  delayInit(&Delay1, TIME1);
      |            ^~~~~~~
      |            |
      |            delay_t * {aka long unsigned int *}
In file included from ../Inc/main.h:26,
                 from ../Src/main.c:26:
/home/lgomez/maestriauba/SMT32/PdM_workspace/Practica04_p2/Drivers/API/inc/API_delay.h:15:27: note: expected 'delay_t *' but argument is of type 'delay_t *' {aka 'long unsigned int *'}
   15 | void delayInit( delay_t * delay, tick_t duration );
      |                 ~~~~~~~~~~^~~~~
make: *** [Src/subdir.mk:19: Src/main.o] Error 1
"make -j8 all" terminated with exit code 2. Build might be incomplete.
20:52:45 **** Incremental Build of configuration Debug for project Practica04_p2 ****
make -j8 all 
arm-none-eabi-gcc "../Src/main.c" -mcpu=cortex-m4 -std=gnu11 -g3 -DDEBUG -DSTM32 -DSTM32F429ZITx -DSTM32F4 -DNUCLEO_F429ZI -DUSE_HAL_DRIVER -DSTM32F429xx -c -I../Inc -I"/home/lgomez/maestriauba/SMT32/PdM_workspace/Practica04_p2/Drivers/STM32F4xx_HAL_Driver/Inc" -I"/home/lgomez/maestriauba/SMT32/PdM_workspace/Practica04_p2/Drivers/CMSIS/Include" -I"/home/lgomez/maestriauba/SMT32/PdM_workspace/Practica04_p2/Drivers/CMSIS/Device/ST/STM32F4xx/Include" -I"/home/lgomez/maestriauba/SMT32/PdM_workspace/Practica04_p2/Drivers/BSP/STM32F4xx_Nucleo_144" -I"/home/lgomez/maestriauba/SMT32/PdM_workspace/Practica04_p2/Drivers/Core/Inc" -I"/home/lgomez/maestriauba/SMT32/PdM_workspace/Practica04_p2/Drivers/API" -I"/home/lgomez/maestriauba/SMT32/PdM_workspace/Practica04_p2/Drivers/API/inc" -O0 -ffunction-sections -fdata-sections -Wall -fstack-usage -fcyclomatic-complexity -MMD -MP -MF"Src/main.d" -MT"Src/main.o" --specs=nano.specs -mfpu=fpv4-sp-d16 -mfloat-abi=hard -mthumb -o "Src/main.o"
arm-none-eabi-gcc "../Drivers/STM32F4xx_HAL_Driver/Src/stm32f4xx_hal_msp.c" -mcpu=cortex-m4 -std=gnu11 -g3 -DDEBUG -DSTM32 -DSTM32F429ZITx -DSTM32F4 -DNUCLEO_F429ZI -DUSE_HAL_DRIVER -DSTM32F429xx -c -I../Inc -I"/home/lgomez/maestriauba/SMT32/PdM_workspace/Practica04_p2/Drivers/STM32F4xx_HAL_Driver/Inc" -I"/home/lgomez/maestriauba/SMT32/PdM_workspace/Practica04_p2/Drivers/CMSIS/Include" -I"/home/lgomez/maestriauba/SMT32/PdM_workspace/Practica04_p2/Drivers/CMSIS/Device/ST/STM32F4xx/Include" -I"/home/lgomez/maestriauba/SMT32/PdM_workspace/Practica04_p2/Drivers/BSP/STM32F4xx_Nucleo_144" -I"/home/lgomez/maestriauba/SMT32/PdM_workspace/Practica04_p2/Drivers/Core/Inc" -I"/home/lgomez/maestriauba/SMT32/PdM_workspace/Practica04_p2/Drivers/API" -I"/home/lgomez/maestriauba/SMT32/PdM_workspace/Practica04_p2/Drivers/API/inc" -O0 -ffunction-sections -fdata-sections -Wall -fstack-usage -fcyclomatic-complexity -MMD -MP -MF"Drivers/STM32F4xx_HAL_Driver/Src/stm32f4xx_hal_msp.d" -MT"Drivers/STM32F4xx_HAL_Driver/Src/stm32f4xx_hal_msp.o" --specs=nano.specs -mfpu=fpv4-sp-d16 -mfloat-abi=hard -mthumb -o "Drivers/STM32F4xx_HAL_Driver/Src/stm32f4xx_hal_msp.o"
arm-none-eabi-gcc "../Drivers/Core/Src/stm32f4xx_it.c" -mcpu=cortex-m4 -std=gnu11 -g3 -DDEBUG -DSTM32 -DSTM32F429ZITx -DSTM32F4 -DNUCLEO_F429ZI -DUSE_HAL_DRIVER -DSTM32F429xx -c -I../Inc -I"/home/lgomez/maestriauba/SMT32/PdM_workspace/Practica04_p2/Drivers/STM32F4xx_HAL_Driver/Inc" -I"/home/lgomez/maestriauba/SMT32/PdM_workspace/Practica04_p2/Drivers/CMSIS/Include" -I"/home/lgomez/maestriauba/SMT32/PdM_workspace/Practica04_p2/Drivers/CMSIS/Device/ST/STM32F4xx/Include" -I"/home/lgomez/maestriauba/SMT32/PdM_workspace/Practica04_p2/Drivers/BSP/STM32F4xx_Nucleo_144" -I"/home/lgomez/maestriauba/SMT32/PdM_workspace/Practica04_p2/Drivers/Core/Inc" -I"/home/lgomez/maestriauba/SMT32/PdM_workspace/Practica04_p2/Drivers/API" -I"/home/lgomez/maestriauba/SMT32/PdM_workspace/Practica04_p2/Drivers/API/inc" -O0 -ffunction-sections -fdata-sections -Wall -fstack-usage -fcyclomatic-complexity -MMD -MP -MF"Drivers/Core/Src/stm32f4xx_it.d" -MT"Drivers/Core/Src/stm32f4xx_it.o" --specs=nano.specs -mfpu=fpv4-sp-d16 -mfloat-abi=hard -mthumb -o "Drivers/Core/Src/stm32f4xx_it.o"
arm-none-eabi-gcc "../Drivers/API/src/API_debounce.c" -mcpu=cortex-m4 -std=gnu11 -g3 -DDEBUG -DSTM32 -DSTM32F429ZITx -DSTM32F4 -DNUCLEO_F429ZI -DUSE_HAL_DRIVER -DSTM32F429xx -c -I../Inc -I"/home/lgomez/maestriauba/SMT32/PdM_workspace/Practica04_p2/Drivers/STM32F4xx_HAL_Driver/Inc" -I"/home/lgomez/maestriauba/SMT32/PdM_workspace/Practica04_p2/Drivers/CMSIS/Include" -I"/home/lgomez/maestriauba/SMT32/PdM_workspace/Practica04_p2/Drivers/CMSIS/Device/ST/STM32F4xx/Include" -I"/home/lgomez/maestriauba/SMT32/PdM_workspace/Practica04_p2/Drivers/BSP/STM32F4xx_Nucleo_144" -I"/home/lgomez/maestriauba/SMT32/PdM_workspace/Practica04_p2/Drivers/Core/Inc" -I"/home/lgomez/maestriauba/SMT32/PdM_workspace/Practica04_p2/Drivers/API" -I"/home/lgomez/maestriauba/SMT32/PdM_workspace/Practica04_p2/Drivers/API/inc" -O0 -ffunction-sections -fdata-sections -Wall -fstack-usage -fcyclomatic-complexity -MMD -MP -MF"Drivers/API/src/API_debounce.d" -MT"Drivers/API/src/API_debounce.o" --specs=nano.specs -mfpu=fpv4-sp-d16 -mfloat-abi=hard -mthumb -o "Drivers/API/src/API_debounce.o"
In file included from ../Drivers/API/src/API_debounce.c:11:
/home/lgomez/maestriauba/SMT32/PdM_workspace/Practica04_p2/Drivers/API/inc/API_debounce.h:18:43: error: unknown type name 'delay_t'
   18 | void debounceFSM_update(debounceState_t*, delay_t* ); // debe leer las entradas, resolver la lógica de
      |                                           ^~~~~~~
make: *** [Drivers/API/src/subdir.mk:22: Drivers/API/src/API_debounce.o] Error 1
make: *** Waiting for unfinished jobs....
"make -j8 all" terminated with exit code 2. Build might be incomplete.
20:53:35 **** Incremental Build of configuration Debug for project Practica04_p2 ****
make -j8 all 
arm-none-eabi-gcc "../Src/main.c" -mcpu=cortex-m4 -std=gnu11 -g3 -DDEBUG -DSTM32 -DSTM32F429ZITx -DSTM32F4 -DNUCLEO_F429ZI -DUSE_HAL_DRIVER -DSTM32F429xx -c -I../Inc -I"/home/lgomez/maestriauba/SMT32/PdM_workspace/Practica04_p2/Drivers/STM32F4xx_HAL_Driver/Inc" -I"/home/lgomez/maestriauba/SMT32/PdM_workspace/Practica04_p2/Drivers/CMSIS/Include" -I"/home/lgomez/maestriauba/SMT32/PdM_workspace/Practica04_p2/Drivers/CMSIS/Device/ST/STM32F4xx/Include" -I"/home/lgomez/maestriauba/SMT32/PdM_workspace/Practica04_p2/Drivers/BSP/STM32F4xx_Nucleo_144" -I"/home/lgomez/maestriauba/SMT32/PdM_workspace/Practica04_p2/Drivers/Core/Inc" -I"/home/lgomez/maestriauba/SMT32/PdM_workspace/Practica04_p2/Drivers/API" -I"/home/lgomez/maestriauba/SMT32/PdM_workspace/Practica04_p2/Drivers/API/inc" -O0 -ffunction-sections -fdata-sections -Wall -fstack-usage -fcyclomatic-complexity -MMD -MP -MF"Src/main.d" -MT"Src/main.o" --specs=nano.specs -mfpu=fpv4-sp-d16 -mfloat-abi=hard -mthumb -o "Src/main.o"
arm-none-eabi-gcc "../Drivers/STM32F4xx_HAL_Driver/Src/stm32f4xx_hal_msp.c" -mcpu=cortex-m4 -std=gnu11 -g3 -DDEBUG -DSTM32 -DSTM32F429ZITx -DSTM32F4 -DNUCLEO_F429ZI -DUSE_HAL_DRIVER -DSTM32F429xx -c -I../Inc -I"/home/lgomez/maestriauba/SMT32/PdM_workspace/Practica04_p2/Drivers/STM32F4xx_HAL_Driver/Inc" -I"/home/lgomez/maestriauba/SMT32/PdM_workspace/Practica04_p2/Drivers/CMSIS/Include" -I"/home/lgomez/maestriauba/SMT32/PdM_workspace/Practica04_p2/Drivers/CMSIS/Device/ST/STM32F4xx/Include" -I"/home/lgomez/maestriauba/SMT32/PdM_workspace/Practica04_p2/Drivers/BSP/STM32F4xx_Nucleo_144" -I"/home/lgomez/maestriauba/SMT32/PdM_workspace/Practica04_p2/Drivers/Core/Inc" -I"/home/lgomez/maestriauba/SMT32/PdM_workspace/Practica04_p2/Drivers/API" -I"/home/lgomez/maestriauba/SMT32/PdM_workspace/Practica04_p2/Drivers/API/inc" -O0 -ffunction-sections -fdata-sections -Wall -fstack-usage -fcyclomatic-complexity -MMD -MP -MF"Drivers/STM32F4xx_HAL_Driver/Src/stm32f4xx_hal_msp.d" -MT"Drivers/STM32F4xx_HAL_Driver/Src/stm32f4xx_hal_msp.o" --specs=nano.specs -mfpu=fpv4-sp-d16 -mfloat-abi=hard -mthumb -o "Drivers/STM32F4xx_HAL_Driver/Src/stm32f4xx_hal_msp.o"
arm-none-eabi-gcc "../Drivers/Core/Src/stm32f4xx_it.c" -mcpu=cortex-m4 -std=gnu11 -g3 -DDEBUG -DSTM32 -DSTM32F429ZITx -DSTM32F4 -DNUCLEO_F429ZI -DUSE_HAL_DRIVER -DSTM32F429xx -c -I../Inc -I"/home/lgomez/maestriauba/SMT32/PdM_workspace/Practica04_p2/Drivers/STM32F4xx_HAL_Driver/Inc" -I"/home/lgomez/maestriauba/SMT32/PdM_workspace/Practica04_p2/Drivers/CMSIS/Include" -I"/home/lgomez/maestriauba/SMT32/PdM_workspace/Practica04_p2/Drivers/CMSIS/Device/ST/STM32F4xx/Include" -I"/home/lgomez/maestriauba/SMT32/PdM_workspace/Practica04_p2/Drivers/BSP/STM32F4xx_Nucleo_144" -I"/home/lgomez/maestriauba/SMT32/PdM_workspace/Practica04_p2/Drivers/Core/Inc" -I"/home/lgomez/maestriauba/SMT32/PdM_workspace/Practica04_p2/Drivers/API" -I"/home/lgomez/maestriauba/SMT32/PdM_workspace/Practica04_p2/Drivers/API/inc" -O0 -ffunction-sections -fdata-sections -Wall -fstack-usage -fcyclomatic-complexity -MMD -MP -MF"Drivers/Core/Src/stm32f4xx_it.d" -MT"Drivers/Core/Src/stm32f4xx_it.o" --specs=nano.specs -mfpu=fpv4-sp-d16 -mfloat-abi=hard -mthumb -o "Drivers/Core/Src/stm32f4xx_it.o"
arm-none-eabi-gcc "../Drivers/API/src/API_debounce.c" -mcpu=cortex-m4 -std=gnu11 -g3 -DDEBUG -DSTM32 -DSTM32F429ZITx -DSTM32F4 -DNUCLEO_F429ZI -DUSE_HAL_DRIVER -DSTM32F429xx -c -I../Inc -I"/home/lgomez/maestriauba/SMT32/PdM_workspace/Practica04_p2/Drivers/STM32F4xx_HAL_Driver/Inc" -I"/home/lgomez/maestriauba/SMT32/PdM_workspace/Practica04_p2/Drivers/CMSIS/Include" -I"/home/lgomez/maestriauba/SMT32/PdM_workspace/Practica04_p2/Drivers/CMSIS/Device/ST/STM32F4xx/Include" -I"/home/lgomez/maestriauba/SMT32/PdM_workspace/Practica04_p2/Drivers/BSP/STM32F4xx_Nucleo_144" -I"/home/lgomez/maestriauba/SMT32/PdM_workspace/Practica04_p2/Drivers/Core/Inc" -I"/home/lgomez/maestriauba/SMT32/PdM_workspace/Practica04_p2/Drivers/API" -I"/home/lgomez/maestriauba/SMT32/PdM_workspace/Practica04_p2/Drivers/API/inc" -O0 -ffunction-sections -fdata-sections -Wall -fstack-usage -fcyclomatic-complexity -MMD -MP -MF"Drivers/API/src/API_debounce.d" -MT"Drivers/API/src/API_debounce.o" --specs=nano.specs -mfpu=fpv4-sp-d16 -mfloat-abi=hard -mthumb -o "Drivers/API/src/API_debounce.o"
In file included from /home/lgomez/maestriauba/SMT32/PdM_workspace/Practica04_p2/Drivers/API/inc/API_debounce.h:3,
                 from ../Inc/main.h:27,
                 from ../Src/main.c:26:
/home/lgomez/maestriauba/SMT32/PdM_workspace/Practica04_p2/Drivers/API/inc/API_delay.h:13:4: error: conflicting types for 'delay_t'
   13 |  } delay_t;
      |    ^~~~~~~
In file included from ../Inc/main.h:26,
                 from ../Src/main.c:26:
/home/lgomez/maestriauba/SMT32/PdM_workspace/Practica04_p2/Drivers/API/inc/API_delay.h:13:4: note: previous declaration of 'delay_t' was here
   13 |  } delay_t;
      |    ^~~~~~~
In file included from /home/lgomez/maestriauba/SMT32/PdM_workspace/Practica04_p2/Drivers/API/inc/API_debounce.h:3,
                 from ../Inc/main.h:27,
                 from ../Src/main.c:26:
/home/lgomez/maestriauba/SMT32/PdM_workspace/Practica04_p2/Drivers/API/inc/API_delay.h:15:6: error: conflicting types for 'delayInit'
   15 | void delayInit( delay_t * delay, tick_t duration );
      |      ^~~~~~~~~
In file included from ../Inc/main.h:26,
                 from ../Src/main.c:26:
/home/lgomez/maestriauba/SMT32/PdM_workspace/Practica04_p2/Drivers/API/inc/API_delay.h:15:6: note: previous declaration of 'delayInit' was here
   15 | void delayInit( delay_t * delay, tick_t duration );
      |      ^~~~~~~~~
In file included from /home/lgomez/maestriauba/SMT32/PdM_workspace/Practica04_p2/Drivers/API/inc/API_debounce.h:3,
                 from ../Inc/main.h:27,
                 from ../Src/main.c:26:
/home/lgomez/maestriauba/SMT32/PdM_workspace/Practica04_p2/Drivers/API/inc/API_delay.h:16:8: error: conflicting types for 'delayRead'
   16 | bool_t delayRead( delay_t * delay );
      |        ^~~~~~~~~
In file included from ../Inc/main.h:26,
                 from ../Src/main.c:26:
/home/lgomez/maestriauba/SMT32/PdM_workspace/Practica04_p2/Drivers/API/inc/API_delay.h:16:8: note: previous declaration of 'delayRead' was here
   16 | bool_t delayRead( delay_t * delay );
      |        ^~~~~~~~~
In file included from /home/lgomez/maestriauba/SMT32/PdM_workspace/Practica04_p2/Drivers/API/inc/API_debounce.h:3,
                 from ../Inc/main.h:27,
                 from ../Src/main.c:26:
/home/lgomez/maestriauba/SMT32/PdM_workspace/Practica04_p2/Drivers/API/inc/API_delay.h:17:6: error: conflicting types for 'delayWrite'
   17 | void delayWrite( delay_t * delay, tick_t duration );
      |      ^~~~~~~~~~
In file included from ../Inc/main.h:26,
                 from ../Src/main.c:26:
/home/lgomez/maestriauba/SMT32/PdM_workspace/Practica04_p2/Drivers/API/inc/API_delay.h:17:6: note: previous declaration of 'delayWrite' was here
   17 | void delayWrite( delay_t * delay, tick_t duration );
      |      ^~~~~~~~~~
make: *** [Src/subdir.mk:19: Src/main.o] Error 1
make: *** Waiting for unfinished jobs....
In file included from /home/lgomez/maestriauba/SMT32/PdM_workspace/Practica04_p2/Drivers/API/inc/API_debounce.h:3,
                 from ../Inc/main.h:27,
                 from ../Drivers/Core/Src/stm32f4xx_it.c:23:
/home/lgomez/maestriauba/SMT32/PdM_workspace/Practica04_p2/Drivers/API/inc/API_delay.h:13:4: error: conflicting types for 'delay_t'
   13 |  } delay_t;
      |    ^~~~~~~
In file included from ../Inc/main.h:26,
                 from ../Drivers/Core/Src/stm32f4xx_it.c:23:
/home/lgomez/maestriauba/SMT32/PdM_workspace/Practica04_p2/Drivers/API/inc/API_delay.h:13:4: note: previous declaration of 'delay_t' was here
   13 |  } delay_t;
      |    ^~~~~~~
In file included from /home/lgomez/maestriauba/SMT32/PdM_workspace/Practica04_p2/Drivers/API/inc/API_debounce.h:3,
                 from ../Inc/main.h:27,
                 from ../Drivers/Core/Src/stm32f4xx_it.c:23:
/home/lgomez/maestriauba/SMT32/PdM_workspace/Practica04_p2/Drivers/API/inc/API_delay.h:15:6: error: conflicting types for 'delayInit'
   15 | void delayInit( delay_t * delay, tick_t duration );
      |      ^~~~~~~~~
In file included from ../Inc/main.h:26,
                 from ../Drivers/Core/Src/stm32f4xx_it.c:23:
/home/lgomez/maestriauba/SMT32/PdM_workspace/Practica04_p2/Drivers/API/inc/API_delay.h:15:6: note: previous declaration of 'delayInit' was here
   15 | void delayInit( delay_t * delay, tick_t duration );
      |      ^~~~~~~~~
In file included from /home/lgomez/maestriauba/SMT32/PdM_workspace/Practica04_p2/Drivers/API/inc/API_debounce.h:3,
                 from ../Inc/main.h:27,
                 from ../Drivers/Core/Src/stm32f4xx_it.c:23:
/home/lgomez/maestriauba/SMT32/PdM_workspace/Practica04_p2/Drivers/API/inc/API_delay.h:16:8: error: conflicting types for 'delayRead'
   16 | bool_t delayRead( delay_t * delay );
      |        ^~~~~~~~~
In file included from ../Inc/main.h:26,
                 from ../Drivers/Core/Src/stm32f4xx_it.c:23:
/home/lgomez/maestriauba/SMT32/PdM_workspace/Practica04_p2/Drivers/API/inc/API_delay.h:16:8: note: previous declaration of 'delayRead' was here
   16 | bool_t delayRead( delay_t * delay );
      |        ^~~~~~~~~
In file included from /home/lgomez/maestriauba/SMT32/PdM_workspace/Practica04_p2/Drivers/API/inc/API_debounce.h:3,
                 from ../Inc/main.h:27,
                 from ../Drivers/Core/Src/stm32f4xx_it.c:23:
/home/lgomez/maestriauba/SMT32/PdM_workspace/Practica04_p2/Drivers/API/inc/API_delay.h:17:6: error: conflicting types for 'delayWrite'
   17 | void delayWrite( delay_t * delay, tick_t duration );
      |      ^~~~~~~~~~
In file included from ../Inc/main.h:26,
                 from ../Drivers/Core/Src/stm32f4xx_it.c:23:
/home/lgomez/maestriauba/SMT32/PdM_workspace/Practica04_p2/Drivers/API/inc/API_delay.h:17:6: note: previous declaration of 'delayWrite' was here
   17 | void delayWrite( delay_t * delay, tick_t duration );
      |      ^~~~~~~~~~
make: *** [Drivers/Core/Src/subdir.mk:25: Drivers/Core/Src/stm32f4xx_it.o] Error 1
In file included from ../Drivers/API/src/API_debounce.c:12:
/home/lgomez/maestriauba/SMT32/PdM_workspace/Practica04_p2/Drivers/API/inc/API_delay.h:13:4: error: conflicting types for 'delay_t'
   13 |  } delay_t;
      |    ^~~~~~~
In file included from /home/lgomez/maestriauba/SMT32/PdM_workspace/Practica04_p2/Drivers/API/inc/API_debounce.h:3,
                 from ../Drivers/API/src/API_debounce.c:11:
/home/lgomez/maestriauba/SMT32/PdM_workspace/Practica04_p2/Drivers/API/inc/API_delay.h:13:4: note: previous declaration of 'delay_t' was here
   13 |  } delay_t;
      |    ^~~~~~~
In file included from ../Drivers/API/src/API_debounce.c:12:
/home/lgomez/maestriauba/SMT32/PdM_workspace/Practica04_p2/Drivers/API/inc/API_delay.h:15:6: error: conflicting types for 'delayInit'
   15 | void delayInit( delay_t * delay, tick_t duration );
      |      ^~~~~~~~~
In file included from /home/lgomez/maestriauba/SMT32/PdM_workspace/Practica04_p2/Drivers/API/inc/API_debounce.h:3,
                 from ../Drivers/API/src/API_debounce.c:11:
/home/lgomez/maestriauba/SMT32/PdM_workspace/Practica04_p2/Drivers/API/inc/API_delay.h:15:6: note: previous declaration of 'delayInit' was here
   15 | void delayInit( delay_t * delay, tick_t duration );
      |      ^~~~~~~~~
In file included from ../Drivers/API/src/API_debounce.c:12:
/home/lgomez/maestriauba/SMT32/PdM_workspace/Practica04_p2/Drivers/API/inc/API_delay.h:16:8: error: conflicting types for 'delayRead'
   16 | bool_t delayRead( delay_t * delay );
      |        ^~~~~~~~~
In file included from /home/lgomez/maestriauba/SMT32/PdM_workspace/Practica04_p2/Drivers/API/inc/API_debounce.h:3,
                 from ../Drivers/API/src/API_debounce.c:11:
/home/lgomez/maestriauba/SMT32/PdM_workspace/Practica04_p2/Drivers/API/inc/API_delay.h:16:8: note: previous declaration of 'delayRead' was here
   16 | bool_t delayRead( delay_t * delay );
      |        ^~~~~~~~~
In file included from ../Drivers/API/src/API_debounce.c:12:
/home/lgomez/maestriauba/SMT32/PdM_workspace/Practica04_p2/Drivers/API/inc/API_delay.h:17:6: error: conflicting types for 'delayWrite'
   17 | void delayWrite( delay_t * delay, tick_t duration );
      |      ^~~~~~~~~~
In file included from /home/lgomez/maestriauba/SMT32/PdM_workspace/Practica04_p2/Drivers/API/inc/API_debounce.h:3,
                 from ../Drivers/API/src/API_debounce.c:11:
/home/lgomez/maestriauba/SMT32/PdM_workspace/Practica04_p2/Drivers/API/inc/API_delay.h:17:6: note: previous declaration of 'delayWrite' was here
   17 | void delayWrite( delay_t * delay, tick_t duration );
      |      ^~~~~~~~~~
../Drivers/API/src/API_debounce.c:30:6: error: conflicting types for 'debounceFSM_update'
   30 | void debounceFSM_update(debounceState_t * currentState, delay_t* delay){
      |      ^~~~~~~~~~~~~~~~~~
In file included from ../Drivers/API/src/API_debounce.c:11:
/home/lgomez/maestriauba/SMT32/PdM_workspace/Practica04_p2/Drivers/API/inc/API_debounce.h:19:6: note: previous declaration of 'debounceFSM_update' was here
   19 | void debounceFSM_update(debounceState_t*, delay_t* ); // debe leer las entradas, resolver la lógica de
      |      ^~~~~~~~~~~~~~~~~~
make: *** [Drivers/API/src/subdir.mk:22: Drivers/API/src/API_debounce.o] Error 1
In file included from /home/lgomez/maestriauba/SMT32/PdM_workspace/Practica04_p2/Drivers/API/inc/API_debounce.h:3,
                 from ../Inc/main.h:27,
                 from ../Drivers/STM32F4xx_HAL_Driver/Src/stm32f4xx_hal_msp.c:21:
/home/lgomez/maestriauba/SMT32/PdM_workspace/Practica04_p2/Drivers/API/inc/API_delay.h:13:4: error: conflicting types for 'delay_t'
   13 |  } delay_t;
      |    ^~~~~~~
In file included from ../Inc/main.h:26,
                 from ../Drivers/STM32F4xx_HAL_Driver/Src/stm32f4xx_hal_msp.c:21:
/home/lgomez/maestriauba/SMT32/PdM_workspace/Practica04_p2/Drivers/API/inc/API_delay.h:13:4: note: previous declaration of 'delay_t' was here
   13 |  } delay_t;
      |    ^~~~~~~
In file included from /home/lgomez/maestriauba/SMT32/PdM_workspace/Practica04_p2/Drivers/API/inc/API_debounce.h:3,
                 from ../Inc/main.h:27,
                 from ../Drivers/STM32F4xx_HAL_Driver/Src/stm32f4xx_hal_msp.c:21:
/home/lgomez/maestriauba/SMT32/PdM_workspace/Practica04_p2/Drivers/API/inc/API_delay.h:15:6: error: conflicting types for 'delayInit'
   15 | void delayInit( delay_t * delay, tick_t duration );
      |      ^~~~~~~~~
In file included from ../Inc/main.h:26,
                 from ../Drivers/STM32F4xx_HAL_Driver/Src/stm32f4xx_hal_msp.c:21:
/home/lgomez/maestriauba/SMT32/PdM_workspace/Practica04_p2/Drivers/API/inc/API_delay.h:15:6: note: previous declaration of 'delayInit' was here
   15 | void delayInit( delay_t * delay, tick_t duration );
      |      ^~~~~~~~~
In file included from /home/lgomez/maestriauba/SMT32/PdM_workspace/Practica04_p2/Drivers/API/inc/API_debounce.h:3,
                 from ../Inc/main.h:27,
                 from ../Drivers/STM32F4xx_HAL_Driver/Src/stm32f4xx_hal_msp.c:21:
/home/lgomez/maestriauba/SMT32/PdM_workspace/Practica04_p2/Drivers/API/inc/API_delay.h:16:8: error: conflicting types for 'delayRead'
   16 | bool_t delayRead( delay_t * delay );
      |        ^~~~~~~~~
In file included from ../Inc/main.h:26,
                 from ../Drivers/STM32F4xx_HAL_Driver/Src/stm32f4xx_hal_msp.c:21:
/home/lgomez/maestriauba/SMT32/PdM_workspace/Practica04_p2/Drivers/API/inc/API_delay.h:16:8: note: previous declaration of 'delayRead' was here
   16 | bool_t delayRead( delay_t * delay );
      |        ^~~~~~~~~
In file included from /home/lgomez/maestriauba/SMT32/PdM_workspace/Practica04_p2/Drivers/API/inc/API_debounce.h:3,
                 from ../Inc/main.h:27,
                 from ../Drivers/STM32F4xx_HAL_Driver/Src/stm32f4xx_hal_msp.c:21:
/home/lgomez/maestriauba/SMT32/PdM_workspace/Practica04_p2/Drivers/API/inc/API_delay.h:17:6: error: conflicting types for 'delayWrite'
   17 | void delayWrite( delay_t * delay, tick_t duration );
      |      ^~~~~~~~~~
In file included from ../Inc/main.h:26,
                 from ../Drivers/STM32F4xx_HAL_Driver/Src/stm32f4xx_hal_msp.c:21:
/home/lgomez/maestriauba/SMT32/PdM_workspace/Practica04_p2/Drivers/API/inc/API_delay.h:17:6: note: previous declaration of 'delayWrite' was here
   17 | void delayWrite( delay_t * delay, tick_t duration );
      |      ^~~~~~~~~~
make: *** [Drivers/STM32F4xx_HAL_Driver/Src/subdir.mk:292: Drivers/STM32F4xx_HAL_Driver/Src/stm32f4xx_hal_msp.o] Error 1
"make -j8 all" terminated with exit code 2. Build might be incomplete.
20:53:49 **** Incremental Build of configuration Debug for project Practica04_p2 ****
make -j8 all 
arm-none-eabi-gcc "../Src/main.c" -mcpu=cortex-m4 -std=gnu11 -g3 -DDEBUG -DSTM32 -DSTM32F429ZITx -DSTM32F4 -DNUCLEO_F429ZI -DUSE_HAL_DRIVER -DSTM32F429xx -c -I../Inc -I"/home/lgomez/maestriauba/SMT32/PdM_workspace/Practica04_p2/Drivers/STM32F4xx_HAL_Driver/Inc" -I"/home/lgomez/maestriauba/SMT32/PdM_workspace/Practica04_p2/Drivers/CMSIS/Include" -I"/home/lgomez/maestriauba/SMT32/PdM_workspace/Practica04_p2/Drivers/CMSIS/Device/ST/STM32F4xx/Include" -I"/home/lgomez/maestriauba/SMT32/PdM_workspace/Practica04_p2/Drivers/BSP/STM32F4xx_Nucleo_144" -I"/home/lgomez/maestriauba/SMT32/PdM_workspace/Practica04_p2/Drivers/Core/Inc" -I"/home/lgomez/maestriauba/SMT32/PdM_workspace/Practica04_p2/Drivers/API" -I"/home/lgomez/maestriauba/SMT32/PdM_workspace/Practica04_p2/Drivers/API/inc" -O0 -ffunction-sections -fdata-sections -Wall -fstack-usage -fcyclomatic-complexity -MMD -MP -MF"Src/main.d" -MT"Src/main.o" --specs=nano.specs -mfpu=fpv4-sp-d16 -mfloat-abi=hard -mthumb -o "Src/main.o"
arm-none-eabi-gcc "../Drivers/STM32F4xx_HAL_Driver/Src/stm32f4xx_hal_msp.c" -mcpu=cortex-m4 -std=gnu11 -g3 -DDEBUG -DSTM32 -DSTM32F429ZITx -DSTM32F4 -DNUCLEO_F429ZI -DUSE_HAL_DRIVER -DSTM32F429xx -c -I../Inc -I"/home/lgomez/maestriauba/SMT32/PdM_workspace/Practica04_p2/Drivers/STM32F4xx_HAL_Driver/Inc" -I"/home/lgomez/maestriauba/SMT32/PdM_workspace/Practica04_p2/Drivers/CMSIS/Include" -I"/home/lgomez/maestriauba/SMT32/PdM_workspace/Practica04_p2/Drivers/CMSIS/Device/ST/STM32F4xx/Include" -I"/home/lgomez/maestriauba/SMT32/PdM_workspace/Practica04_p2/Drivers/BSP/STM32F4xx_Nucleo_144" -I"/home/lgomez/maestriauba/SMT32/PdM_workspace/Practica04_p2/Drivers/Core/Inc" -I"/home/lgomez/maestriauba/SMT32/PdM_workspace/Practica04_p2/Drivers/API" -I"/home/lgomez/maestriauba/SMT32/PdM_workspace/Practica04_p2/Drivers/API/inc" -O0 -ffunction-sections -fdata-sections -Wall -fstack-usage -fcyclomatic-complexity -MMD -MP -MF"Drivers/STM32F4xx_HAL_Driver/Src/stm32f4xx_hal_msp.d" -MT"Drivers/STM32F4xx_HAL_Driver/Src/stm32f4xx_hal_msp.o" --specs=nano.specs -mfpu=fpv4-sp-d16 -mfloat-abi=hard -mthumb -o "Drivers/STM32F4xx_HAL_Driver/Src/stm32f4xx_hal_msp.o"
arm-none-eabi-gcc "../Drivers/Core/Src/stm32f4xx_it.c" -mcpu=cortex-m4 -std=gnu11 -g3 -DDEBUG -DSTM32 -DSTM32F429ZITx -DSTM32F4 -DNUCLEO_F429ZI -DUSE_HAL_DRIVER -DSTM32F429xx -c -I../Inc -I"/home/lgomez/maestriauba/SMT32/PdM_workspace/Practica04_p2/Drivers/STM32F4xx_HAL_Driver/Inc" -I"/home/lgomez/maestriauba/SMT32/PdM_workspace/Practica04_p2/Drivers/CMSIS/Include" -I"/home/lgomez/maestriauba/SMT32/PdM_workspace/Practica04_p2/Drivers/CMSIS/Device/ST/STM32F4xx/Include" -I"/home/lgomez/maestriauba/SMT32/PdM_workspace/Practica04_p2/Drivers/BSP/STM32F4xx_Nucleo_144" -I"/home/lgomez/maestriauba/SMT32/PdM_workspace/Practica04_p2/Drivers/Core/Inc" -I"/home/lgomez/maestriauba/SMT32/PdM_workspace/Practica04_p2/Drivers/API" -I"/home/lgomez/maestriauba/SMT32/PdM_workspace/Practica04_p2/Drivers/API/inc" -O0 -ffunction-sections -fdata-sections -Wall -fstack-usage -fcyclomatic-complexity -MMD -MP -MF"Drivers/Core/Src/stm32f4xx_it.d" -MT"Drivers/Core/Src/stm32f4xx_it.o" --specs=nano.specs -mfpu=fpv4-sp-d16 -mfloat-abi=hard -mthumb -o "Drivers/Core/Src/stm32f4xx_it.o"
arm-none-eabi-gcc "../Drivers/API/src/API_debounce.c" -mcpu=cortex-m4 -std=gnu11 -g3 -DDEBUG -DSTM32 -DSTM32F429ZITx -DSTM32F4 -DNUCLEO_F429ZI -DUSE_HAL_DRIVER -DSTM32F429xx -c -I../Inc -I"/home/lgomez/maestriauba/SMT32/PdM_workspace/Practica04_p2/Drivers/STM32F4xx_HAL_Driver/Inc" -I"/home/lgomez/maestriauba/SMT32/PdM_workspace/Practica04_p2/Drivers/CMSIS/Include" -I"/home/lgomez/maestriauba/SMT32/PdM_workspace/Practica04_p2/Drivers/CMSIS/Device/ST/STM32F4xx/Include" -I"/home/lgomez/maestriauba/SMT32/PdM_workspace/Practica04_p2/Drivers/BSP/STM32F4xx_Nucleo_144" -I"/home/lgomez/maestriauba/SMT32/PdM_workspace/Practica04_p2/Drivers/Core/Inc" -I"/home/lgomez/maestriauba/SMT32/PdM_workspace/Practica04_p2/Drivers/API" -I"/home/lgomez/maestriauba/SMT32/PdM_workspace/Practica04_p2/Drivers/API/inc" -O0 -ffunction-sections -fdata-sections -Wall -fstack-usage -fcyclomatic-complexity -MMD -MP -MF"Drivers/API/src/API_debounce.d" -MT"Drivers/API/src/API_debounce.o" --specs=nano.specs -mfpu=fpv4-sp-d16 -mfloat-abi=hard -mthumb -o "Drivers/API/src/API_debounce.o"
In file included from ../Drivers/API/src/API_debounce.c:12:
/home/lgomez/maestriauba/SMT32/PdM_workspace/Practica04_p2/Drivers/API/inc/API_delay.h:13:4: error: conflicting types for 'delay_t'
   13 |  } delay_t;
      |    ^~~~~~~
In file included from /home/lgomez/maestriauba/SMT32/PdM_workspace/Practica04_p2/Drivers/API/inc/API_debounce.h:3,
                 from ../Drivers/API/src/API_debounce.c:11:
/home/lgomez/maestriauba/SMT32/PdM_workspace/Practica04_p2/Drivers/API/inc/API_delay.h:13:4: note: previous declaration of 'delay_t' was here
   13 |  } delay_t;
      |    ^~~~~~~
In file included from ../Drivers/API/src/API_debounce.c:12:
/home/lgomez/maestriauba/SMT32/PdM_workspace/Practica04_p2/Drivers/API/inc/API_delay.h:15:6: error: conflicting types for 'delayInit'
   15 | void delayInit( delay_t * delay, tick_t duration );
      |      ^~~~~~~~~
In file included from /home/lgomez/maestriauba/SMT32/PdM_workspace/Practica04_p2/Drivers/API/inc/API_debounce.h:3,
                 from ../Drivers/API/src/API_debounce.c:11:
/home/lgomez/maestriauba/SMT32/PdM_workspace/Practica04_p2/Drivers/API/inc/API_delay.h:15:6: note: previous declaration of 'delayInit' was here
   15 | void delayInit( delay_t * delay, tick_t duration );
      |      ^~~~~~~~~
In file included from ../Drivers/API/src/API_debounce.c:12:
/home/lgomez/maestriauba/SMT32/PdM_workspace/Practica04_p2/Drivers/API/inc/API_delay.h:16:8: error: conflicting types for 'delayRead'
   16 | bool_t delayRead( delay_t * delay );
      |        ^~~~~~~~~
In file included from /home/lgomez/maestriauba/SMT32/PdM_workspace/Practica04_p2/Drivers/API/inc/API_debounce.h:3,
                 from ../Drivers/API/src/API_debounce.c:11:
/home/lgomez/maestriauba/SMT32/PdM_workspace/Practica04_p2/Drivers/API/inc/API_delay.h:16:8: note: previous declaration of 'delayRead' was here
   16 | bool_t delayRead( delay_t * delay );
      |        ^~~~~~~~~
In file included from ../Drivers/API/src/API_debounce.c:12:
/home/lgomez/maestriauba/SMT32/PdM_workspace/Practica04_p2/Drivers/API/inc/API_delay.h:17:6: error: conflicting types for 'delayWrite'
   17 | void delayWrite( delay_t * delay, tick_t duration );
      |      ^~~~~~~~~~
In file included from /home/lgomez/maestriauba/SMT32/PdM_workspace/Practica04_p2/Drivers/API/inc/API_debounce.h:3,
                 from ../Drivers/API/src/API_debounce.c:11:
/home/lgomez/maestriauba/SMT32/PdM_workspace/Practica04_p2/Drivers/API/inc/API_delay.h:17:6: note: previous declaration of 'delayWrite' was here
   17 | void delayWrite( delay_t * delay, tick_t duration );
      |      ^~~~~~~~~~
../Drivers/API/src/API_debounce.c:30:6: error: conflicting types for 'debounceFSM_update'
   30 | void debounceFSM_update(debounceState_t * currentState, delay_t* delay){
      |      ^~~~~~~~~~~~~~~~~~
In file included from ../Drivers/API/src/API_debounce.c:11:
/home/lgomez/maestriauba/SMT32/PdM_workspace/Practica04_p2/Drivers/API/inc/API_debounce.h:19:6: note: previous declaration of 'debounceFSM_update' was here
   19 | void debounceFSM_update(debounceState_t*, delay_t* ); // debe leer las entradas, resolver la lógica de
      |      ^~~~~~~~~~~~~~~~~~
In file included from /home/lgomez/maestriauba/SMT32/PdM_workspace/Practica04_p2/Drivers/API/inc/API_debounce.h:3,
                 from ../Inc/main.h:27,
                 from ../Drivers/STM32F4xx_HAL_Driver/Src/stm32f4xx_hal_msp.c:21:
/home/lgomez/maestriauba/SMT32/PdM_workspace/Practica04_p2/Drivers/API/inc/API_delay.h:13:4: error: conflicting types for 'delay_t'
   13 |  } delay_t;
      |    ^~~~~~~
In file included from ../Inc/main.h:26,
                 from ../Drivers/STM32F4xx_HAL_Driver/Src/stm32f4xx_hal_msp.c:21:
/home/lgomez/maestriauba/SMT32/PdM_workspace/Practica04_p2/Drivers/API/inc/API_delay.h:13:4: note: previous declaration of 'delay_t' was here
   13 |  } delay_t;
      |    ^~~~~~~
In file included from /home/lgomez/maestriauba/SMT32/PdM_workspace/Practica04_p2/Drivers/API/inc/API_debounce.h:3,
                 from ../Inc/main.h:27,
                 from ../Drivers/STM32F4xx_HAL_Driver/Src/stm32f4xx_hal_msp.c:21:
/home/lgomez/maestriauba/SMT32/PdM_workspace/Practica04_p2/Drivers/API/inc/API_delay.h:15:6: error: conflicting types for 'delayInit'
   15 | void delayInit( delay_t * delay, tick_t duration );
      |      ^~~~~~~~~
In file included from ../Inc/main.h:26,
                 from ../Drivers/STM32F4xx_HAL_Driver/Src/stm32f4xx_hal_msp.c:21:
/home/lgomez/maestriauba/SMT32/PdM_workspace/Practica04_p2/Drivers/API/inc/API_delay.h:15:6: note: previous declaration of 'delayInit' was here
   15 | void delayInit( delay_t * delay, tick_t duration );
      |      ^~~~~~~~~
In file included from /home/lgomez/maestriauba/SMT32/PdM_workspace/Practica04_p2/Drivers/API/inc/API_debounce.h:3,
                 from ../Inc/main.h:27,
                 from ../Drivers/STM32F4xx_HAL_Driver/Src/stm32f4xx_hal_msp.c:21:
/home/lgomez/maestriauba/SMT32/PdM_workspace/Practica04_p2/Drivers/API/inc/API_delay.h:16:8: error: conflicting types for 'delayRead'
   16 | bool_t delayRead( delay_t * delay );
      |        ^~~~~~~~~
In file included from ../Inc/main.h:26,
                 from ../Drivers/STM32F4xx_HAL_Driver/Src/stm32f4xx_hal_msp.c:21:
/home/lgomez/maestriauba/SMT32/PdM_workspace/Practica04_p2/Drivers/API/inc/API_delay.h:16:8: note: previous declaration of 'delayRead' was here
   16 | bool_t delayRead( delay_t * delay );
      |        ^~~~~~~~~
In file included from /home/lgomez/maestriauba/SMT32/PdM_workspace/Practica04_p2/Drivers/API/inc/API_debounce.h:3,
                 from ../Inc/main.h:27,
                 from ../Drivers/STM32F4xx_HAL_Driver/Src/stm32f4xx_hal_msp.c:21:
/home/lgomez/maestriauba/SMT32/PdM_workspace/Practica04_p2/Drivers/API/inc/API_delay.h:17:6: error: conflicting types for 'delayWrite'
   17 | void delayWrite( delay_t * delay, tick_t duration );
      |      ^~~~~~~~~~
In file included from ../Inc/main.h:26,
                 from ../Drivers/STM32F4xx_HAL_Driver/Src/stm32f4xx_hal_msp.c:21:
/home/lgomez/maestriauba/SMT32/PdM_workspace/Practica04_p2/Drivers/API/inc/API_delay.h:17:6: note: previous declaration of 'delayWrite' was here
   17 | void delayWrite( delay_t * delay, tick_t duration );
      |      ^~~~~~~~~~
In file included from /home/lgomez/maestriauba/SMT32/PdM_workspace/Practica04_p2/Drivers/API/inc/API_debounce.h:3,
                 from ../Inc/main.h:27,
                 from ../Src/main.c:26:
/home/lgomez/maestriauba/SMT32/PdM_workspace/Practica04_p2/Drivers/API/inc/API_delay.h:13:4: error: conflicting types for 'delay_t'
   13 |  } delay_t;
      |    ^~~~~~~
In file included from ../Inc/main.h:26,
                 from ../Src/main.c:26:
/home/lgomez/maestriauba/SMT32/PdM_workspace/Practica04_p2/Drivers/API/inc/API_delay.h:13:4: note: previous declaration of 'delay_t' was here
   13 |  } delay_t;
      |    ^~~~~~~
In file included from /home/lgomez/maestriauba/SMT32/PdM_workspace/Practica04_p2/Drivers/API/inc/API_debounce.h:3,
                 from ../Inc/main.h:27,
                 from ../Src/main.c:26:
/home/lgomez/maestriauba/SMT32/PdM_workspace/Practica04_p2/Drivers/API/inc/API_delay.h:15:6: error: conflicting types for 'delayInit'
   15 | void delayInit( delay_t * delay, tick_t duration );
      |      ^~~~~~~~~
In file included from ../Inc/main.h:26,
                 from ../Src/main.c:26:
/home/lgomez/maestriauba/SMT32/PdM_workspace/Practica04_p2/Drivers/API/inc/API_delay.h:15:6: note: previous declaration of 'delayInit' was here
   15 | void delayInit( delay_t * delay, tick_t duration );
      |      ^~~~~~~~~
In file included from /home/lgomez/maestriauba/SMT32/PdM_workspace/Practica04_p2/Drivers/API/inc/API_debounce.h:3,
                 from ../Inc/main.h:27,
                 from ../Src/main.c:26:
/home/lgomez/maestriauba/SMT32/PdM_workspace/Practica04_p2/Drivers/API/inc/API_delay.h:16:8: error: conflicting types for 'delayRead'
   16 | bool_t delayRead( delay_t * delay );
      |        ^~~~~~~~~
In file included from ../Inc/main.h:26,
                 from ../Src/main.c:26:
/home/lgomez/maestriauba/SMT32/PdM_workspace/Practica04_p2/Drivers/API/inc/API_delay.h:16:8: note: previous declaration of 'delayRead' was here
   16 | bool_t delayRead( delay_t * delay );
      |        ^~~~~~~~~
In file included from /home/lgomez/maestriauba/SMT32/PdM_workspace/Practica04_p2/Drivers/API/inc/API_debounce.h:3,
                 from ../Inc/main.h:27,
                 from ../Src/main.c:26:
/home/lgomez/maestriauba/SMT32/PdM_workspace/Practica04_p2/Drivers/API/inc/API_delay.h:17:6: error: conflicting types for 'delayWrite'
   17 | void delayWrite( delay_t * delay, tick_t duration );
      |      ^~~~~~~~~~
In file included from ../Inc/main.h:26,
                 from ../Src/main.c:26:
/home/lgomez/maestriauba/SMT32/PdM_workspace/Practica04_p2/Drivers/API/inc/API_delay.h:17:6: note: previous declaration of 'delayWrite' was here
   17 | void delayWrite( delay_t * delay, tick_t duration );
      |      ^~~~~~~~~~
In file included from /home/lgomez/maestriauba/SMT32/PdM_workspace/Practica04_p2/Drivers/API/inc/API_debounce.h:3,
                 from ../Inc/main.h:27,
                 from ../Drivers/Core/Src/stm32f4xx_it.c:23:
/home/lgomez/maestriauba/SMT32/PdM_workspace/Practica04_p2/Drivers/API/inc/API_delay.h:13:4: error: conflicting types for 'delay_t'
   13 |  } delay_t;
      |    ^~~~~~~
In file included from ../Inc/main.h:26,
                 from ../Drivers/Core/Src/stm32f4xx_it.c:23:
/home/lgomez/maestriauba/SMT32/PdM_workspace/Practica04_p2/Drivers/API/inc/API_delay.h:13:4: note: previous declaration of 'delay_t' was here
   13 |  } delay_t;
      |    ^~~~~~~
In file included from /home/lgomez/maestriauba/SMT32/PdM_workspace/Practica04_p2/Drivers/API/inc/API_debounce.h:3,
                 from ../Inc/main.h:27,
                 from ../Drivers/Core/Src/stm32f4xx_it.c:23:
/home/lgomez/maestriauba/SMT32/PdM_workspace/Practica04_p2/Drivers/API/inc/API_delay.h:15:6: error: conflicting types for 'delayInit'
   15 | void delayInit( delay_t * delay, tick_t duration );
      |      ^~~~~~~~~
In file included from ../Inc/main.h:26,
                 from ../Drivers/Core/Src/stm32f4xx_it.c:23:
/home/lgomez/maestriauba/SMT32/PdM_workspace/Practica04_p2/Drivers/API/inc/API_delay.h:15:6: note: previous declaration of 'delayInit' was here
   15 | void delayInit( delay_t * delay, tick_t duration );
      |      ^~~~~~~~~
In file included from /home/lgomez/maestriauba/SMT32/PdM_workspace/Practica04_p2/Drivers/API/inc/API_debounce.h:3,
                 from ../Inc/main.h:27,
                 from ../Drivers/Core/Src/stm32f4xx_it.c:23:
/home/lgomez/maestriauba/SMT32/PdM_workspace/Practica04_p2/Drivers/API/inc/API_delay.h:16:8: error: conflicting types for 'delayRead'
   16 | bool_t delayRead( delay_t * delay );
      |        ^~~~~~~~~
In file included from ../Inc/main.h:26,
                 from ../Drivers/Core/Src/stm32f4xx_it.c:23:
/home/lgomez/maestriauba/SMT32/PdM_workspace/Practica04_p2/Drivers/API/inc/API_delay.h:16:8: note: previous declaration of 'delayRead' was here
   16 | bool_t delayRead( delay_t * delay );
      |        ^~~~~~~~~
In file included from /home/lgomez/maestriauba/SMT32/PdM_workspace/Practica04_p2/Drivers/API/inc/API_debounce.h:3,
                 from ../Inc/main.h:27,
                 from ../Drivers/Core/Src/stm32f4xx_it.c:23:
/home/lgomez/maestriauba/SMT32/PdM_workspace/Practica04_p2/Drivers/API/inc/API_delay.h:17:6: error: conflicting types for 'delayWrite'
   17 | void delayWrite( delay_t * delay, tick_t duration );
      |      ^~~~~~~~~~
In file included from ../Inc/main.h:26,
                 from ../Drivers/Core/Src/stm32f4xx_it.c:23:
/home/lgomez/maestriauba/SMT32/PdM_workspace/Practica04_p2/Drivers/API/inc/API_delay.h:17:6: note: previous declaration of 'delayWrite' was here
   17 | void delayWrite( delay_t * delay, tick_t duration );
      |      ^~~~~~~~~~
make: *** [Src/subdir.mk:19: Src/main.o] Error 1
make: *** Waiting for unfinished jobs....
make: *** [Drivers/STM32F4xx_HAL_Driver/Src/subdir.mk:292: Drivers/STM32F4xx_HAL_Driver/Src/stm32f4xx_hal_msp.o] Error 1
make: *** [Drivers/API/src/subdir.mk:22: Drivers/API/src/API_debounce.o] Error 1
make: *** [Drivers/Core/Src/subdir.mk:25: Drivers/Core/Src/stm32f4xx_it.o] Error 1
"make -j8 all" terminated with exit code 2. Build might be incomplete.
20:54:39 **** Incremental Build of configuration Debug for project Practica04_p2 ****
make -j8 all 
[...]
   16 | static debounceState_t debounceState;
      |        ^~~~~~~~~~~~~~~
In file included from ../Inc/main.h:27,
                 from ../Src/main.c:26:
/home/lgomez/maestriauba/SMT32/PdM_workspace/Practica04_p2/Drivers/API/inc/API_debounce.h:16:8: error: unknown type name 'debounceState_t'
   16 | static debounceState_t debounceState;
      |        ^~~~~~~~~~~~~~~
In file included from ../Inc/main.h:27,
                 from ../Drivers/STM32F4xx_HAL_Driver/Src/stm32f4xx_hal_msp.c:21:
/home/lgomez/maestriauba/SMT32/PdM_workspace/Practica04_p2/Drivers/API/inc/API_debounce.h:16:8: error: unknown type name 'debounceState_t'
   16 | static debounceState_t debounceState;
      |        ^~~~~~~~~~~~~~~
In file included from ../Inc/main.h:27,
                 from ../Drivers/Core/Src/stm32f4xx_it.c:23:
/home/lgomez/maestriauba/SMT32/PdM_workspace/Practica04_p2/Drivers/API/inc/API_debounce.h:16:8: error: unknown type name 'debounceState_t'
   16 | static debounceState_t debounceState;
      |        ^~~~~~~~~~~~~~~
/home/lgomez/maestriauba/SMT32/PdM_workspace/Practica04_p2/Drivers/API/inc/API_debounce.h:18:23: error: unknown type name 'debounceState_t'
   18 | void debounceFSM_init(debounceState_t*, debounceState_t);  // debe cargar el estado inicial
      |                       ^~~~~~~~~~~~~~~
/home/lgomez/maestriauba/SMT32/PdM_workspace/Practica04_p2/Drivers/API/inc/API_debounce.h:18:23: error: unknown type name 'debounceState_t'
   18 | void debounceFSM_init(debounceState_t*, debounceState_t);  // debe cargar el estado inicial
      |                       ^~~~~~~~~~~~~~~
/home/lgomez/maestriauba/SMT32/PdM_workspace/Practica04_p2/Drivers/API/inc/API_debounce.h:18:23: error: unknown type name 'debounceState_t'
   18 | void debounceFSM_init(debounceState_t*, debounceState_t);  // debe cargar el estado inicial
      |                       ^~~~~~~~~~~~~~~
/home/lgomez/maestriauba/SMT32/PdM_workspace/Practica04_p2/Drivers/API/inc/API_debounce.h:18:23: error: unknown type name 'debounceState_t'
   18 | void debounceFSM_init(debounceState_t*, debounceState_t);  // debe cargar el estado inicial
      |                       ^~~~~~~~~~~~~~~
/home/lgomez/maestriauba/SMT32/PdM_workspace/Practica04_p2/Drivers/API/inc/API_debounce.h:18:41: error: unknown type name 'debounceState_t'
   18 | void debounceFSM_init(debounceState_t*, debounceState_t);  // debe cargar el estado inicial
      |                                         ^~~~~~~~~~~~~~~
/home/lgomez/maestriauba/SMT32/PdM_workspace/Practica04_p2/Drivers/API/inc/API_debounce.h:18:41: error: unknown type name 'debounceState_t'
   18 | void debounceFSM_init(debounceState_t*, debounceState_t);  // debe cargar el estado inicial
      |                                         ^~~~~~~~~~~~~~~
/home/lgomez/maestriauba/SMT32/PdM_workspace/Practica04_p2/Drivers/API/inc/API_debounce.h:18:41: error: unknown type name 'debounceState_t'
   18 | void debounceFSM_init(debounceState_t*, debounceState_t);  // debe cargar el estado inicial
      |                                         ^~~~~~~~~~~~~~~
/home/lgomez/maestriauba/SMT32/PdM_workspace/Practica04_p2/Drivers/API/inc/API_debounce.h:18:41: error: unknown type name 'debounceState_t'
   18 | void debounceFSM_init(debounceState_t*, debounceState_t);  // debe cargar el estado inicial
      |                                         ^~~~~~~~~~~~~~~
/home/lgomez/maestriauba/SMT32/PdM_workspace/Practica04_p2/Drivers/API/inc/API_debounce.h:19:25: error: unknown type name 'debounceState_t'
   19 | void debounceFSM_update(debounceState_t*, delay_t* ); // debe leer las entradas, resolver la lógica de
      |                         ^~~~~~~~~~~~~~~
/home/lgomez/maestriauba/SMT32/PdM_workspace/Practica04_p2/Drivers/API/inc/API_debounce.h:16:24: warning: 'debounceState' defined but not used [-Wunused-variable]
   16 | static debounceState_t debounceState;
      |                        ^~~~~~~~~~~~~
/home/lgomez/maestriauba/SMT32/PdM_workspace/Practica04_p2/Drivers/API/inc/API_debounce.h:19:25: error: unknown type name 'debounceState_t'
   19 | void debounceFSM_update(debounceState_t*, delay_t* ); // debe leer las entradas, resolver la lógica de
      |                         ^~~~~~~~~~~~~~~
/home/lgomez/maestriauba/SMT32/PdM_workspace/Practica04_p2/Drivers/API/inc/API_debounce.h:19:25: error: unknown type name 'debounceState_t'
   19 | void debounceFSM_update(debounceState_t*, delay_t* ); // debe leer las entradas, resolver la lógica de
      |                         ^~~~~~~~~~~~~~~
/home/lgomez/maestriauba/SMT32/PdM_workspace/Practica04_p2/Drivers/API/inc/API_debounce.h:21:13: warning: 'buttonPressed' declared 'static' but never defined [-Wunused-function]
   21 | static void buttonPressed();   // debe invertir el estado del LED1
      |             ^~~~~~~~~~~~~
/home/lgomez/maestriauba/SMT32/PdM_workspace/Practica04_p2/Drivers/API/inc/API_debounce.h:22:13: warning: 'buttonReleased' declared 'static' but never defined [-Wunused-function]
   22 | static void buttonReleased();// debe invertir el estado del LED3
      |             ^~~~~~~~~~~~~~
/home/lgomez/maestriauba/SMT32/PdM_workspace/Practica04_p2/Drivers/API/inc/API_debounce.h:16:24: warning: 'debounceState' defined but not used [-Wunused-variable]
   16 | static debounceState_t debounceState;
      |                        ^~~~~~~~~~~~~
/home/lgomez/maestriauba/SMT32/PdM_workspace/Practica04_p2/Drivers/API/inc/API_debounce.h:19:25: error: unknown type name 'debounceState_t'
   19 | void debounceFSM_update(debounceState_t*, delay_t* ); // debe leer las entradas, resolver la lógica de
      |                         ^~~~~~~~~~~~~~~
/home/lgomez/maestriauba/SMT32/PdM_workspace/Practica04_p2/Drivers/API/inc/API_debounce.h:21:13: warning: 'buttonPressed' declared 'static' but never defined [-Wunused-function]
   21 | static void buttonPressed();   // debe invertir el estado del LED1
      |             ^~~~~~~~~~~~~
/home/lgomez/maestriauba/SMT32/PdM_workspace/Practica04_p2/Drivers/API/inc/API_debounce.h:22:13: warning: 'buttonReleased' declared 'static' but never defined [-Wunused-function]
   22 | static void buttonReleased();// debe invertir el estado del LED3
      |             ^~~~~~~~~~~~~~
/home/lgomez/maestriauba/SMT32/PdM_workspace/Practica04_p2/Drivers/API/inc/API_debounce.h:16:24: warning: 'debounceState' defined but not used [-Wunused-variable]
   16 | static debounceState_t debounceState;
      |                        ^~~~~~~~~~~~~
make: *** [Drivers/Core/Src/subdir.mk:25: Drivers/Core/Src/stm32f4xx_it.o] Error 1
make: *** Waiting for unfinished jobs....
make: *** [Drivers/API/src/subdir.mk:22: Drivers/API/src/API_debounce.o] Error 1
make: *** [Drivers/STM32F4xx_HAL_Driver/Src/subdir.mk:292: Drivers/STM32F4xx_HAL_Driver/Src/stm32f4xx_hal_msp.o] Error 1
../Src/main.c: In function 'main':
../Src/main.c:78:2: error: unknown type name 'debounceState_t'
   78 |  debounceState_t Estado;
      |  ^~~~~~~~~~~~~~~
../Src/main.c:81:2: warning: implicit declaration of function 'debounceFSM_init' [-Wimplicit-function-declaration]
   81 |  debounceFSM_init(&Estado, BUTTON_UP);
      |  ^~~~~~~~~~~~~~~~
../Src/main.c:81:28: error: 'BUTTON_UP' undeclared (first use in this function); did you mean 'BUTTON_KEY'?
   81 |  debounceFSM_init(&Estado, BUTTON_UP);
      |                            ^~~~~~~~~
      |                            BUTTON_KEY
../Src/main.c:81:28: note: each undeclared identifier is reported only once for each function it appears in
../Src/main.c:90:6: warning: implicit declaration of function 'debounceFSM_update' [-Wimplicit-function-declaration]
   90 |      debounceFSM_update(&Estado,&Delay1);
      |      ^~~~~~~~~~~~~~~~~~
In file included from ../Inc/main.h:27,
                 from ../Src/main.c:26:
../Src/main.c: At top level:
/home/lgomez/maestriauba/SMT32/PdM_workspace/Practica04_p2/Drivers/API/inc/API_debounce.h:21:13: warning: 'buttonPressed' declared 'static' but never defined [-Wunused-function]
   21 | static void buttonPressed();   // debe invertir el estado del LED1
      |             ^~~~~~~~~~~~~
/home/lgomez/maestriauba/SMT32/PdM_workspace/Practica04_p2/Drivers/API/inc/API_debounce.h:22:13: warning: 'buttonReleased' declared 'static' but never defined [-Wunused-function]
   22 | static void buttonReleased();// debe invertir el estado del LED3
      |             ^~~~~~~~~~~~~~
/home/lgomez/maestriauba/SMT32/PdM_workspace/Practica04_p2/Drivers/API/inc/API_debounce.h:16:24: warning: 'debounceState' defined but not used [-Wunused-variable]
   16 | static debounceState_t debounceState;
      |                        ^~~~~~~~~~~~~
make: *** [Src/subdir.mk:19: Src/main.o] Error 1
"make -j8 all" terminated with exit code 2. Build might be incomplete.
23:04:54 **** Incremental Build of configuration Debug for project Practica04_p2 ****
make -j8 all 
arm-none-eabi-gcc "../Src/main.c" -mcpu=cortex-m4 -std=gnu11 -g3 -DDEBUG -DSTM32 -DSTM32F429ZITx -DSTM32F4 -DNUCLEO_F429ZI -DUSE_HAL_DRIVER -DSTM32F429xx -c -I../Inc -I"/home/lgomez/maestriauba/SMT32/PdM_workspace/Practica04_p2/Drivers/STM32F4xx_HAL_Driver/Inc" -I"/home/lgomez/maestriauba/SMT32/PdM_workspace/Practica04_p2/Drivers/CMSIS/Include" -I"/home/lgomez/maestriauba/SMT32/PdM_workspace/Practica04_p2/Drivers/CMSIS/Device/ST/STM32F4xx/Include" -I"/home/lgomez/maestriauba/SMT32/PdM_workspace/Practica04_p2/Drivers/BSP/STM32F4xx_Nucleo_144" -I"/home/lgomez/maestriauba/SMT32/PdM_workspace/Practica04_p2/Drivers/Core/Inc" -I"/home/lgomez/maestriauba/SMT32/PdM_workspace/Practica04_p2/Drivers/API" -I"/home/lgomez/maestriauba/SMT32/PdM_workspace/Practica04_p2/Drivers/API/inc" -O0 -ffunction-sections -fdata-sections -Wall -fstack-usage -fcyclomatic-complexity -MMD -MP -MF"Src/main.d" -MT"Src/main.o" --specs=nano.specs -mfpu=fpv4-sp-d16 -mfloat-abi=hard -mthumb -o "Src/main.o"
arm-none-eabi-gcc "../Drivers/STM32F4xx_HAL_Driver/Src/stm32f4xx_hal_msp.c" -mcpu=cortex-m4 -std=gnu11 -g3 -DDEBUG -DSTM32 -DSTM32F429ZITx -DSTM32F4 -DNUCLEO_F429ZI -DUSE_HAL_DRIVER -DSTM32F429xx -c -I../Inc -I"/home/lgomez/maestriauba/SMT32/PdM_workspace/Practica04_p2/Drivers/STM32F4xx_HAL_Driver/Inc" -I"/home/lgomez/maestriauba/SMT32/PdM_workspace/Practica04_p2/Drivers/CMSIS/Include" -I"/home/lgomez/maestriauba/SMT32/PdM_workspace/Practica04_p2/Drivers/CMSIS/Device/ST/STM32F4xx/Include" -I"/home/lgomez/maestriauba/SMT32/PdM_workspace/Practica04_p2/Drivers/BSP/STM32F4xx_Nucleo_144" -I"/home/lgomez/maestriauba/SMT32/PdM_workspace/Practica04_p2/Drivers/Core/Inc" -I"/home/lgomez/maestriauba/SMT32/PdM_workspace/Practica04_p2/Drivers/API" -I"/home/lgomez/maestriauba/SMT32/PdM_workspace/Practica04_p2/Drivers/API/inc" -O0 -ffunction-sections -fdata-sections -Wall -fstack-usage -fcyclomatic-complexity -MMD -MP -MF"Drivers/STM32F4xx_HAL_Driver/Src/stm32f4xx_hal_msp.d" -MT"Drivers/STM32F4xx_HAL_Driver/Src/stm32f4xx_hal_msp.o" --specs=nano.specs -mfpu=fpv4-sp-d16 -mfloat-abi=hard -mthumb -o "Drivers/STM32F4xx_HAL_Driver/Src/stm32f4xx_hal_msp.o"
arm-none-eabi-gcc "../Drivers/Core/Src/stm32f4xx_it.c" -mcpu=cortex-m4 -std=gnu11 -g3 -DDEBUG -DSTM32 -DSTM32F429ZITx -DSTM32F4 -DNUCLEO_F429ZI -DUSE_HAL_DRIVER -DSTM32F429xx -c -I../Inc -I"/home/lgomez/maestriauba/SMT32/PdM_workspace/Practica04_p2/Drivers/STM32F4xx_HAL_Driver/Inc" -I"/home/lgomez/maestriauba/SMT32/PdM_workspace/Practica04_p2/Drivers/CMSIS/Include" -I"/home/lgomez/maestriauba/SMT32/PdM_workspace/Practica04_p2/Drivers/CMSIS/Device/ST/STM32F4xx/Include" -I"/home/lgomez/maestriauba/SMT32/PdM_workspace/Practica04_p2/Drivers/BSP/STM32F4xx_Nucleo_144" -I"/home/lgomez/maestriauba/SMT32/PdM_workspace/Practica04_p2/Drivers/Core/Inc" -I"/home/lgomez/maestriauba/SMT32/PdM_workspace/Practica04_p2/Drivers/API" -I"/home/lgomez/maestriauba/SMT32/PdM_workspace/Practica04_p2/Drivers/API/inc" -O0 -ffunction-sections -fdata-sections -Wall -fstack-usage -fcyclomatic-complexity -MMD -MP -MF"Drivers/Core/Src/stm32f4xx_it.d" -MT"Drivers/Core/Src/stm32f4xx_it.o" --specs=nano.specs -mfpu=fpv4-sp-d16 -mfloat-abi=hard -mthumb -o "Drivers/Core/Src/stm32f4xx_it.o"
arm-none-eabi-gcc "../Drivers/API/src/API_debounce.c" -mcpu=cortex-m4 -std=gnu11 -g3 -DDEBUG -DSTM32 -DSTM32F429ZITx -DSTM32F4 -DNUCLEO_F429ZI -DUSE_HAL_DRIVER -DSTM32F429xx -c -I../Inc -I"/home/lgomez/maestriauba/SMT32/PdM_workspace/Practica04_p2/Drivers/STM32F4xx_HAL_Driver/Inc" -I"/home/lgomez/maestriauba/SMT32/PdM_workspace/Practica04_p2/Drivers/CMSIS/Include" -I"/home/lgomez/maestriauba/SMT32/PdM_workspace/Practica04_p2/Drivers/CMSIS/Device/ST/STM32F4xx/Include" -I"/home/lgomez/maestriauba/SMT32/PdM_workspace/Practica04_p2/Drivers/BSP/STM32F4xx_Nucleo_144" -I"/home/lgomez/maestriauba/SMT32/PdM_workspace/Practica04_p2/Drivers/Core/Inc" -I"/home/lgomez/maestriauba/SMT32/PdM_workspace/Practica04_p2/Drivers/API" -I"/home/lgomez/maestriauba/SMT32/PdM_workspace/Practica04_p2/Drivers/API/inc" -O0 -ffunction-sections -fdata-sections -Wall -fstack-usage -fcyclomatic-complexity -MMD -MP -MF"Drivers/API/src/API_debounce.d" -MT"Drivers/API/src/API_debounce.o" --specs=nano.specs -mfpu=fpv4-sp-d16 -mfloat-abi=hard -mthumb -o "Drivers/API/src/API_debounce.o"
In file included from ../Inc/main.h:27,
                 from ../Src/main.c:26:
/home/lgomez/maestriauba/SMT32/PdM_workspace/Practica04_p2/Drivers/API/inc/API_debounce.h:26:13: warning: 'buttonPressed' declared 'static' but never defined [-Wunused-function]
   26 | static void buttonPressed();   // debe invertir el estado del LED1
      |             ^~~~~~~~~~~~~
/home/lgomez/maestriauba/SMT32/PdM_workspace/Practica04_p2/Drivers/API/inc/API_debounce.h:27:13: warning: 'buttonReleased' declared 'static' but never defined [-Wunused-function]
   27 | static void buttonReleased();// debe invertir el estado del LED3
      |             ^~~~~~~~~~~~~~
/home/lgomez/maestriauba/SMT32/PdM_workspace/Practica04_p2/Drivers/API/inc/API_debounce.h:21:24: warning: 'debounceState' defined but not used [-Wunused-variable]
   21 | static debounceState_t debounceState;
      |                        ^~~~~~~~~~~~~
In file included from ../Drivers/API/src/API_debounce.c:11:
/home/lgomez/maestriauba/SMT32/PdM_workspace/Practica04_p2/Drivers/API/inc/API_debounce.h:21:24: warning: 'debounceState' defined but not used [-Wunused-variable]
   21 | static debounceState_t debounceState;
      |                        ^~~~~~~~~~~~~
In file included from ../Inc/main.h:27,
                 from ../Drivers/STM32F4xx_HAL_Driver/Src/stm32f4xx_hal_msp.c:21:
/home/lgomez/maestriauba/SMT32/PdM_workspace/Practica04_p2/Drivers/API/inc/API_debounce.h:26:13: warning: 'buttonPressed' declared 'static' but never defined [-Wunused-function]
   26 | static void buttonPressed();   // debe invertir el estado del LED1
      |             ^~~~~~~~~~~~~
/home/lgomez/maestriauba/SMT32/PdM_workspace/Practica04_p2/Drivers/API/inc/API_debounce.h:27:13: warning: 'buttonReleased' declared 'static' but never defined [-Wunused-function]
   27 | static void buttonReleased();// debe invertir el estado del LED3
      |             ^~~~~~~~~~~~~~
/home/lgomez/maestriauba/SMT32/PdM_workspace/Practica04_p2/Drivers/API/inc/API_debounce.h:21:24: warning: 'debounceState' defined but not used [-Wunused-variable]
   21 | static debounceState_t debounceState;
      |                        ^~~~~~~~~~~~~
In file included from ../Inc/main.h:27,
                 from ../Drivers/Core/Src/stm32f4xx_it.c:23:
/home/lgomez/maestriauba/SMT32/PdM_workspace/Practica04_p2/Drivers/API/inc/API_debounce.h:26:13: warning: 'buttonPressed' declared 'static' but never defined [-Wunused-function]
   26 | static void buttonPressed();   // debe invertir el estado del LED1
      |             ^~~~~~~~~~~~~
/home/lgomez/maestriauba/SMT32/PdM_workspace/Practica04_p2/Drivers/API/inc/API_debounce.h:27:13: warning: 'buttonReleased' declared 'static' but never defined [-Wunused-function]
   27 | static void buttonReleased();// debe invertir el estado del LED3
      |             ^~~~~~~~~~~~~~
/home/lgomez/maestriauba/SMT32/PdM_workspace/Practica04_p2/Drivers/API/inc/API_debounce.h:21:24: warning: 'debounceState' defined but not used [-Wunused-variable]
   21 | static debounceState_t debounceState;
      |                        ^~~~~~~~~~~~~
arm-none-eabi-gcc -o "Practica04_p2.elf" @"objects.list"   -mcpu=cortex-m4 -T"/home/lgomez/maestriauba/SMT32/PdM_workspace/Practica04_p2/STM32F429ZITX_FLASH.ld" --specs=nosys.specs -Wl,-Map="Practica04_p2.map" -Wl,--gc-sections -static --specs=nano.specs -mfpu=fpv4-sp-d16 -mfloat-abi=hard -mthumb -Wl,--start-group -lc -lm -Wl,--end-group
Finished building target: Practica04_p2.elf
 
arm-none-eabi-size   Practica04_p2.elf 
arm-none-eabi-objdump -h -S  Practica04_p2.elf  > "Practica04_p2.list"
   text	   data	    bss	    dec	    hex	filename
  11920	    136	   1592	  13648	   3550	Practica04_p2.elf
Finished building: default.size.stdout
 
Finished building: Practica04_p2.list
 
23:14:12 **** Incremental Build of configuration Debug for project Practica04_p2 ****
make -j8 all 
arm-none-eabi-gcc "../Src/main.c" -mcpu=cortex-m4 -std=gnu11 -g3 -DDEBUG -DSTM32 -DSTM32F429ZITx -DSTM32F4 -DNUCLEO_F429ZI -DUSE_HAL_DRIVER -DSTM32F429xx -c -I../Inc -I"/home/lgomez/maestriauba/SMT32/PdM_workspace/Practica04_p2/Drivers/STM32F4xx_HAL_Driver/Inc" -I"/home/lgomez/maestriauba/SMT32/PdM_workspace/Practica04_p2/Drivers/CMSIS/Include" -I"/home/lgomez/maestriauba/SMT32/PdM_workspace/Practica04_p2/Drivers/CMSIS/Device/ST/STM32F4xx/Include" -I"/home/lgomez/maestriauba/SMT32/PdM_workspace/Practica04_p2/Drivers/BSP/STM32F4xx_Nucleo_144" -I"/home/lgomez/maestriauba/SMT32/PdM_workspace/Practica04_p2/Drivers/Core/Inc" -I"/home/lgomez/maestriauba/SMT32/PdM_workspace/Practica04_p2/Drivers/API" -I"/home/lgomez/maestriauba/SMT32/PdM_workspace/Practica04_p2/Drivers/API/inc" -O0 -ffunction-sections -fdata-sections -Wall -fstack-usage -fcyclomatic-complexity -MMD -MP -MF"Src/main.d" -MT"Src/main.o" --specs=nano.specs -mfpu=fpv4-sp-d16 -mfloat-abi=hard -mthumb -o "Src/main.o"
In file included from ../Inc/main.h:27,
                 from ../Src/main.c:26:
/home/lgomez/maestriauba/SMT32/PdM_workspace/Practica04_p2/Drivers/API/inc/API_debounce.h:26:13: warning: 'buttonPressed' declared 'static' but never defined [-Wunused-function]
   26 | static void buttonPressed();   // debe invertir el estado del LED1
      |             ^~~~~~~~~~~~~
/home/lgomez/maestriauba/SMT32/PdM_workspace/Practica04_p2/Drivers/API/inc/API_debounce.h:27:13: warning: 'buttonReleased' declared 'static' but never defined [-Wunused-function]
   27 | static void buttonReleased();// debe invertir el estado del LED3
      |             ^~~~~~~~~~~~~~
/home/lgomez/maestriauba/SMT32/PdM_workspace/Practica04_p2/Drivers/API/inc/API_debounce.h:21:24: warning: 'debounceState' defined but not used [-Wunused-variable]
   21 | static debounceState_t debounceState;
      |                        ^~~~~~~~~~~~~
arm-none-eabi-gcc -o "Practica04_p2.elf" @"objects.list"   -mcpu=cortex-m4 -T"/home/lgomez/maestriauba/SMT32/PdM_workspace/Practica04_p2/STM32F429ZITX_FLASH.ld" --specs=nosys.specs -Wl,-Map="Practica04_p2.map" -Wl,--gc-sections -static --specs=nano.specs -mfpu=fpv4-sp-d16 -mfloat-abi=hard -mthumb -Wl,--start-group -lc -lm -Wl,--end-group
Finished building target: Practica04_p2.elf
 
arm-none-eabi-size   Practica04_p2.elf 
arm-none-eabi-objdump -h -S  Practica04_p2.elf  > "Practica04_p2.list"
   text	   data	    bss	    dec	    hex	filename
  11920	    136	   1592	  13648	   3550	Practica04_p2.elf
Finished building: default.size.stdout
 
Finished building: Practica04_p2.list
 
23:14:23 **** Incremental Build of configuration Debug for project Practica04_p2 ****
make -j8 all 
arm-none-eabi-size   Practica04_p2.elf 
   text	   data	    bss	    dec	    hex	filename
  11920	    136	   1592	  13648	   3550	Practica04_p2.elf
Finished building: default.size.stdout
 
