18:47:43 **** Incremental Build of configuration Debug for project Practica03_p1 ****
make -j8 all 
arm-none-eabi-size   Practica03_p1.elf 
   text	   data	    bss	    dec	    hex	filename
  11320	    132	   1588	  13040	   32f0	Practica03_p1.elf
Finished building: default.size.stdout
 
18:48:07 **** Incremental Build of configuration Debug for project Practica03_p1 ****
make -j8 all 
arm-none-eabi-size   Practica03_p1.elf 
   text	   data	    bss	    dec	    hex	filename
  11320	    132	   1588	  13040	   32f0	Practica03_p1.elf
Finished building: default.size.stdout
 
18:48:18 **** Incremental Build of configuration Debug for project Practica03_p1 ****
make -j8 all 
arm-none-eabi-size   Practica03_p1.elf 
   text	   data	    bss	    dec	    hex	filename
  11320	    132	   1588	  13040	   32f0	Practica03_p1.elf
Finished building: default.size.stdout
 
18:48:29 **** Incremental Build of configuration Debug for project Practica03_p1 ****
make -j8 all 
arm-none-eabi-size   Practica03_p1.elf 
   text	   data	    bss	    dec	    hex	filename
  11320	    132	   1588	  13040	   32f0	Practica03_p1.elf
Finished building: default.size.stdout
 
18:53:12 **** Incremental Build of configuration Debug for project Practica03_p3 ****
make -j8 all 
arm-none-eabi-size   Practica03_p3.elf 
   text	   data	    bss	    dec	    hex	filename
  11368	    132	   1588	  13088	   3320	Practica03_p3.elf
Finished building: default.size.stdout
 
18:59:33 **** Incremental Build of configuration Debug for project Practica03_p3 ****
make -j8 all 
arm-none-eabi-gcc "../Src/main.c" -mcpu=cortex-m4 -std=gnu11 -g3 -DDEBUG -DSTM32 -DSTM32F429ZITx -DSTM32F4 -DNUCLEO_F429ZI -DUSE_HAL_DRIVER -DSTM32F429xx -c -I../Inc -I"/home/lgomez/maestriauba/SMT32/PdM_workspace/Practica03_p3/Drivers/STM32F4xx_HAL_Driver/Inc" -I"/home/lgomez/maestriauba/SMT32/PdM_workspace/Practica03_p3/Drivers/CMSIS/Include" -I"/home/lgomez/maestriauba/SMT32/PdM_workspace/Practica03_p3/Drivers/CMSIS/Device/ST/STM32F4xx/Include" -I"/home/lgomez/maestriauba/SMT32/PdM_workspace/Practica03_p3/Drivers/BSP/STM32F4xx_Nucleo_144" -I"/home/lgomez/maestriauba/SMT32/PdM_workspace/Practica03_p3/Drivers/Core/Inc" -I"/home/lgomez/maestriauba/SMT32/PdM_workspace/Practica03_p3/Drivers/API" -I"/home/lgomez/maestriauba/SMT32/PdM_workspace/Practica03_p3/Drivers/API/inc" -O0 -ffunction-sections -fdata-sections -Wall -fstack-usage -fcyclomatic-complexity -MMD -MP -MF"Src/main.d" -MT"Src/main.o" --specs=nano.specs -mfpu=fpv4-sp-d16 -mfloat-abi=hard -mthumb -o "Src/main.o"
../Src/main.c: In function 'main':
../Src/main.c:104:19: warning: variable 'state' set but not used [-Wunused-but-set-variable]
  104 |     GPIO_PinState state = HAL_GPIO_ReadPin (LED1,LED1_PIN);
      |                   ^~~~~
../Src/main.c:100:9: warning: unused variable 'Estado_LED' [-Wunused-variable]
  100 |     int Estado_LED = OFF ; // EStado de LED  inicial
      |         ^~~~~~~~~~
../Src/main.c:99:9: warning: unused variable 'LED_select' [-Wunused-variable]
   99 |     int LED_select = LED_init; // LED inicial
      |         ^~~~~~~~~~
arm-none-eabi-gcc -o "Practica03_p3.elf" @"objects.list"   -mcpu=cortex-m4 -T"/home/lgomez/maestriauba/SMT32/PdM_workspace/Practica03_p3/STM32F429ZITX_FLASH.ld" --specs=nosys.specs -Wl,-Map="Practica03_p3.map" -Wl,--gc-sections -static --specs=nano.specs -mfpu=fpv4-sp-d16 -mfloat-abi=hard -mthumb -Wl,--start-group -lc -lm -Wl,--end-group
Finished building target: Practica03_p3.elf
 
arm-none-eabi-size   Practica03_p3.elf 
arm-none-eabi-objdump -h -S  Practica03_p3.elf  > "Practica03_p3.list"
   text	   data	    bss	    dec	    hex	filename
  11444	    132	   1588	  13164	   336c	Practica03_p3.elf
Finished building: default.size.stdout
 
Finished building: Practica03_p3.list
 
19:00:07 **** Incremental Build of configuration Debug for project Practica03_p3 ****
make -j8 all 
arm-none-eabi-size   Practica03_p3.elf 
   text	   data	    bss	    dec	    hex	filename
  11444	    132	   1588	  13164	   336c	Practica03_p3.elf
Finished building: default.size.stdout
 
19:00:21 **** Incremental Build of configuration Debug for project Practica03_p3 ****
make -j8 all 
arm-none-eabi-size   Practica03_p3.elf 
   text	   data	    bss	    dec	    hex	filename
  11444	    132	   1588	  13164	   336c	Practica03_p3.elf
Finished building: default.size.stdout
 
19:01:16 **** Incremental Build of configuration Debug for project Practica03_p3 ****
make -j8 all 
arm-none-eabi-size   Practica03_p3.elf 
   text	   data	    bss	    dec	    hex	filename
  11444	    132	   1588	  13164	   336c	Practica03_p3.elf
Finished building: default.size.stdout
 
19:02:57 **** Incremental Build of configuration Debug for project Practica03_p3 ****
make -j8 all 
arm-none-eabi-size   Practica03_p3.elf 
   text	   data	    bss	    dec	    hex	filename
  11444	    132	   1588	  13164	   336c	Practica03_p3.elf
Finished building: default.size.stdout
 
19:03:32 **** Incremental Build of configuration Debug for project Practica03_p3 ****
make -j8 all 
arm-none-eabi-size   Practica03_p3.elf 
   text	   data	    bss	    dec	    hex	filename
  11444	    132	   1588	  13164	   336c	Practica03_p3.elf
Finished building: default.size.stdout
 
19:04:48 **** Incremental Build of configuration Debug for project Practica03_p3 ****
make -j8 all 
arm-none-eabi-gcc "../Src/main.c" -mcpu=cortex-m4 -std=gnu11 -g3 -DDEBUG -DSTM32 -DSTM32F429ZITx -DSTM32F4 -DNUCLEO_F429ZI -DUSE_HAL_DRIVER -DSTM32F429xx -c -I../Inc -I"/home/lgomez/maestriauba/SMT32/PdM_workspace/Practica03_p3/Drivers/STM32F4xx_HAL_Driver/Inc" -I"/home/lgomez/maestriauba/SMT32/PdM_workspace/Practica03_p3/Drivers/CMSIS/Include" -I"/home/lgomez/maestriauba/SMT32/PdM_workspace/Practica03_p3/Drivers/CMSIS/Device/ST/STM32F4xx/Include" -I"/home/lgomez/maestriauba/SMT32/PdM_workspace/Practica03_p3/Drivers/BSP/STM32F4xx_Nucleo_144" -I"/home/lgomez/maestriauba/SMT32/PdM_workspace/Practica03_p3/Drivers/Core/Inc" -I"/home/lgomez/maestriauba/SMT32/PdM_workspace/Practica03_p3/Drivers/API" -I"/home/lgomez/maestriauba/SMT32/PdM_workspace/Practica03_p3/Drivers/API/inc" -O0 -ffunction-sections -fdata-sections -Wall -fstack-usage -fcyclomatic-complexity -MMD -MP -MF"Src/main.d" -MT"Src/main.o" --specs=nano.specs -mfpu=fpv4-sp-d16 -mfloat-abi=hard -mthumb -o "Src/main.o"
../Src/main.c: In function 'main':
../Src/main.c:104:19: warning: variable 'state' set but not used [-Wunused-but-set-variable]
  104 |     GPIO_PinState state = HAL_GPIO_ReadPin (LED1,LED1_PIN);
      |                   ^~~~~
../Src/main.c:100:9: warning: unused variable 'Estado_LED' [-Wunused-variable]
  100 |     int Estado_LED = OFF ; // EStado de LED  inicial
      |         ^~~~~~~~~~
../Src/main.c:99:9: warning: unused variable 'LED_select' [-Wunused-variable]
   99 |     int LED_select = LED_init; // LED inicial
      |         ^~~~~~~~~~
arm-none-eabi-gcc -o "Practica03_p3.elf" @"objects.list"   -mcpu=cortex-m4 -T"/home/lgomez/maestriauba/SMT32/PdM_workspace/Practica03_p3/STM32F429ZITX_FLASH.ld" --specs=nosys.specs -Wl,-Map="Practica03_p3.map" -Wl,--gc-sections -static --specs=nano.specs -mfpu=fpv4-sp-d16 -mfloat-abi=hard -mthumb -Wl,--start-group -lc -lm -Wl,--end-group
Finished building target: Practica03_p3.elf
 
arm-none-eabi-size   Practica03_p3.elf 
arm-none-eabi-objdump -h -S  Practica03_p3.elf  > "Practica03_p3.list"
   text	   data	    bss	    dec	    hex	filename
  11444	    132	   1588	  13164	   336c	Practica03_p3.elf
Finished building: default.size.stdout
 
Finished building: Practica03_p3.list
 
19:05:04 **** Incremental Build of configuration Debug for project Practica03_p3 ****
make -j8 all 
arm-none-eabi-size   Practica03_p3.elf 
   text	   data	    bss	    dec	    hex	filename
  11444	    132	   1588	  13164	   336c	Practica03_p3.elf
Finished building: default.size.stdout
 
19:09:08 **** Incremental Build of configuration Debug for project Practica03_p3 ****
make -j8 all 
arm-none-eabi-size   Practica03_p3.elf 
   text	   data	    bss	    dec	    hex	filename
  11444	    132	   1588	  13164	   336c	Practica03_p3.elf
Finished building: default.size.stdout
 
19:10:58 **** Incremental Build of configuration Debug for project Practica03_p3 ****
make -j8 all 
arm-none-eabi-size   Practica03_p3.elf 
   text	   data	    bss	    dec	    hex	filename
  11444	    132	   1588	  13164	   336c	Practica03_p3.elf
Finished building: default.size.stdout
 
19:11:26 **** Incremental Build of configuration Debug for project Practica03_p3 ****
make -j8 all 
arm-none-eabi-size   Practica03_p3.elf 
   text	   data	    bss	    dec	    hex	filename
  11444	    132	   1588	  13164	   336c	Practica03_p3.elf
Finished building: default.size.stdout
 
19:12:56 **** Incremental Build of configuration Debug for project Practica03_p3 ****
make -j8 all 
arm-none-eabi-size   Practica03_p3.elf 
   text	   data	    bss	    dec	    hex	filename
  11444	    132	   1588	  13164	   336c	Practica03_p3.elf
Finished building: default.size.stdout
 
19:13:02 **** Incremental Build of configuration Debug for project Practica03_p3 ****
make -j8 all 
arm-none-eabi-size   Practica03_p3.elf 
   text	   data	    bss	    dec	    hex	filename
  11444	    132	   1588	  13164	   336c	Practica03_p3.elf
Finished building: default.size.stdout
 
19:14:06 **** Incremental Build of configuration Debug for project Practica03_p3 ****
make -j8 all 
arm-none-eabi-size   Practica03_p3.elf 
   text	   data	    bss	    dec	    hex	filename
  11444	    132	   1588	  13164	   336c	Practica03_p3.elf
Finished building: default.size.stdout
 
19:14:32 **** Incremental Build of configuration Debug for project Practica03_p3 ****
make -j8 all 
arm-none-eabi-size   Practica03_p3.elf 
   text	   data	    bss	    dec	    hex	filename
  11444	    132	   1588	  13164	   336c	Practica03_p3.elf
Finished building: default.size.stdout
 
19:14:48 **** Incremental Build of configuration Debug for project Practica03_p3 ****
make -j8 all 
arm-none-eabi-size   Practica03_p3.elf 
   text	   data	    bss	    dec	    hex	filename
  11444	    132	   1588	  13164	   336c	Practica03_p3.elf
Finished building: default.size.stdout
 
19:16:13 **** Incremental Build of configuration Debug for project Practica03_p3 ****
make -j8 all 
arm-none-eabi-size   Practica03_p3.elf 
   text	   data	    bss	    dec	    hex	filename
  11444	    132	   1588	  13164	   336c	Practica03_p3.elf
Finished building: default.size.stdout
 
19:16:34 **** Incremental Build of configuration Debug for project Practica03_p3 ****
make -j8 all 
arm-none-eabi-size   Practica03_p3.elf 
   text	   data	    bss	    dec	    hex	filename
  11444	    132	   1588	  13164	   336c	Practica03_p3.elf
Finished building: default.size.stdout
 
19:16:59 **** Incremental Build of configuration Debug for project Practica03_p3 ****
make -j8 all 
arm-none-eabi-size   Practica03_p3.elf 
   text	   data	    bss	    dec	    hex	filename
  11444	    132	   1588	  13164	   336c	Practica03_p3.elf
Finished building: default.size.stdout
 
19:17:26 **** Incremental Build of configuration Debug for project Practica03_p3 ****
make -j8 all 
arm-none-eabi-size   Practica03_p3.elf 
   text	   data	    bss	    dec	    hex	filename
  11444	    132	   1588	  13164	   336c	Practica03_p3.elf
Finished building: default.size.stdout
 
19:21:36 **** Incremental Build of configuration Debug for project Practica03_p3 ****
make -j8 all 
arm-none-eabi-gcc "../Src/main.c" -mcpu=cortex-m4 -std=gnu11 -g3 -DDEBUG -DSTM32 -DSTM32F429ZITx -DSTM32F4 -DNUCLEO_F429ZI -DUSE_HAL_DRIVER -DSTM32F429xx -c -I../Inc -I"/home/lgomez/maestriauba/SMT32/PdM_workspace/Practica03_p3/Drivers/STM32F4xx_HAL_Driver/Inc" -I"/home/lgomez/maestriauba/SMT32/PdM_workspace/Practica03_p3/Drivers/CMSIS/Include" -I"/home/lgomez/maestriauba/SMT32/PdM_workspace/Practica03_p3/Drivers/CMSIS/Device/ST/STM32F4xx/Include" -I"/home/lgomez/maestriauba/SMT32/PdM_workspace/Practica03_p3/Drivers/BSP/STM32F4xx_Nucleo_144" -I"/home/lgomez/maestriauba/SMT32/PdM_workspace/Practica03_p3/Drivers/Core/Inc" -I"/home/lgomez/maestriauba/SMT32/PdM_workspace/Practica03_p3/Drivers/API" -I"/home/lgomez/maestriauba/SMT32/PdM_workspace/Practica03_p3/Drivers/API/inc" -O0 -ffunction-sections -fdata-sections -Wall -fstack-usage -fcyclomatic-complexity -MMD -MP -MF"Src/main.d" -MT"Src/main.o" --specs=nano.specs -mfpu=fpv4-sp-d16 -mfloat-abi=hard -mthumb -o "Src/main.o"
../Src/main.c: In function 'main':
../Src/main.c:104:19: warning: variable 'state' set but not used [-Wunused-but-set-variable]
  104 |     GPIO_PinState state = HAL_GPIO_ReadPin (LED1,LED1_PIN);
      |                   ^~~~~
../Src/main.c:100:9: warning: unused variable 'Estado_LED' [-Wunused-variable]
  100 |     int Estado_LED = OFF ; // EStado de LED  inicial
      |         ^~~~~~~~~~
../Src/main.c:99:9: warning: unused variable 'LED_select' [-Wunused-variable]
   99 |     int LED_select = LED_init; // LED inicial
      |         ^~~~~~~~~~
arm-none-eabi-gcc -o "Practica03_p3.elf" @"objects.list"   -mcpu=cortex-m4 -T"/home/lgomez/maestriauba/SMT32/PdM_workspace/Practica03_p3/STM32F429ZITX_FLASH.ld" --specs=nosys.specs -Wl,-Map="Practica03_p3.map" -Wl,--gc-sections -static --specs=nano.specs -mfpu=fpv4-sp-d16 -mfloat-abi=hard -mthumb -Wl,--start-group -lc -lm -Wl,--end-group
Finished building target: Practica03_p3.elf
 
arm-none-eabi-size   Practica03_p3.elf 
arm-none-eabi-objdump -h -S  Practica03_p3.elf  > "Practica03_p3.list"
   text	   data	    bss	    dec	    hex	filename
  11444	    132	   1588	  13164	   336c	Practica03_p3.elf
Finished building: default.size.stdout
 
Finished building: Practica03_p3.list
 
19:22:22 **** Incremental Build of configuration Debug for project Practica03_p3 ****
make -j8 all 
arm-none-eabi-size   Practica03_p3.elf 
   text	   data	    bss	    dec	    hex	filename
  11444	    132	   1588	  13164	   336c	Practica03_p3.elf
Finished building: default.size.stdout
 
21:48:58 **** Incremental Build of configuration Debug for project Practica03_p3 ****
make -j8 all 
arm-none-eabi-size   Practica03_p3.elf 
   text	   data	    bss	    dec	    hex	filename
  11444	    132	   1588	  13164	   336c	Practica03_p3.elf
Finished building: default.size.stdout
 
