23:00:00 **** Incremental Build of configuration Debug for project Practica02_p1 ****
make -j8 all 
arm-none-eabi-size   Practica02_p1.elf 
   text	   data	    bss	    dec	    hex	filename
   6752	     36	   1572	   8360	   20a8	Practica02_p1.elf
Finished building: default.size.stdout
 
23:02:31 **** Incremental Build of configuration Debug for project Practica02_p1 ****
make -j8 all 
arm-none-eabi-size   Practica02_p1.elf 
   text	   data	    bss	    dec	    hex	filename
   6752	     36	   1572	   8360	   20a8	Practica02_p1.elf
Finished building: default.size.stdout
 
23:03:00 **** Incremental Build of configuration Debug for project Practica02_p1 ****
make -j8 all 
arm-none-eabi-size   Practica02_p1.elf 
   text	   data	    bss	    dec	    hex	filename
   6752	     36	   1572	   8360	   20a8	Practica02_p1.elf
Finished building: default.size.stdout
 
23:14:27 **** Incremental Build of configuration Debug for project Practica02_p1 ****
make -j8 all 
arm-none-eabi-gcc "../Src/main.c" -mcpu=cortex-m4 -std=gnu11 -g3 -DDEBUG -DSTM32 -DSTM32F429ZITx -DSTM32F4 -DNUCLEO_F429ZI -DUSE_HAL_DRIVER -DSTM32F429xx -c -I../Inc -I"/home/lgomez/maestriauba/SMT32/PdM_workspace/Practica02_p1/Drivers/STM32F4xx_HAL_Driver/Inc" -I"/home/lgomez/maestriauba/SMT32/PdM_workspace/Practica02_p1/Drivers/CMSIS/Include" -I"/home/lgomez/maestriauba/SMT32/PdM_workspace/Practica02_p1/Drivers/CMSIS/Device/ST/STM32F4xx/Include" -I"/home/lgomez/maestriauba/SMT32/PdM_workspace/Practica02_p1/Drivers/BSP/STM32F4xx_Nucleo_144" -I"/home/lgomez/maestriauba/SMT32/PdM_workspace/Practica02_p1/Drivers/Core/Inc" -O0 -ffunction-sections -fdata-sections -Wall -fstack-usage -fcyclomatic-complexity -MMD -MP -MF"Src/main.d" -MT"Src/main.o" --specs=nano.specs -mfpu=fpv4-sp-d16 -mfloat-abi=hard -mthumb -o "Src/main.o"
arm-none-eabi-gcc "../Drivers/STM32F4xx_HAL_Driver/Src/stm32f4xx_hal_msp.c" -mcpu=cortex-m4 -std=gnu11 -g3 -DDEBUG -DSTM32 -DSTM32F429ZITx -DSTM32F4 -DNUCLEO_F429ZI -DUSE_HAL_DRIVER -DSTM32F429xx -c -I../Inc -I"/home/lgomez/maestriauba/SMT32/PdM_workspace/Practica02_p1/Drivers/STM32F4xx_HAL_Driver/Inc" -I"/home/lgomez/maestriauba/SMT32/PdM_workspace/Practica02_p1/Drivers/CMSIS/Include" -I"/home/lgomez/maestriauba/SMT32/PdM_workspace/Practica02_p1/Drivers/CMSIS/Device/ST/STM32F4xx/Include" -I"/home/lgomez/maestriauba/SMT32/PdM_workspace/Practica02_p1/Drivers/BSP/STM32F4xx_Nucleo_144" -I"/home/lgomez/maestriauba/SMT32/PdM_workspace/Practica02_p1/Drivers/Core/Inc" -O0 -ffunction-sections -fdata-sections -Wall -fstack-usage -fcyclomatic-complexity -MMD -MP -MF"Drivers/STM32F4xx_HAL_Driver/Src/stm32f4xx_hal_msp.d" -MT"Drivers/STM32F4xx_HAL_Driver/Src/stm32f4xx_hal_msp.o" --specs=nano.specs -mfpu=fpv4-sp-d16 -mfloat-abi=hard -mthumb -o "Drivers/STM32F4xx_HAL_Driver/Src/stm32f4xx_hal_msp.o"
arm-none-eabi-gcc "../Drivers/Core/Src/stm32f4xx_it.c" -mcpu=cortex-m4 -std=gnu11 -g3 -DDEBUG -DSTM32 -DSTM32F429ZITx -DSTM32F4 -DNUCLEO_F429ZI -DUSE_HAL_DRIVER -DSTM32F429xx -c -I../Inc -I"/home/lgomez/maestriauba/SMT32/PdM_workspace/Practica02_p1/Drivers/STM32F4xx_HAL_Driver/Inc" -I"/home/lgomez/maestriauba/SMT32/PdM_workspace/Practica02_p1/Drivers/CMSIS/Include" -I"/home/lgomez/maestriauba/SMT32/PdM_workspace/Practica02_p1/Drivers/CMSIS/Device/ST/STM32F4xx/Include" -I"/home/lgomez/maestriauba/SMT32/PdM_workspace/Practica02_p1/Drivers/BSP/STM32F4xx_Nucleo_144" -I"/home/lgomez/maestriauba/SMT32/PdM_workspace/Practica02_p1/Drivers/Core/Inc" -O0 -ffunction-sections -fdata-sections -Wall -fstack-usage -fcyclomatic-complexity -MMD -MP -MF"Drivers/Core/Src/stm32f4xx_it.d" -MT"Drivers/Core/Src/stm32f4xx_it.o" --specs=nano.specs -mfpu=fpv4-sp-d16 -mfloat-abi=hard -mthumb -o "Drivers/Core/Src/stm32f4xx_it.o"
arm-none-eabi-gcc -o "Practica02_p1.elf" @"objects.list"   -mcpu=cortex-m4 -T"/home/lgomez/maestriauba/SMT32/PdM_workspace/Practica02_p1/STM32F429ZITX_FLASH.ld" --specs=nosys.specs -Wl,-Map="Practica02_p1.map" -Wl,--gc-sections -static --specs=nano.specs -mfpu=fpv4-sp-d16 -mfloat-abi=hard -mthumb -Wl,--start-group -lc -lm -Wl,--end-group
Finished building target: Practica02_p1.elf
 
arm-none-eabi-size   Practica02_p1.elf 
arm-none-eabi-objdump -h -S  Practica02_p1.elf  > "Practica02_p1.list"
   text	   data	    bss	    dec	    hex	filename
   6752	     36	   1572	   8360	   20a8	Practica02_p1.elf
Finished building: default.size.stdout
 
Finished building: Practica02_p1.list
 
23:14:54 **** Incremental Build of configuration Debug for project Practica02_p1 ****
make -j8 all 
arm-none-eabi-size   Practica02_p1.elf 
   text	   data	    bss	    dec	    hex	filename
   6752	     36	   1572	   8360	   20a8	Practica02_p1.elf
Finished building: default.size.stdout
 
23:16:20 **** Incremental Build of configuration Debug for project Practica02_p1 ****
make -j8 all 
arm-none-eabi-size   Practica02_p1.elf 
   text	   data	    bss	    dec	    hex	filename
   6752	     36	   1572	   8360	   20a8	Practica02_p1.elf
Finished building: default.size.stdout
 
18:22:41 **** Incremental Build of configuration Debug for project Practica02_p1 ****
make -j8 all 
arm-none-eabi-gcc "../Src/main.c" -mcpu=cortex-m4 -std=gnu11 -g3 -DDEBUG -DSTM32 -DSTM32F429ZITx -DSTM32F4 -DNUCLEO_F429ZI -DUSE_HAL_DRIVER -DSTM32F429xx -c -I../Inc -I"/home/lgomez/maestriauba/SMT32/PdM_workspace/Practica02_p1/Drivers/STM32F4xx_HAL_Driver/Inc" -I"/home/lgomez/maestriauba/SMT32/PdM_workspace/Practica02_p1/Drivers/CMSIS/Include" -I"/home/lgomez/maestriauba/SMT32/PdM_workspace/Practica02_p1/Drivers/CMSIS/Device/ST/STM32F4xx/Include" -I"/home/lgomez/maestriauba/SMT32/PdM_workspace/Practica02_p1/Drivers/BSP/STM32F4xx_Nucleo_144" -I"/home/lgomez/maestriauba/SMT32/PdM_workspace/Practica02_p1/Drivers/Core/Inc" -O0 -ffunction-sections -fdata-sections -Wall -fstack-usage -fcyclomatic-complexity -MMD -MP -MF"Src/main.d" -MT"Src/main.o" --specs=nano.specs -mfpu=fpv4-sp-d16 -mfloat-abi=hard -mthumb -o "Src/main.o"
../Src/main.c: In function 'main':
../Src/main.c:76:10: warning: unused variable 'dalayM' [-Wunused-variable]
   76 |  delay_t dalayM;
      |          ^~~~~~
../Src/main.c: In function 'delayRead':
../Src/main.c:133:20: error: invalid type argument of '->' (have 'uint32_t' {aka 'long unsigned int'})
  133 |    if(HAL_GetTick()->startTime >= delay->duration){
      |                    ^~
../Src/main.c:134:12: error: 'delay_t' has no member named 'runnig'; did you mean 'running'?
  134 |     delay->runnig = false;
      |            ^~~~~~
      |            running
make: *** [Src/subdir.mk:19: Src/main.o] Error 1
"make -j8 all" terminated with exit code 2. Build might be incomplete.
18:22:51 **** Incremental Build of configuration Debug for project Practica02_p1 ****
make -j8 all 
arm-none-eabi-gcc "../Src/main.c" -mcpu=cortex-m4 -std=gnu11 -g3 -DDEBUG -DSTM32 -DSTM32F429ZITx -DSTM32F4 -DNUCLEO_F429ZI -DUSE_HAL_DRIVER -DSTM32F429xx -c -I../Inc -I"/home/lgomez/maestriauba/SMT32/PdM_workspace/Practica02_p1/Drivers/STM32F4xx_HAL_Driver/Inc" -I"/home/lgomez/maestriauba/SMT32/PdM_workspace/Practica02_p1/Drivers/CMSIS/Include" -I"/home/lgomez/maestriauba/SMT32/PdM_workspace/Practica02_p1/Drivers/CMSIS/Device/ST/STM32F4xx/Include" -I"/home/lgomez/maestriauba/SMT32/PdM_workspace/Practica02_p1/Drivers/BSP/STM32F4xx_Nucleo_144" -I"/home/lgomez/maestriauba/SMT32/PdM_workspace/Practica02_p1/Drivers/Core/Inc" -O0 -ffunction-sections -fdata-sections -Wall -fstack-usage -fcyclomatic-complexity -MMD -MP -MF"Src/main.d" -MT"Src/main.o" --specs=nano.specs -mfpu=fpv4-sp-d16 -mfloat-abi=hard -mthumb -o "Src/main.o"
../Src/main.c: In function 'main':
../Src/main.c:76:10: warning: unused variable 'dalayM' [-Wunused-variable]
   76 |  delay_t dalayM;
      |          ^~~~~~
../Src/main.c: In function 'delayRead':
../Src/main.c:133:20: error: invalid type argument of '->' (have 'uint32_t' {aka 'long unsigned int'})
  133 |    if(HAL_GetTick()->startTime >= delay->duration){
      |                    ^~
../Src/main.c:134:12: error: 'delay_t' has no member named 'runnig'; did you mean 'running'?
  134 |     delay->runnig = false;
      |            ^~~~~~
      |            running
make: *** [Src/subdir.mk:19: Src/main.o] Error 1
"make -j8 all" terminated with exit code 2. Build might be incomplete.
18:23:47 **** Incremental Build of configuration Debug for project Practica02_p1 ****
make -j8 all 
arm-none-eabi-gcc "../Src/main.c" -mcpu=cortex-m4 -std=gnu11 -g3 -DDEBUG -DSTM32 -DSTM32F429ZITx -DSTM32F4 -DNUCLEO_F429ZI -DUSE_HAL_DRIVER -DSTM32F429xx -c -I../Inc -I"/home/lgomez/maestriauba/SMT32/PdM_workspace/Practica02_p1/Drivers/STM32F4xx_HAL_Driver/Inc" -I"/home/lgomez/maestriauba/SMT32/PdM_workspace/Practica02_p1/Drivers/CMSIS/Include" -I"/home/lgomez/maestriauba/SMT32/PdM_workspace/Practica02_p1/Drivers/CMSIS/Device/ST/STM32F4xx/Include" -I"/home/lgomez/maestriauba/SMT32/PdM_workspace/Practica02_p1/Drivers/BSP/STM32F4xx_Nucleo_144" -I"/home/lgomez/maestriauba/SMT32/PdM_workspace/Practica02_p1/Drivers/Core/Inc" -O0 -ffunction-sections -fdata-sections -Wall -fstack-usage -fcyclomatic-complexity -MMD -MP -MF"Src/main.d" -MT"Src/main.o" --specs=nano.specs -mfpu=fpv4-sp-d16 -mfloat-abi=hard -mthumb -o "Src/main.o"
../Src/main.c: In function 'main':
../Src/main.c:76:10: warning: unused variable 'dalayM' [-Wunused-variable]
   76 |  delay_t dalayM;
      |          ^~~~~~
../Src/main.c: In function 'delayRead':
../Src/main.c:134:12: error: 'delay_t' has no member named 'runnig'; did you mean 'running'?
  134 |     delay->runnig = false;
      |            ^~~~~~
      |            running
make: *** [Src/subdir.mk:19: Src/main.o] Error 1
"make -j8 all" terminated with exit code 2. Build might be incomplete.
18:24:22 **** Incremental Build of configuration Debug for project Practica02_p1 ****
make -j8 all 
arm-none-eabi-gcc "../Src/main.c" -mcpu=cortex-m4 -std=gnu11 -g3 -DDEBUG -DSTM32 -DSTM32F429ZITx -DSTM32F4 -DNUCLEO_F429ZI -DUSE_HAL_DRIVER -DSTM32F429xx -c -I../Inc -I"/home/lgomez/maestriauba/SMT32/PdM_workspace/Practica02_p1/Drivers/STM32F4xx_HAL_Driver/Inc" -I"/home/lgomez/maestriauba/SMT32/PdM_workspace/Practica02_p1/Drivers/CMSIS/Include" -I"/home/lgomez/maestriauba/SMT32/PdM_workspace/Practica02_p1/Drivers/CMSIS/Device/ST/STM32F4xx/Include" -I"/home/lgomez/maestriauba/SMT32/PdM_workspace/Practica02_p1/Drivers/BSP/STM32F4xx_Nucleo_144" -I"/home/lgomez/maestriauba/SMT32/PdM_workspace/Practica02_p1/Drivers/Core/Inc" -O0 -ffunction-sections -fdata-sections -Wall -fstack-usage -fcyclomatic-complexity -MMD -MP -MF"Src/main.d" -MT"Src/main.o" --specs=nano.specs -mfpu=fpv4-sp-d16 -mfloat-abi=hard -mthumb -o "Src/main.o"
../Src/main.c: In function 'delayRead':
../Src/main.c:133:12: error: 'delay_t' has no member named 'runnig'; did you mean 'running'?
  133 |     delay->runnig = false;
      |            ^~~~~~
      |            running
make: *** [Src/subdir.mk:19: Src/main.o] Error 1
"make -j8 all" terminated with exit code 2. Build might be incomplete.
18:24:56 **** Incremental Build of configuration Debug for project Practica02_p1 ****
make -j8 all 
arm-none-eabi-gcc "../Src/main.c" -mcpu=cortex-m4 -std=gnu11 -g3 -DDEBUG -DSTM32 -DSTM32F429ZITx -DSTM32F4 -DNUCLEO_F429ZI -DUSE_HAL_DRIVER -DSTM32F429xx -c -I../Inc -I"/home/lgomez/maestriauba/SMT32/PdM_workspace/Practica02_p1/Drivers/STM32F4xx_HAL_Driver/Inc" -I"/home/lgomez/maestriauba/SMT32/PdM_workspace/Practica02_p1/Drivers/CMSIS/Include" -I"/home/lgomez/maestriauba/SMT32/PdM_workspace/Practica02_p1/Drivers/CMSIS/Device/ST/STM32F4xx/Include" -I"/home/lgomez/maestriauba/SMT32/PdM_workspace/Practica02_p1/Drivers/BSP/STM32F4xx_Nucleo_144" -I"/home/lgomez/maestriauba/SMT32/PdM_workspace/Practica02_p1/Drivers/Core/Inc" -O0 -ffunction-sections -fdata-sections -Wall -fstack-usage -fcyclomatic-complexity -MMD -MP -MF"Src/main.d" -MT"Src/main.o" --specs=nano.specs -mfpu=fpv4-sp-d16 -mfloat-abi=hard -mthumb -o "Src/main.o"
arm-none-eabi-gcc -o "Practica02_p1.elf" @"objects.list"   -mcpu=cortex-m4 -T"/home/lgomez/maestriauba/SMT32/PdM_workspace/Practica02_p1/STM32F429ZITX_FLASH.ld" --specs=nosys.specs -Wl,-Map="Practica02_p1.map" -Wl,--gc-sections -static --specs=nano.specs -mfpu=fpv4-sp-d16 -mfloat-abi=hard -mthumb -Wl,--start-group -lc -lm -Wl,--end-group
Finished building target: Practica02_p1.elf
 
arm-none-eabi-size   Practica02_p1.elf 
arm-none-eabi-objdump -h -S  Practica02_p1.elf  > "Practica02_p1.list"
   text	   data	    bss	    dec	    hex	filename
   6752	     36	   1572	   8360	   20a8	Practica02_p1.elf
Finished building: default.size.stdout
 
Finished building: Practica02_p1.list
 
18:25:11 **** Incremental Build of configuration Debug for project Practica02_p1 ****
make -j8 all 
arm-none-eabi-size   Practica02_p1.elf 
   text	   data	    bss	    dec	    hex	filename
   6752	     36	   1572	   8360	   20a8	Practica02_p1.elf
Finished building: default.size.stdout
 
18:52:21 **** Incremental Build of configuration Debug for project Practica02_p1 ****
make -j8 all 
arm-none-eabi-gcc "../Src/main.c" -mcpu=cortex-m4 -std=gnu11 -g3 -DDEBUG -DSTM32 -DSTM32F429ZITx -DSTM32F4 -DNUCLEO_F429ZI -DUSE_HAL_DRIVER -DSTM32F429xx -c -I../Inc -I"/home/lgomez/maestriauba/SMT32/PdM_workspace/Practica02_p1/Drivers/STM32F4xx_HAL_Driver/Inc" -I"/home/lgomez/maestriauba/SMT32/PdM_workspace/Practica02_p1/Drivers/CMSIS/Include" -I"/home/lgomez/maestriauba/SMT32/PdM_workspace/Practica02_p1/Drivers/CMSIS/Device/ST/STM32F4xx/Include" -I"/home/lgomez/maestriauba/SMT32/PdM_workspace/Practica02_p1/Drivers/BSP/STM32F4xx_Nucleo_144" -I"/home/lgomez/maestriauba/SMT32/PdM_workspace/Practica02_p1/Drivers/Core/Inc" -O0 -ffunction-sections -fdata-sections -Wall -fstack-usage -fcyclomatic-complexity -MMD -MP -MF"Src/main.d" -MT"Src/main.o" --specs=nano.specs -mfpu=fpv4-sp-d16 -mfloat-abi=hard -mthumb -o "Src/main.o"
../Src/main.c: In function 'main':
../Src/main.c:75:6: warning: unused variable 'count' [-Wunused-variable]
   75 |  int count = 0;
      |      ^~~~~
arm-none-eabi-gcc -o "Practica02_p1.elf" @"objects.list"   -mcpu=cortex-m4 -T"/home/lgomez/maestriauba/SMT32/PdM_workspace/Practica02_p1/STM32F429ZITX_FLASH.ld" --specs=nosys.specs -Wl,-Map="Practica02_p1.map" -Wl,--gc-sections -static --specs=nano.specs -mfpu=fpv4-sp-d16 -mfloat-abi=hard -mthumb -Wl,--start-group -lc -lm -Wl,--end-group
Finished building target: Practica02_p1.elf
 
arm-none-eabi-size   Practica02_p1.elf 
arm-none-eabi-objdump -h -S  Practica02_p1.elf  > "Practica02_p1.list"
   text	   data	    bss	    dec	    hex	filename
   6540	     36	   1572	   8148	   1fd4	Practica02_p1.elf
Finished building: default.size.stdout
 
Finished building: Practica02_p1.list
 
18:52:57 **** Incremental Build of configuration Debug for project Practica02_p1 ****
make -j8 all 
arm-none-eabi-gcc "../Src/main.c" -mcpu=cortex-m4 -std=gnu11 -g3 -DDEBUG -DSTM32 -DSTM32F429ZITx -DSTM32F4 -DNUCLEO_F429ZI -DUSE_HAL_DRIVER -DSTM32F429xx -c -I../Inc -I"/home/lgomez/maestriauba/SMT32/PdM_workspace/Practica02_p1/Drivers/STM32F4xx_HAL_Driver/Inc" -I"/home/lgomez/maestriauba/SMT32/PdM_workspace/Practica02_p1/Drivers/CMSIS/Include" -I"/home/lgomez/maestriauba/SMT32/PdM_workspace/Practica02_p1/Drivers/CMSIS/Device/ST/STM32F4xx/Include" -I"/home/lgomez/maestriauba/SMT32/PdM_workspace/Practica02_p1/Drivers/BSP/STM32F4xx_Nucleo_144" -I"/home/lgomez/maestriauba/SMT32/PdM_workspace/Practica02_p1/Drivers/Core/Inc" -O0 -ffunction-sections -fdata-sections -Wall -fstack-usage -fcyclomatic-complexity -MMD -MP -MF"Src/main.d" -MT"Src/main.o" --specs=nano.specs -mfpu=fpv4-sp-d16 -mfloat-abi=hard -mthumb -o "Src/main.o"
../Src/main.c: In function 'main':
../Src/main.c:75:6: warning: unused variable 'count' [-Wunused-variable]
   75 |  int count = 0;
      |      ^~~~~
arm-none-eabi-gcc -o "Practica02_p1.elf" @"objects.list"   -mcpu=cortex-m4 -T"/home/lgomez/maestriauba/SMT32/PdM_workspace/Practica02_p1/STM32F429ZITX_FLASH.ld" --specs=nosys.specs -Wl,-Map="Practica02_p1.map" -Wl,--gc-sections -static --specs=nano.specs -mfpu=fpv4-sp-d16 -mfloat-abi=hard -mthumb -Wl,--start-group -lc -lm -Wl,--end-group
Finished building target: Practica02_p1.elf
 
arm-none-eabi-size   Practica02_p1.elf 
arm-none-eabi-objdump -h -S  Practica02_p1.elf  > "Practica02_p1.list"
   text	   data	    bss	    dec	    hex	filename
   6372	     36	   1572	   7980	   1f2c	Practica02_p1.elf
Finished building: default.size.stdout
 
Finished building: Practica02_p1.list
 
18:53:22 **** Incremental Build of configuration Debug for project Practica02_p1 ****
make -j8 all 
arm-none-eabi-size   Practica02_p1.elf 
   text	   data	    bss	    dec	    hex	filename
   6372	     36	   1572	   7980	   1f2c	Practica02_p1.elf
Finished building: default.size.stdout
 
18:53:38 **** Incremental Build of configuration Debug for project Practica02_p1 ****
make -j8 all 
arm-none-eabi-size   Practica02_p1.elf 
   text	   data	    bss	    dec	    hex	filename
   6372	     36	   1572	   7980	   1f2c	Practica02_p1.elf
Finished building: default.size.stdout
 
18:54:39 **** Incremental Build of configuration Debug for project Practica02_p1 ****
make -j8 all 
arm-none-eabi-gcc "../Src/main.c" -mcpu=cortex-m4 -std=gnu11 -g3 -DDEBUG -DSTM32 -DSTM32F429ZITx -DSTM32F4 -DNUCLEO_F429ZI -DUSE_HAL_DRIVER -DSTM32F429xx -c -I../Inc -I"/home/lgomez/maestriauba/SMT32/PdM_workspace/Practica02_p1/Drivers/STM32F4xx_HAL_Driver/Inc" -I"/home/lgomez/maestriauba/SMT32/PdM_workspace/Practica02_p1/Drivers/CMSIS/Include" -I"/home/lgomez/maestriauba/SMT32/PdM_workspace/Practica02_p1/Drivers/CMSIS/Device/ST/STM32F4xx/Include" -I"/home/lgomez/maestriauba/SMT32/PdM_workspace/Practica02_p1/Drivers/BSP/STM32F4xx_Nucleo_144" -I"/home/lgomez/maestriauba/SMT32/PdM_workspace/Practica02_p1/Drivers/Core/Inc" -O0 -ffunction-sections -fdata-sections -Wall -fstack-usage -fcyclomatic-complexity -MMD -MP -MF"Src/main.d" -MT"Src/main.o" --specs=nano.specs -mfpu=fpv4-sp-d16 -mfloat-abi=hard -mthumb -o "Src/main.o"
../Src/main.c: In function 'main':
../Src/main.c:75:6: warning: unused variable 'count' [-Wunused-variable]
   75 |  int count = 0;
      |      ^~~~~
arm-none-eabi-gcc -o "Practica02_p1.elf" @"objects.list"   -mcpu=cortex-m4 -T"/home/lgomez/maestriauba/SMT32/PdM_workspace/Practica02_p1/STM32F429ZITX_FLASH.ld" --specs=nosys.specs -Wl,-Map="Practica02_p1.map" -Wl,--gc-sections -static --specs=nano.specs -mfpu=fpv4-sp-d16 -mfloat-abi=hard -mthumb -Wl,--start-group -lc -lm -Wl,--end-group
Finished building target: Practica02_p1.elf
 
arm-none-eabi-size   Practica02_p1.elf 
arm-none-eabi-objdump -h -S  Practica02_p1.elf  > "Practica02_p1.list"
   text	   data	    bss	    dec	    hex	filename
   6384	     36	   1572	   7992	   1f38	Practica02_p1.elf
Finished building: default.size.stdout
 
Finished building: Practica02_p1.list
 
18:55:04 **** Incremental Build of configuration Debug for project Practica02_p1 ****
make -j8 all 
arm-none-eabi-size   Practica02_p1.elf 
   text	   data	    bss	    dec	    hex	filename
   6384	     36	   1572	   7992	   1f38	Practica02_p1.elf
Finished building: default.size.stdout
 
18:56:16 **** Incremental Build of configuration Debug for project Practica02_p1 ****
make -j8 all 
arm-none-eabi-gcc "../Src/main.c" -mcpu=cortex-m4 -std=gnu11 -g3 -DDEBUG -DSTM32 -DSTM32F429ZITx -DSTM32F4 -DNUCLEO_F429ZI -DUSE_HAL_DRIVER -DSTM32F429xx -c -I../Inc -I"/home/lgomez/maestriauba/SMT32/PdM_workspace/Practica02_p1/Drivers/STM32F4xx_HAL_Driver/Inc" -I"/home/lgomez/maestriauba/SMT32/PdM_workspace/Practica02_p1/Drivers/CMSIS/Include" -I"/home/lgomez/maestriauba/SMT32/PdM_workspace/Practica02_p1/Drivers/CMSIS/Device/ST/STM32F4xx/Include" -I"/home/lgomez/maestriauba/SMT32/PdM_workspace/Practica02_p1/Drivers/BSP/STM32F4xx_Nucleo_144" -I"/home/lgomez/maestriauba/SMT32/PdM_workspace/Practica02_p1/Drivers/Core/Inc" -O0 -ffunction-sections -fdata-sections -Wall -fstack-usage -fcyclomatic-complexity -MMD -MP -MF"Src/main.d" -MT"Src/main.o" --specs=nano.specs -mfpu=fpv4-sp-d16 -mfloat-abi=hard -mthumb -o "Src/main.o"
../Src/main.c: In function 'main':
../Src/main.c:75:6: warning: unused variable 'count' [-Wunused-variable]
   75 |  int count = 0;
      |      ^~~~~
arm-none-eabi-gcc -o "Practica02_p1.elf" @"objects.list"   -mcpu=cortex-m4 -T"/home/lgomez/maestriauba/SMT32/PdM_workspace/Practica02_p1/STM32F429ZITX_FLASH.ld" --specs=nosys.specs -Wl,-Map="Practica02_p1.map" -Wl,--gc-sections -static --specs=nano.specs -mfpu=fpv4-sp-d16 -mfloat-abi=hard -mthumb -Wl,--start-group -lc -lm -Wl,--end-group
Finished building target: Practica02_p1.elf
 
arm-none-eabi-size   Practica02_p1.elf 
arm-none-eabi-objdump -h -S  Practica02_p1.elf  > "Practica02_p1.list"
   text	   data	    bss	    dec	    hex	filename
   6488	     36	   1572	   8096	   1fa0	Practica02_p1.elf
Finished building: default.size.stdout
 
Finished building: Practica02_p1.list
 
18:56:29 **** Incremental Build of configuration Debug for project Practica02_p1 ****
make -j8 all 
arm-none-eabi-size   Practica02_p1.elf 
   text	   data	    bss	    dec	    hex	filename
   6488	     36	   1572	   8096	   1fa0	Practica02_p1.elf
Finished building: default.size.stdout
 
18:56:56 **** Incremental Build of configuration Debug for project Practica02_p1 ****
make -j8 all 
arm-none-eabi-size   Practica02_p1.elf 
   text	   data	    bss	    dec	    hex	filename
   6488	     36	   1572	   8096	   1fa0	Practica02_p1.elf
Finished building: default.size.stdout
 
18:58:52 **** Incremental Build of configuration Debug for project Practica02_p1 ****
make -j8 all 
arm-none-eabi-gcc "../Src/main.c" -mcpu=cortex-m4 -std=gnu11 -g3 -DDEBUG -DSTM32 -DSTM32F429ZITx -DSTM32F4 -DNUCLEO_F429ZI -DUSE_HAL_DRIVER -DSTM32F429xx -c -I../Inc -I"/home/lgomez/maestriauba/SMT32/PdM_workspace/Practica02_p1/Drivers/STM32F4xx_HAL_Driver/Inc" -I"/home/lgomez/maestriauba/SMT32/PdM_workspace/Practica02_p1/Drivers/CMSIS/Include" -I"/home/lgomez/maestriauba/SMT32/PdM_workspace/Practica02_p1/Drivers/CMSIS/Device/ST/STM32F4xx/Include" -I"/home/lgomez/maestriauba/SMT32/PdM_workspace/Practica02_p1/Drivers/BSP/STM32F4xx_Nucleo_144" -I"/home/lgomez/maestriauba/SMT32/PdM_workspace/Practica02_p1/Drivers/Core/Inc" -O0 -ffunction-sections -fdata-sections -Wall -fstack-usage -fcyclomatic-complexity -MMD -MP -MF"Src/main.d" -MT"Src/main.o" --specs=nano.specs -mfpu=fpv4-sp-d16 -mfloat-abi=hard -mthumb -o "Src/main.o"
../Src/main.c: In function 'main':
../Src/main.c:75:6: warning: unused variable 'count' [-Wunused-variable]
   75 |  int count = 0;
      |      ^~~~~
arm-none-eabi-gcc -o "Practica02_p1.elf" @"objects.list"   -mcpu=cortex-m4 -T"/home/lgomez/maestriauba/SMT32/PdM_workspace/Practica02_p1/STM32F429ZITX_FLASH.ld" --specs=nosys.specs -Wl,-Map="Practica02_p1.map" -Wl,--gc-sections -static --specs=nano.specs -mfpu=fpv4-sp-d16 -mfloat-abi=hard -mthumb -Wl,--start-group -lc -lm -Wl,--end-group
Finished building target: Practica02_p1.elf
 
arm-none-eabi-size   Practica02_p1.elf 
arm-none-eabi-objdump -h -S  Practica02_p1.elf  > "Practica02_p1.list"
   text	   data	    bss	    dec	    hex	filename
   6484	     36	   1572	   8092	   1f9c	Practica02_p1.elf
Finished building: default.size.stdout
 
Finished building: Practica02_p1.list
 
18:59:46 **** Incremental Build of configuration Debug for project Practica02_p1 ****
make -j8 all 
arm-none-eabi-gcc "../Src/main.c" -mcpu=cortex-m4 -std=gnu11 -g3 -DDEBUG -DSTM32 -DSTM32F429ZITx -DSTM32F4 -DNUCLEO_F429ZI -DUSE_HAL_DRIVER -DSTM32F429xx -c -I../Inc -I"/home/lgomez/maestriauba/SMT32/PdM_workspace/Practica02_p1/Drivers/STM32F4xx_HAL_Driver/Inc" -I"/home/lgomez/maestriauba/SMT32/PdM_workspace/Practica02_p1/Drivers/CMSIS/Include" -I"/home/lgomez/maestriauba/SMT32/PdM_workspace/Practica02_p1/Drivers/CMSIS/Device/ST/STM32F4xx/Include" -I"/home/lgomez/maestriauba/SMT32/PdM_workspace/Practica02_p1/Drivers/BSP/STM32F4xx_Nucleo_144" -I"/home/lgomez/maestriauba/SMT32/PdM_workspace/Practica02_p1/Drivers/Core/Inc" -O0 -ffunction-sections -fdata-sections -Wall -fstack-usage -fcyclomatic-complexity -MMD -MP -MF"Src/main.d" -MT"Src/main.o" --specs=nano.specs -mfpu=fpv4-sp-d16 -mfloat-abi=hard -mthumb -o "Src/main.o"
../Src/main.c: In function 'main':
../Src/main.c:75:6: warning: unused variable 'count' [-Wunused-variable]
   75 |  int count = 0;
      |      ^~~~~
arm-none-eabi-gcc -o "Practica02_p1.elf" @"objects.list"   -mcpu=cortex-m4 -T"/home/lgomez/maestriauba/SMT32/PdM_workspace/Practica02_p1/STM32F429ZITX_FLASH.ld" --specs=nosys.specs -Wl,-Map="Practica02_p1.map" -Wl,--gc-sections -static --specs=nano.specs -mfpu=fpv4-sp-d16 -mfloat-abi=hard -mthumb -Wl,--start-group -lc -lm -Wl,--end-group
Finished building target: Practica02_p1.elf
 
arm-none-eabi-size   Practica02_p1.elf 
arm-none-eabi-objdump -h -S  Practica02_p1.elf  > "Practica02_p1.list"
   text	   data	    bss	    dec	    hex	filename
   6484	     36	   1572	   8092	   1f9c	Practica02_p1.elf
Finished building: default.size.stdout
 
Finished building: Practica02_p1.list
 
19:00:09 **** Incremental Build of configuration Debug for project Practica02_p1 ****
make -j8 all 
arm-none-eabi-gcc "../Src/main.c" -mcpu=cortex-m4 -std=gnu11 -g3 -DDEBUG -DSTM32 -DSTM32F429ZITx -DSTM32F4 -DNUCLEO_F429ZI -DUSE_HAL_DRIVER -DSTM32F429xx -c -I../Inc -I"/home/lgomez/maestriauba/SMT32/PdM_workspace/Practica02_p1/Drivers/STM32F4xx_HAL_Driver/Inc" -I"/home/lgomez/maestriauba/SMT32/PdM_workspace/Practica02_p1/Drivers/CMSIS/Include" -I"/home/lgomez/maestriauba/SMT32/PdM_workspace/Practica02_p1/Drivers/CMSIS/Device/ST/STM32F4xx/Include" -I"/home/lgomez/maestriauba/SMT32/PdM_workspace/Practica02_p1/Drivers/BSP/STM32F4xx_Nucleo_144" -I"/home/lgomez/maestriauba/SMT32/PdM_workspace/Practica02_p1/Drivers/Core/Inc" -O0 -ffunction-sections -fdata-sections -Wall -fstack-usage -fcyclomatic-complexity -MMD -MP -MF"Src/main.d" -MT"Src/main.o" --specs=nano.specs -mfpu=fpv4-sp-d16 -mfloat-abi=hard -mthumb -o "Src/main.o"
arm-none-eabi-gcc -o "Practica02_p1.elf" @"objects.list"   -mcpu=cortex-m4 -T"/home/lgomez/maestriauba/SMT32/PdM_workspace/Practica02_p1/STM32F429ZITX_FLASH.ld" --specs=nosys.specs -Wl,-Map="Practica02_p1.map" -Wl,--gc-sections -static --specs=nano.specs -mfpu=fpv4-sp-d16 -mfloat-abi=hard -mthumb -Wl,--start-group -lc -lm -Wl,--end-group
Finished building target: Practica02_p1.elf
 
arm-none-eabi-size   Practica02_p1.elf 
arm-none-eabi-objdump -h -S  Practica02_p1.elf  > "Practica02_p1.list"
   text	   data	    bss	    dec	    hex	filename
   6480	     36	   1572	   8088	   1f98	Practica02_p1.elf
Finished building: default.size.stdout
 
Finished building: Practica02_p1.list
 
19:00:16 **** Incremental Build of configuration Debug for project Practica02_p1 ****
make -j8 all 
arm-none-eabi-size   Practica02_p1.elf 
   text	   data	    bss	    dec	    hex	filename
   6480	     36	   1572	   8088	   1f98	Practica02_p1.elf
Finished building: default.size.stdout
 
19:01:55 **** Incremental Build of configuration Debug for project Practica02_p1 ****
make -j8 all 
arm-none-eabi-gcc "../Src/main.c" -mcpu=cortex-m4 -std=gnu11 -g3 -DDEBUG -DSTM32 -DSTM32F429ZITx -DSTM32F4 -DNUCLEO_F429ZI -DUSE_HAL_DRIVER -DSTM32F429xx -c -I../Inc -I"/home/lgomez/maestriauba/SMT32/PdM_workspace/Practica02_p1/Drivers/STM32F4xx_HAL_Driver/Inc" -I"/home/lgomez/maestriauba/SMT32/PdM_workspace/Practica02_p1/Drivers/CMSIS/Include" -I"/home/lgomez/maestriauba/SMT32/PdM_workspace/Practica02_p1/Drivers/CMSIS/Device/ST/STM32F4xx/Include" -I"/home/lgomez/maestriauba/SMT32/PdM_workspace/Practica02_p1/Drivers/BSP/STM32F4xx_Nucleo_144" -I"/home/lgomez/maestriauba/SMT32/PdM_workspace/Practica02_p1/Drivers/Core/Inc" -O0 -ffunction-sections -fdata-sections -Wall -fstack-usage -fcyclomatic-complexity -MMD -MP -MF"Src/main.d" -MT"Src/main.o" --specs=nano.specs -mfpu=fpv4-sp-d16 -mfloat-abi=hard -mthumb -o "Src/main.o"
arm-none-eabi-gcc -o "Practica02_p1.elf" @"objects.list"   -mcpu=cortex-m4 -T"/home/lgomez/maestriauba/SMT32/PdM_workspace/Practica02_p1/STM32F429ZITX_FLASH.ld" --specs=nosys.specs -Wl,-Map="Practica02_p1.map" -Wl,--gc-sections -static --specs=nano.specs -mfpu=fpv4-sp-d16 -mfloat-abi=hard -mthumb -Wl,--start-group -lc -lm -Wl,--end-group
Finished building target: Practica02_p1.elf
 
arm-none-eabi-size   Practica02_p1.elf 
arm-none-eabi-objdump -h -S  Practica02_p1.elf  > "Practica02_p1.list"
   text	   data	    bss	    dec	    hex	filename
   6488	     36	   1572	   8096	   1fa0	Practica02_p1.elf
Finished building: default.size.stdout
 
Finished building: Practica02_p1.list
 
19:02:14 **** Incremental Build of configuration Debug for project Practica02_p1 ****
make -j8 all 
arm-none-eabi-size   Practica02_p1.elf 
   text	   data	    bss	    dec	    hex	filename
   6488	     36	   1572	   8096	   1fa0	Practica02_p1.elf
Finished building: default.size.stdout
 
19:03:02 **** Incremental Build of configuration Debug for project Practica02_p1 ****
make -j8 all 
arm-none-eabi-gcc "../Src/main.c" -mcpu=cortex-m4 -std=gnu11 -g3 -DDEBUG -DSTM32 -DSTM32F429ZITx -DSTM32F4 -DNUCLEO_F429ZI -DUSE_HAL_DRIVER -DSTM32F429xx -c -I../Inc -I"/home/lgomez/maestriauba/SMT32/PdM_workspace/Practica02_p1/Drivers/STM32F4xx_HAL_Driver/Inc" -I"/home/lgomez/maestriauba/SMT32/PdM_workspace/Practica02_p1/Drivers/CMSIS/Include" -I"/home/lgomez/maestriauba/SMT32/PdM_workspace/Practica02_p1/Drivers/CMSIS/Device/ST/STM32F4xx/Include" -I"/home/lgomez/maestriauba/SMT32/PdM_workspace/Practica02_p1/Drivers/BSP/STM32F4xx_Nucleo_144" -I"/home/lgomez/maestriauba/SMT32/PdM_workspace/Practica02_p1/Drivers/Core/Inc" -O0 -ffunction-sections -fdata-sections -Wall -fstack-usage -fcyclomatic-complexity -MMD -MP -MF"Src/main.d" -MT"Src/main.o" --specs=nano.specs -mfpu=fpv4-sp-d16 -mfloat-abi=hard -mthumb -o "Src/main.o"
arm-none-eabi-gcc -o "Practica02_p1.elf" @"objects.list"   -mcpu=cortex-m4 -T"/home/lgomez/maestriauba/SMT32/PdM_workspace/Practica02_p1/STM32F429ZITX_FLASH.ld" --specs=nosys.specs -Wl,-Map="Practica02_p1.map" -Wl,--gc-sections -static --specs=nano.specs -mfpu=fpv4-sp-d16 -mfloat-abi=hard -mthumb -Wl,--start-group -lc -lm -Wl,--end-group
Finished building target: Practica02_p1.elf
 
arm-none-eabi-size   Practica02_p1.elf 
arm-none-eabi-objdump -h -S  Practica02_p1.elf  > "Practica02_p1.list"
   text	   data	    bss	    dec	    hex	filename
   6488	     36	   1572	   8096	   1fa0	Practica02_p1.elf
Finished building: default.size.stdout
 
Finished building: Practica02_p1.list
 
19:03:23 **** Incremental Build of configuration Debug for project Practica02_p1 ****
make -j8 all 
arm-none-eabi-size   Practica02_p1.elf 
   text	   data	    bss	    dec	    hex	filename
   6488	     36	   1572	   8096	   1fa0	Practica02_p1.elf
Finished building: default.size.stdout
 
19:07:28 **** Incremental Build of configuration Debug for project Practica02_p1 ****
make -j8 all 
arm-none-eabi-gcc "../Src/main.c" -mcpu=cortex-m4 -std=gnu11 -g3 -DDEBUG -DSTM32 -DSTM32F429ZITx -DSTM32F4 -DNUCLEO_F429ZI -DUSE_HAL_DRIVER -DSTM32F429xx -c -I../Inc -I"/home/lgomez/maestriauba/SMT32/PdM_workspace/Practica02_p1/Drivers/STM32F4xx_HAL_Driver/Inc" -I"/home/lgomez/maestriauba/SMT32/PdM_workspace/Practica02_p1/Drivers/CMSIS/Include" -I"/home/lgomez/maestriauba/SMT32/PdM_workspace/Practica02_p1/Drivers/CMSIS/Device/ST/STM32F4xx/Include" -I"/home/lgomez/maestriauba/SMT32/PdM_workspace/Practica02_p1/Drivers/BSP/STM32F4xx_Nucleo_144" -I"/home/lgomez/maestriauba/SMT32/PdM_workspace/Practica02_p1/Drivers/Core/Inc" -O0 -ffunction-sections -fdata-sections -Wall -fstack-usage -fcyclomatic-complexity -MMD -MP -MF"Src/main.d" -MT"Src/main.o" --specs=nano.specs -mfpu=fpv4-sp-d16 -mfloat-abi=hard -mthumb -o "Src/main.o"
arm-none-eabi-gcc -o "Practica02_p1.elf" @"objects.list"   -mcpu=cortex-m4 -T"/home/lgomez/maestriauba/SMT32/PdM_workspace/Practica02_p1/STM32F429ZITX_FLASH.ld" --specs=nosys.specs -Wl,-Map="Practica02_p1.map" -Wl,--gc-sections -static --specs=nano.specs -mfpu=fpv4-sp-d16 -mfloat-abi=hard -mthumb -Wl,--start-group -lc -lm -Wl,--end-group
Finished building target: Practica02_p1.elf
 
arm-none-eabi-size   Practica02_p1.elf 
arm-none-eabi-objdump -h -S  Practica02_p1.elf  > "Practica02_p1.list"
   text	   data	    bss	    dec	    hex	filename
   6492	     36	   1572	   8100	   1fa4	Practica02_p1.elf
Finished building: default.size.stdout
 
Finished building: Practica02_p1.list
 
19:07:43 **** Incremental Build of configuration Debug for project Practica02_p1 ****
make -j8 all 
arm-none-eabi-size   Practica02_p1.elf 
   text	   data	    bss	    dec	    hex	filename
   6492	     36	   1572	   8100	   1fa4	Practica02_p1.elf
Finished building: default.size.stdout
 
21:21:05 **** Incremental Build of configuration Debug for project Practica02_p1 ****
make -j8 all 
arm-none-eabi-gcc "../Src/main.c" -mcpu=cortex-m4 -std=gnu11 -g3 -DDEBUG -DSTM32 -DSTM32F429ZITx -DSTM32F4 -DNUCLEO_F429ZI -DUSE_HAL_DRIVER -DSTM32F429xx -c -I../Inc -I"/home/lgomez/maestriauba/SMT32/PdM_workspace/Practica02_p1/Drivers/STM32F4xx_HAL_Driver/Inc" -I"/home/lgomez/maestriauba/SMT32/PdM_workspace/Practica02_p1/Drivers/CMSIS/Include" -I"/home/lgomez/maestriauba/SMT32/PdM_workspace/Practica02_p1/Drivers/CMSIS/Device/ST/STM32F4xx/Include" -I"/home/lgomez/maestriauba/SMT32/PdM_workspace/Practica02_p1/Drivers/BSP/STM32F4xx_Nucleo_144" -I"/home/lgomez/maestriauba/SMT32/PdM_workspace/Practica02_p1/Drivers/Core/Inc" -O0 -ffunction-sections -fdata-sections -Wall -fstack-usage -fcyclomatic-complexity -MMD -MP -MF"Src/main.d" -MT"Src/main.o" --specs=nano.specs -mfpu=fpv4-sp-d16 -mfloat-abi=hard -mthumb -o "Src/main.o"
arm-none-eabi-gcc -o "Practica02_p1.elf" @"objects.list"   -mcpu=cortex-m4 -T"/home/lgomez/maestriauba/SMT32/PdM_workspace/Practica02_p1/STM32F429ZITX_FLASH.ld" --specs=nosys.specs -Wl,-Map="Practica02_p1.map" -Wl,--gc-sections -static --specs=nano.specs -mfpu=fpv4-sp-d16 -mfloat-abi=hard -mthumb -Wl,--start-group -lc -lm -Wl,--end-group
Finished building target: Practica02_p1.elf
 
arm-none-eabi-size   Practica02_p1.elf 
arm-none-eabi-objdump -h -S  Practica02_p1.elf  > "Practica02_p1.list"
   text	   data	    bss	    dec	    hex	filename
   6492	     36	   1572	   8100	   1fa4	Practica02_p1.elf
Finished building: default.size.stdout
 
Finished building: Practica02_p1.list
 
21:21:16 **** Incremental Build of configuration Debug for project Practica02_p1 ****
make -j8 all 
arm-none-eabi-size   Practica02_p1.elf 
   text	   data	    bss	    dec	    hex	filename
   6492	     36	   1572	   8100	   1fa4	Practica02_p1.elf
Finished building: default.size.stdout
 
21:21:59 **** Incremental Build of configuration Debug for project Practica02_p1 ****
make -j8 all 
arm-none-eabi-gcc "../Src/main.c" -mcpu=cortex-m4 -std=gnu11 -g3 -DDEBUG -DSTM32 -DSTM32F429ZITx -DSTM32F4 -DNUCLEO_F429ZI -DUSE_HAL_DRIVER -DSTM32F429xx -c -I../Inc -I"/home/lgomez/maestriauba/SMT32/PdM_workspace/Practica02_p1/Drivers/STM32F4xx_HAL_Driver/Inc" -I"/home/lgomez/maestriauba/SMT32/PdM_workspace/Practica02_p1/Drivers/CMSIS/Include" -I"/home/lgomez/maestriauba/SMT32/PdM_workspace/Practica02_p1/Drivers/CMSIS/Device/ST/STM32F4xx/Include" -I"/home/lgomez/maestriauba/SMT32/PdM_workspace/Practica02_p1/Drivers/BSP/STM32F4xx_Nucleo_144" -I"/home/lgomez/maestriauba/SMT32/PdM_workspace/Practica02_p1/Drivers/Core/Inc" -O0 -ffunction-sections -fdata-sections -Wall -fstack-usage -fcyclomatic-complexity -MMD -MP -MF"Src/main.d" -MT"Src/main.o" --specs=nano.specs -mfpu=fpv4-sp-d16 -mfloat-abi=hard -mthumb -o "Src/main.o"
arm-none-eabi-gcc -o "Practica02_p1.elf" @"objects.list"   -mcpu=cortex-m4 -T"/home/lgomez/maestriauba/SMT32/PdM_workspace/Practica02_p1/STM32F429ZITX_FLASH.ld" --specs=nosys.specs -Wl,-Map="Practica02_p1.map" -Wl,--gc-sections -static --specs=nano.specs -mfpu=fpv4-sp-d16 -mfloat-abi=hard -mthumb -Wl,--start-group -lc -lm -Wl,--end-group
Finished building target: Practica02_p1.elf
 
arm-none-eabi-size   Practica02_p1.elf 
arm-none-eabi-objdump -h -S  Practica02_p1.elf  > "Practica02_p1.list"
   text	   data	    bss	    dec	    hex	filename
   6484	     36	   1572	   8092	   1f9c	Practica02_p1.elf
Finished building: default.size.stdout
 
Finished building: Practica02_p1.list
 
21:22:13 **** Incremental Build of configuration Debug for project Practica02_p1 ****
make -j8 all 
arm-none-eabi-size   Practica02_p1.elf 
   text	   data	    bss	    dec	    hex	filename
   6484	     36	   1572	   8092	   1f9c	Practica02_p1.elf
Finished building: default.size.stdout
 
21:26:03 **** Incremental Build of configuration Debug for project Practica02_p1 ****
make -j8 all 
arm-none-eabi-gcc "../Src/main.c" -mcpu=cortex-m4 -std=gnu11 -g3 -DDEBUG -DSTM32 -DSTM32F429ZITx -DSTM32F4 -DNUCLEO_F429ZI -DUSE_HAL_DRIVER -DSTM32F429xx -c -I../Inc -I"/home/lgomez/maestriauba/SMT32/PdM_workspace/Practica02_p1/Drivers/STM32F4xx_HAL_Driver/Inc" -I"/home/lgomez/maestriauba/SMT32/PdM_workspace/Practica02_p1/Drivers/CMSIS/Include" -I"/home/lgomez/maestriauba/SMT32/PdM_workspace/Practica02_p1/Drivers/CMSIS/Device/ST/STM32F4xx/Include" -I"/home/lgomez/maestriauba/SMT32/PdM_workspace/Practica02_p1/Drivers/BSP/STM32F4xx_Nucleo_144" -I"/home/lgomez/maestriauba/SMT32/PdM_workspace/Practica02_p1/Drivers/Core/Inc" -O0 -ffunction-sections -fdata-sections -Wall -fstack-usage -fcyclomatic-complexity -MMD -MP -MF"Src/main.d" -MT"Src/main.o" --specs=nano.specs -mfpu=fpv4-sp-d16 -mfloat-abi=hard -mthumb -o "Src/main.o"
arm-none-eabi-gcc -o "Practica02_p1.elf" @"objects.list"   -mcpu=cortex-m4 -T"/home/lgomez/maestriauba/SMT32/PdM_workspace/Practica02_p1/STM32F429ZITX_FLASH.ld" --specs=nosys.specs -Wl,-Map="Practica02_p1.map" -Wl,--gc-sections -static --specs=nano.specs -mfpu=fpv4-sp-d16 -mfloat-abi=hard -mthumb -Wl,--start-group -lc -lm -Wl,--end-group
Finished building target: Practica02_p1.elf
 
arm-none-eabi-size   Practica02_p1.elf 
arm-none-eabi-objdump -h -S  Practica02_p1.elf  > "Practica02_p1.list"
   text	   data	    bss	    dec	    hex	filename
   6556	     36	   1572	   8164	   1fe4	Practica02_p1.elf
Finished building: default.size.stdout
 
Finished building: Practica02_p1.list
 
21:26:18 **** Incremental Build of configuration Debug for project Practica02_p1 ****
make -j8 all 
arm-none-eabi-size   Practica02_p1.elf 
   text	   data	    bss	    dec	    hex	filename
   6556	     36	   1572	   8164	   1fe4	Practica02_p1.elf
Finished building: default.size.stdout
 
21:33:33 **** Incremental Build of configuration Debug for project Practica02_p1 ****
make -j8 all 
arm-none-eabi-gcc "../Src/main.c" -mcpu=cortex-m4 -std=gnu11 -g3 -DDEBUG -DSTM32 -DSTM32F429ZITx -DSTM32F4 -DNUCLEO_F429ZI -DUSE_HAL_DRIVER -DSTM32F429xx -c -I../Inc -I"/home/lgomez/maestriauba/SMT32/PdM_workspace/Practica02_p1/Drivers/STM32F4xx_HAL_Driver/Inc" -I"/home/lgomez/maestriauba/SMT32/PdM_workspace/Practica02_p1/Drivers/CMSIS/Include" -I"/home/lgomez/maestriauba/SMT32/PdM_workspace/Practica02_p1/Drivers/CMSIS/Device/ST/STM32F4xx/Include" -I"/home/lgomez/maestriauba/SMT32/PdM_workspace/Practica02_p1/Drivers/BSP/STM32F4xx_Nucleo_144" -I"/home/lgomez/maestriauba/SMT32/PdM_workspace/Practica02_p1/Drivers/Core/Inc" -O0 -ffunction-sections -fdata-sections -Wall -fstack-usage -fcyclomatic-complexity -MMD -MP -MF"Src/main.d" -MT"Src/main.o" --specs=nano.specs -mfpu=fpv4-sp-d16 -mfloat-abi=hard -mthumb -o "Src/main.o"
arm-none-eabi-gcc -o "Practica02_p1.elf" @"objects.list"   -mcpu=cortex-m4 -T"/home/lgomez/maestriauba/SMT32/PdM_workspace/Practica02_p1/STM32F429ZITX_FLASH.ld" --specs=nosys.specs -Wl,-Map="Practica02_p1.map" -Wl,--gc-sections -static --specs=nano.specs -mfpu=fpv4-sp-d16 -mfloat-abi=hard -mthumb -Wl,--start-group -lc -lm -Wl,--end-group
Finished building target: Practica02_p1.elf
 
arm-none-eabi-size   Practica02_p1.elf 
arm-none-eabi-objdump -h -S  Practica02_p1.elf  > "Practica02_p1.list"
   text	   data	    bss	    dec	    hex	filename
   6288	     32	   1568	   7888	   1ed0	Practica02_p1.elf
Finished building: default.size.stdout
 
Finished building: Practica02_p1.list
 
21:33:44 **** Incremental Build of configuration Debug for project Practica02_p1 ****
make -j8 all 
arm-none-eabi-size   Practica02_p1.elf 
   text	   data	    bss	    dec	    hex	filename
   6288	     32	   1568	   7888	   1ed0	Practica02_p1.elf
Finished building: default.size.stdout
 
