17:44:37 **** Incremental Build of configuration Debug for project Practica04_p1 ****
make -j8 all 
arm-none-eabi-size   Practica04_p1.elf 
   text	   data	    bss	    dec	    hex	filename
  11836	    136	   1592	  13564	   34fc	Practica04_p1.elf
Finished building: default.size.stdout
 
17:44:49 **** Incremental Build of configuration Debug for project Practica04_p1 ****
make -j8 all 
arm-none-eabi-size   Practica04_p1.elf 
   text	   data	    bss	    dec	    hex	filename
  11836	    136	   1592	  13564	   34fc	Practica04_p1.elf
Finished building: default.size.stdout
 
17:44:59 **** Incremental Build of configuration Debug for project Practica04_p1 ****
make -j8 all 
arm-none-eabi-size   Practica04_p1.elf 
   text	   data	    bss	    dec	    hex	filename
  11836	    136	   1592	  13564	   34fc	Practica04_p1.elf
Finished building: default.size.stdout
 
