22:43:14 **** Incremental Build of configuration Debug for project TrabFinal ****
make -j8 all 
arm-none-eabi-gcc "../Core/Src/main.c" -mcpu=cortex-m4 -std=gnu11 -g3 -DDEBUG -DUSE_HAL_DRIVER -DSTM32F429xx -c -I../Core/Inc -I../Drivers/STM32F4xx_HAL_Driver/Inc -I../Drivers/STM32F4xx_HAL_Driver/Inc/Legacy -I../Drivers/CMSIS/Device/ST/STM32F4xx/Include -I../Drivers/CMSIS/Include -I"/home/lgomez/maestriauba/SMT32/PdM_workspace/TrabFinal/Core/Src" -I"/home/lgomez/maestriauba/SMT32/PdM_workspace/TrabFinal/Drivers/API/inc" -I"/home/lgomez/maestriauba/SMT32/PdM_workspace/TrabFinal/Drivers/API/src" -I"/home/lgomez/maestriauba/SMT32/PdM_workspace/TrabFinal/Drivers/API" -I"/home/lgomez/maestriauba/SMT32/PdM_workspace/TrabFinal/Drivers/BSP" -I"/home/lgomez/maestriauba/SMT32/PdM_workspace/TrabFinal/Drivers/BSP/STM32F4xx_Nucleo_144" -O0 -ffunction-sections -fdata-sections -Wall -fstack-usage -fcyclomatic-complexity -MMD -MP -MF"Core/Src/main.d" -MT"Core/Src/main.o" --specs=nano.specs -mfpu=fpv4-sp-d16 -mfloat-abi=hard -mthumb -o "Core/Src/main.o"
In file included from ../Core/Src/main.c:27:
/home/lgomez/maestriauba/SMT32/PdM_workspace/TrabFinal/Drivers/API/inc/API_spi.h:34:13: warning: 'MX_GPIO_Init' declared 'static' but never defined [-Wunused-function]
   34 | static void MX_GPIO_Init(void);
      |             ^~~~~~~~~~~~
/home/lgomez/maestriauba/SMT32/PdM_workspace/TrabFinal/Drivers/API/inc/API_spi.h:35:13: warning: 'MX_SPI3_Init' declared 'static' but never defined [-Wunused-function]
   35 | static void MX_SPI3_Init(void);
      |             ^~~~~~~~~~~~
arm-none-eabi-gcc -o "TrabFinal.elf" @"objects.list"   -mcpu=cortex-m4 -T"/home/lgomez/maestriauba/SMT32/PdM_workspace/TrabFinal/STM32F429ZITX_FLASH.ld" --specs=nosys.specs -Wl,-Map="TrabFinal.map" -Wl,--gc-sections -static --specs=nano.specs -mfpu=fpv4-sp-d16 -mfloat-abi=hard -mthumb -Wl,--start-group -lc -lm -Wl,--end-group
Finished building target: TrabFinal.elf
 
arm-none-eabi-size   TrabFinal.elf 
arm-none-eabi-objdump -h -S  TrabFinal.elf  > "TrabFinal.list"
   text	   data	    bss	    dec	    hex	filename
  20316	    216	   3680	  24212	   5e94	TrabFinal.elf
Finished building: default.size.stdout
 
Finished building: TrabFinal.list
 
22:43:35 **** Incremental Build of configuration Debug for project TrabFinal ****
make -j8 all 
arm-none-eabi-size   TrabFinal.elf 
   text	   data	    bss	    dec	    hex	filename
  20316	    216	   3680	  24212	   5e94	TrabFinal.elf
Finished building: default.size.stdout
 
22:44:03 **** Incremental Build of configuration Debug for project TrabFinal ****
make -j8 all 
arm-none-eabi-size   TrabFinal.elf 
   text	   data	    bss	    dec	    hex	filename
  20316	    216	   3680	  24212	   5e94	TrabFinal.elf
Finished building: default.size.stdout
 
22:45:35 **** Incremental Build of configuration Debug for project TrabFinal ****
make -j8 all 
arm-none-eabi-gcc "../Core/Src/main.c" -mcpu=cortex-m4 -std=gnu11 -g3 -DDEBUG -DUSE_HAL_DRIVER -DSTM32F429xx -c -I../Core/Inc -I../Drivers/STM32F4xx_HAL_Driver/Inc -I../Drivers/STM32F4xx_HAL_Driver/Inc/Legacy -I../Drivers/CMSIS/Device/ST/STM32F4xx/Include -I../Drivers/CMSIS/Include -I"/home/lgomez/maestriauba/SMT32/PdM_workspace/TrabFinal/Core/Src" -I"/home/lgomez/maestriauba/SMT32/PdM_workspace/TrabFinal/Drivers/API/inc" -I"/home/lgomez/maestriauba/SMT32/PdM_workspace/TrabFinal/Drivers/API/src" -I"/home/lgomez/maestriauba/SMT32/PdM_workspace/TrabFinal/Drivers/API" -I"/home/lgomez/maestriauba/SMT32/PdM_workspace/TrabFinal/Drivers/BSP" -I"/home/lgomez/maestriauba/SMT32/PdM_workspace/TrabFinal/Drivers/BSP/STM32F4xx_Nucleo_144" -O0 -ffunction-sections -fdata-sections -Wall -fstack-usage -fcyclomatic-complexity -MMD -MP -MF"Core/Src/main.d" -MT"Core/Src/main.o" --specs=nano.specs -mfpu=fpv4-sp-d16 -mfloat-abi=hard -mthumb -o "Core/Src/main.o"
In file included from ../Core/Src/main.c:27:
/home/lgomez/maestriauba/SMT32/PdM_workspace/TrabFinal/Drivers/API/inc/API_spi.h:34:13: warning: 'MX_GPIO_Init' declared 'static' but never defined [-Wunused-function]
   34 | static void MX_GPIO_Init(void);
      |             ^~~~~~~~~~~~
/home/lgomez/maestriauba/SMT32/PdM_workspace/TrabFinal/Drivers/API/inc/API_spi.h:35:13: warning: 'MX_SPI3_Init' declared 'static' but never defined [-Wunused-function]
   35 | static void MX_SPI3_Init(void);
      |             ^~~~~~~~~~~~
arm-none-eabi-gcc -o "TrabFinal.elf" @"objects.list"   -mcpu=cortex-m4 -T"/home/lgomez/maestriauba/SMT32/PdM_workspace/TrabFinal/STM32F429ZITX_FLASH.ld" --specs=nosys.specs -Wl,-Map="TrabFinal.map" -Wl,--gc-sections -static --specs=nano.specs -mfpu=fpv4-sp-d16 -mfloat-abi=hard -mthumb -Wl,--start-group -lc -lm -Wl,--end-group
Finished building target: TrabFinal.elf
 
arm-none-eabi-size   TrabFinal.elf 
arm-none-eabi-objdump -h -S  TrabFinal.elf  > "TrabFinal.list"
   text	   data	    bss	    dec	    hex	filename
  20316	    216	   3680	  24212	   5e94	TrabFinal.elf
Finished building: default.size.stdout
 
Finished building: TrabFinal.list
 
22:47:10 **** Incremental Build of configuration Debug for project TrabFinal ****
make -j8 all 
arm-none-eabi-gcc "../Core/Src/main.c" -mcpu=cortex-m4 -std=gnu11 -g3 -DDEBUG -DUSE_HAL_DRIVER -DSTM32F429xx -c -I../Core/Inc -I../Drivers/STM32F4xx_HAL_Driver/Inc -I../Drivers/STM32F4xx_HAL_Driver/Inc/Legacy -I../Drivers/CMSIS/Device/ST/STM32F4xx/Include -I../Drivers/CMSIS/Include -I"/home/lgomez/maestriauba/SMT32/PdM_workspace/TrabFinal/Core/Src" -I"/home/lgomez/maestriauba/SMT32/PdM_workspace/TrabFinal/Drivers/API/inc" -I"/home/lgomez/maestriauba/SMT32/PdM_workspace/TrabFinal/Drivers/API/src" -I"/home/lgomez/maestriauba/SMT32/PdM_workspace/TrabFinal/Drivers/API" -I"/home/lgomez/maestriauba/SMT32/PdM_workspace/TrabFinal/Drivers/BSP" -I"/home/lgomez/maestriauba/SMT32/PdM_workspace/TrabFinal/Drivers/BSP/STM32F4xx_Nucleo_144" -O0 -ffunction-sections -fdata-sections -Wall -fstack-usage -fcyclomatic-complexity -MMD -MP -MF"Core/Src/main.d" -MT"Core/Src/main.o" --specs=nano.specs -mfpu=fpv4-sp-d16 -mfloat-abi=hard -mthumb -o "Core/Src/main.o"
In file included from ../Core/Src/main.c:27:
/home/lgomez/maestriauba/SMT32/PdM_workspace/TrabFinal/Drivers/API/inc/API_spi.h:34:13: warning: 'MX_GPIO_Init' declared 'static' but never defined [-Wunused-function]
   34 | static void MX_GPIO_Init(void);
      |             ^~~~~~~~~~~~
/home/lgomez/maestriauba/SMT32/PdM_workspace/TrabFinal/Drivers/API/inc/API_spi.h:35:13: warning: 'MX_SPI3_Init' declared 'static' but never defined [-Wunused-function]
   35 | static void MX_SPI3_Init(void);
      |             ^~~~~~~~~~~~
arm-none-eabi-gcc -o "TrabFinal.elf" @"objects.list"   -mcpu=cortex-m4 -T"/home/lgomez/maestriauba/SMT32/PdM_workspace/TrabFinal/STM32F429ZITX_FLASH.ld" --specs=nosys.specs -Wl,-Map="TrabFinal.map" -Wl,--gc-sections -static --specs=nano.specs -mfpu=fpv4-sp-d16 -mfloat-abi=hard -mthumb -Wl,--start-group -lc -lm -Wl,--end-group
Finished building target: TrabFinal.elf
 
arm-none-eabi-size   TrabFinal.elf 
arm-none-eabi-objdump -h -S  TrabFinal.elf  > "TrabFinal.list"
   text	   data	    bss	    dec	    hex	filename
  20296	    216	   3680	  24192	   5e80	TrabFinal.elf
Finished building: default.size.stdout
 
Finished building: TrabFinal.list
 
22:48:47 **** Incremental Build of configuration Debug for project TrabFinal ****
make -j8 all 
arm-none-eabi-gcc "../Core/Src/main.c" -mcpu=cortex-m4 -std=gnu11 -g3 -DDEBUG -DUSE_HAL_DRIVER -DSTM32F429xx -c -I../Core/Inc -I../Drivers/STM32F4xx_HAL_Driver/Inc -I../Drivers/STM32F4xx_HAL_Driver/Inc/Legacy -I../Drivers/CMSIS/Device/ST/STM32F4xx/Include -I../Drivers/CMSIS/Include -I"/home/lgomez/maestriauba/SMT32/PdM_workspace/TrabFinal/Core/Src" -I"/home/lgomez/maestriauba/SMT32/PdM_workspace/TrabFinal/Drivers/API/inc" -I"/home/lgomez/maestriauba/SMT32/PdM_workspace/TrabFinal/Drivers/API/src" -I"/home/lgomez/maestriauba/SMT32/PdM_workspace/TrabFinal/Drivers/API" -I"/home/lgomez/maestriauba/SMT32/PdM_workspace/TrabFinal/Drivers/BSP" -I"/home/lgomez/maestriauba/SMT32/PdM_workspace/TrabFinal/Drivers/BSP/STM32F4xx_Nucleo_144" -O0 -ffunction-sections -fdata-sections -Wall -fstack-usage -fcyclomatic-complexity -MMD -MP -MF"Core/Src/main.d" -MT"Core/Src/main.o" --specs=nano.specs -mfpu=fpv4-sp-d16 -mfloat-abi=hard -mthumb -o "Core/Src/main.o"
In file included from ../Core/Src/main.c:27:
/home/lgomez/maestriauba/SMT32/PdM_workspace/TrabFinal/Drivers/API/inc/API_spi.h:34:13: warning: 'MX_GPIO_Init' declared 'static' but never defined [-Wunused-function]
   34 | static void MX_GPIO_Init(void);
      |             ^~~~~~~~~~~~
/home/lgomez/maestriauba/SMT32/PdM_workspace/TrabFinal/Drivers/API/inc/API_spi.h:35:13: warning: 'MX_SPI3_Init' declared 'static' but never defined [-Wunused-function]
   35 | static void MX_SPI3_Init(void);
      |             ^~~~~~~~~~~~
arm-none-eabi-gcc -o "TrabFinal.elf" @"objects.list"   -mcpu=cortex-m4 -T"/home/lgomez/maestriauba/SMT32/PdM_workspace/TrabFinal/STM32F429ZITX_FLASH.ld" --specs=nosys.specs -Wl,-Map="TrabFinal.map" -Wl,--gc-sections -static --specs=nano.specs -mfpu=fpv4-sp-d16 -mfloat-abi=hard -mthumb -Wl,--start-group -lc -lm -Wl,--end-group
Finished building target: TrabFinal.elf
 
arm-none-eabi-size   TrabFinal.elf 
arm-none-eabi-objdump -h -S  TrabFinal.elf  > "TrabFinal.list"
   text	   data	    bss	    dec	    hex	filename
  20296	    216	   3680	  24192	   5e80	TrabFinal.elf
Finished building: default.size.stdout
 
Finished building: TrabFinal.list
 
22:50:22 **** Incremental Build of configuration Debug for project TrabFinal ****
make -j8 all 
arm-none-eabi-gcc "../Core/Src/main.c" -mcpu=cortex-m4 -std=gnu11 -g3 -DDEBUG -DUSE_HAL_DRIVER -DSTM32F429xx -c -I../Core/Inc -I../Drivers/STM32F4xx_HAL_Driver/Inc -I../Drivers/STM32F4xx_HAL_Driver/Inc/Legacy -I../Drivers/CMSIS/Device/ST/STM32F4xx/Include -I../Drivers/CMSIS/Include -I"/home/lgomez/maestriauba/SMT32/PdM_workspace/TrabFinal/Core/Src" -I"/home/lgomez/maestriauba/SMT32/PdM_workspace/TrabFinal/Drivers/API/inc" -I"/home/lgomez/maestriauba/SMT32/PdM_workspace/TrabFinal/Drivers/API/src" -I"/home/lgomez/maestriauba/SMT32/PdM_workspace/TrabFinal/Drivers/API" -I"/home/lgomez/maestriauba/SMT32/PdM_workspace/TrabFinal/Drivers/BSP" -I"/home/lgomez/maestriauba/SMT32/PdM_workspace/TrabFinal/Drivers/BSP/STM32F4xx_Nucleo_144" -O0 -ffunction-sections -fdata-sections -Wall -fstack-usage -fcyclomatic-complexity -MMD -MP -MF"Core/Src/main.d" -MT"Core/Src/main.o" --specs=nano.specs -mfpu=fpv4-sp-d16 -mfloat-abi=hard -mthumb -o "Core/Src/main.o"
In file included from ../Core/Src/main.c:27:
/home/lgomez/maestriauba/SMT32/PdM_workspace/TrabFinal/Drivers/API/inc/API_spi.h:34:13: warning: 'MX_GPIO_Init' declared 'static' but never defined [-Wunused-function]
   34 | static void MX_GPIO_Init(void);
      |             ^~~~~~~~~~~~
/home/lgomez/maestriauba/SMT32/PdM_workspace/TrabFinal/Drivers/API/inc/API_spi.h:35:13: warning: 'MX_SPI3_Init' declared 'static' but never defined [-Wunused-function]
   35 | static void MX_SPI3_Init(void);
      |             ^~~~~~~~~~~~
arm-none-eabi-gcc -o "TrabFinal.elf" @"objects.list"   -mcpu=cortex-m4 -T"/home/lgomez/maestriauba/SMT32/PdM_workspace/TrabFinal/STM32F429ZITX_FLASH.ld" --specs=nosys.specs -Wl,-Map="TrabFinal.map" -Wl,--gc-sections -static --specs=nano.specs -mfpu=fpv4-sp-d16 -mfloat-abi=hard -mthumb -Wl,--start-group -lc -lm -Wl,--end-group
Finished building target: TrabFinal.elf
 
arm-none-eabi-size   TrabFinal.elf 
arm-none-eabi-objdump -h -S  TrabFinal.elf  > "TrabFinal.list"
   text	   data	    bss	    dec	    hex	filename
  20304	    216	   3680	  24200	   5e88	TrabFinal.elf
Finished building: default.size.stdout
 
Finished building: TrabFinal.list
 
22:50:59 **** Incremental Build of configuration Debug for project TrabFinal ****
make -j8 all 
arm-none-eabi-gcc "../Core/Src/main.c" -mcpu=cortex-m4 -std=gnu11 -g3 -DDEBUG -DUSE_HAL_DRIVER -DSTM32F429xx -c -I../Core/Inc -I../Drivers/STM32F4xx_HAL_Driver/Inc -I../Drivers/STM32F4xx_HAL_Driver/Inc/Legacy -I../Drivers/CMSIS/Device/ST/STM32F4xx/Include -I../Drivers/CMSIS/Include -I"/home/lgomez/maestriauba/SMT32/PdM_workspace/TrabFinal/Core/Src" -I"/home/lgomez/maestriauba/SMT32/PdM_workspace/TrabFinal/Drivers/API/inc" -I"/home/lgomez/maestriauba/SMT32/PdM_workspace/TrabFinal/Drivers/API/src" -I"/home/lgomez/maestriauba/SMT32/PdM_workspace/TrabFinal/Drivers/API" -I"/home/lgomez/maestriauba/SMT32/PdM_workspace/TrabFinal/Drivers/BSP" -I"/home/lgomez/maestriauba/SMT32/PdM_workspace/TrabFinal/Drivers/BSP/STM32F4xx_Nucleo_144" -O0 -ffunction-sections -fdata-sections -Wall -fstack-usage -fcyclomatic-complexity -MMD -MP -MF"Core/Src/main.d" -MT"Core/Src/main.o" --specs=nano.specs -mfpu=fpv4-sp-d16 -mfloat-abi=hard -mthumb -o "Core/Src/main.o"
../Core/Src/main.c: In function 'main':
../Core/Src/main.c:155:32: error: expected ';' before 'while'
  155 |  delayInit(&Delay1, speed_play)
      |                                ^
      |                                ;
......
  162 |  while (1) {
      |  ~~~~~                          
In file included from ../Core/Src/main.c:27:
../Core/Src/main.c: At top level:
/home/lgomez/maestriauba/SMT32/PdM_workspace/TrabFinal/Drivers/API/inc/API_spi.h:34:13: warning: 'MX_GPIO_Init' declared 'static' but never defined [-Wunused-function]
   34 | static void MX_GPIO_Init(void);
      |             ^~~~~~~~~~~~
/home/lgomez/maestriauba/SMT32/PdM_workspace/TrabFinal/Drivers/API/inc/API_spi.h:35:13: warning: 'MX_SPI3_Init' declared 'static' but never defined [-Wunused-function]
   35 | static void MX_SPI3_Init(void);
      |             ^~~~~~~~~~~~
In file included from ../Core/Src/main.c:30:
/home/lgomez/maestriauba/SMT32/PdM_workspace/TrabFinal/Drivers/API/inc/API_led.h:41:16: warning: 'C' defined but not used [-Wunused-variable]
   41 | static uint8_t C[] = { 0x00, 0x3C, 0x42, 0x40, 0x40, 0x42, 0x3C, 0x00 }; // Letra C
      |                ^
/home/lgomez/maestriauba/SMT32/PdM_workspace/TrabFinal/Drivers/API/inc/API_led.h:40:16: warning: 'B' defined but not used [-Wunused-variable]
   40 | static uint8_t B[] = { 0x00, 0x7C, 0x42, 0x7C, 0x7C, 0x42, 0x7C, 0x00 }; // Letra B
      |                ^
/home/lgomez/maestriauba/SMT32/PdM_workspace/TrabFinal/Drivers/API/inc/API_led.h:39:16: warning: 'A' defined but not used [-Wunused-variable]
   39 | static uint8_t A[] = { 0x00, 0x3C, 0x42, 0x42, 0x7E, 0x42, 0x42, 0x00 }; // Letra A
      |                ^
/home/lgomez/maestriauba/SMT32/PdM_workspace/TrabFinal/Drivers/API/inc/API_led.h:37:16: warning: 'smileyFace' defined but not used [-Wunused-variable]
   37 | static uint8_t smileyFace[] = { 0x3C, 0x42, 0xA5, 0x81, 0xA5, 0x99, 0x42, 0x3C }; // cara feliz
      |                ^~~~~~~~~~
make: *** [Core/Src/subdir.mk:34: Core/Src/main.o] Error 1
"make -j8 all" terminated with exit code 2. Build might be incomplete.
22:51:17 **** Incremental Build of configuration Debug for project TrabFinal ****
make -j8 all 
arm-none-eabi-gcc "../Core/Src/main.c" -mcpu=cortex-m4 -std=gnu11 -g3 -DDEBUG -DUSE_HAL_DRIVER -DSTM32F429xx -c -I../Core/Inc -I../Drivers/STM32F4xx_HAL_Driver/Inc -I../Drivers/STM32F4xx_HAL_Driver/Inc/Legacy -I../Drivers/CMSIS/Device/ST/STM32F4xx/Include -I../Drivers/CMSIS/Include -I"/home/lgomez/maestriauba/SMT32/PdM_workspace/TrabFinal/Core/Src" -I"/home/lgomez/maestriauba/SMT32/PdM_workspace/TrabFinal/Drivers/API/inc" -I"/home/lgomez/maestriauba/SMT32/PdM_workspace/TrabFinal/Drivers/API/src" -I"/home/lgomez/maestriauba/SMT32/PdM_workspace/TrabFinal/Drivers/API" -I"/home/lgomez/maestriauba/SMT32/PdM_workspace/TrabFinal/Drivers/BSP" -I"/home/lgomez/maestriauba/SMT32/PdM_workspace/TrabFinal/Drivers/BSP/STM32F4xx_Nucleo_144" -O0 -ffunction-sections -fdata-sections -Wall -fstack-usage -fcyclomatic-complexity -MMD -MP -MF"Core/Src/main.d" -MT"Core/Src/main.o" --specs=nano.specs -mfpu=fpv4-sp-d16 -mfloat-abi=hard -mthumb -o "Core/Src/main.o"
In file included from ../Core/Src/main.c:27:
/home/lgomez/maestriauba/SMT32/PdM_workspace/TrabFinal/Drivers/API/inc/API_spi.h:34:13: warning: 'MX_GPIO_Init' declared 'static' but never defined [-Wunused-function]
   34 | static void MX_GPIO_Init(void);
      |             ^~~~~~~~~~~~
/home/lgomez/maestriauba/SMT32/PdM_workspace/TrabFinal/Drivers/API/inc/API_spi.h:35:13: warning: 'MX_SPI3_Init' declared 'static' but never defined [-Wunused-function]
   35 | static void MX_SPI3_Init(void);
      |             ^~~~~~~~~~~~
arm-none-eabi-gcc -o "TrabFinal.elf" @"objects.list"   -mcpu=cortex-m4 -T"/home/lgomez/maestriauba/SMT32/PdM_workspace/TrabFinal/STM32F429ZITX_FLASH.ld" --specs=nosys.specs -Wl,-Map="TrabFinal.map" -Wl,--gc-sections -static --specs=nano.specs -mfpu=fpv4-sp-d16 -mfloat-abi=hard -mthumb -Wl,--start-group -lc -lm -Wl,--end-group
Finished building target: TrabFinal.elf
 
arm-none-eabi-size   TrabFinal.elf 
arm-none-eabi-objdump -h -S  TrabFinal.elf  > "TrabFinal.list"
   text	   data	    bss	    dec	    hex	filename
  20296	    216	   3680	  24192	   5e80	TrabFinal.elf
Finished building: default.size.stdout
 
Finished building: TrabFinal.list
 
22:56:05 **** Incremental Build of configuration Debug for project TrabFinal ****
make -j8 all 
arm-none-eabi-gcc "../Core/Src/main.c" -mcpu=cortex-m4 -std=gnu11 -g3 -DDEBUG -DUSE_HAL_DRIVER -DSTM32F429xx -c -I../Core/Inc -I../Drivers/STM32F4xx_HAL_Driver/Inc -I../Drivers/STM32F4xx_HAL_Driver/Inc/Legacy -I../Drivers/CMSIS/Device/ST/STM32F4xx/Include -I../Drivers/CMSIS/Include -I"/home/lgomez/maestriauba/SMT32/PdM_workspace/TrabFinal/Core/Src" -I"/home/lgomez/maestriauba/SMT32/PdM_workspace/TrabFinal/Drivers/API/inc" -I"/home/lgomez/maestriauba/SMT32/PdM_workspace/TrabFinal/Drivers/API/src" -I"/home/lgomez/maestriauba/SMT32/PdM_workspace/TrabFinal/Drivers/API" -I"/home/lgomez/maestriauba/SMT32/PdM_workspace/TrabFinal/Drivers/BSP" -I"/home/lgomez/maestriauba/SMT32/PdM_workspace/TrabFinal/Drivers/BSP/STM32F4xx_Nucleo_144" -O0 -ffunction-sections -fdata-sections -Wall -fstack-usage -fcyclomatic-complexity -MMD -MP -MF"Core/Src/main.d" -MT"Core/Src/main.o" --specs=nano.specs -mfpu=fpv4-sp-d16 -mfloat-abi=hard -mthumb -o "Core/Src/main.o"
In file included from ../Core/Src/main.c:27:
/home/lgomez/maestriauba/SMT32/PdM_workspace/TrabFinal/Drivers/API/inc/API_spi.h:34:13: warning: 'MX_GPIO_Init' declared 'static' but never defined [-Wunused-function]
   34 | static void MX_GPIO_Init(void);
      |             ^~~~~~~~~~~~
/home/lgomez/maestriauba/SMT32/PdM_workspace/TrabFinal/Drivers/API/inc/API_spi.h:35:13: warning: 'MX_SPI3_Init' declared 'static' but never defined [-Wunused-function]
   35 | static void MX_SPI3_Init(void);
      |             ^~~~~~~~~~~~
arm-none-eabi-gcc -o "TrabFinal.elf" @"objects.list"   -mcpu=cortex-m4 -T"/home/lgomez/maestriauba/SMT32/PdM_workspace/TrabFinal/STM32F429ZITX_FLASH.ld" --specs=nosys.specs -Wl,-Map="TrabFinal.map" -Wl,--gc-sections -static --specs=nano.specs -mfpu=fpv4-sp-d16 -mfloat-abi=hard -mthumb -Wl,--start-group -lc -lm -Wl,--end-group
Finished building target: TrabFinal.elf
 
arm-none-eabi-size   TrabFinal.elf 
arm-none-eabi-objdump -h -S  TrabFinal.elf  > "TrabFinal.list"
   text	   data	    bss	    dec	    hex	filename
  20332	    216	   3680	  24228	   5ea4	TrabFinal.elf
Finished building: default.size.stdout
 
Finished building: TrabFinal.list
 
23:17:36 **** Incremental Build of configuration Debug for project TrabFinal ****
make -j8 all 
arm-none-eabi-gcc "../Core/Src/main.c" -mcpu=cortex-m4 -std=gnu11 -g3 -DDEBUG -DUSE_HAL_DRIVER -DSTM32F429xx -c -I../Core/Inc -I../Drivers/STM32F4xx_HAL_Driver/Inc -I../Drivers/STM32F4xx_HAL_Driver/Inc/Legacy -I../Drivers/CMSIS/Device/ST/STM32F4xx/Include -I../Drivers/CMSIS/Include -I"/home/lgomez/maestriauba/SMT32/PdM_workspace/TrabFinal/Core/Src" -I"/home/lgomez/maestriauba/SMT32/PdM_workspace/TrabFinal/Drivers/API/inc" -I"/home/lgomez/maestriauba/SMT32/PdM_workspace/TrabFinal/Drivers/API/src" -I"/home/lgomez/maestriauba/SMT32/PdM_workspace/TrabFinal/Drivers/API" -I"/home/lgomez/maestriauba/SMT32/PdM_workspace/TrabFinal/Drivers/BSP" -I"/home/lgomez/maestriauba/SMT32/PdM_workspace/TrabFinal/Drivers/BSP/STM32F4xx_Nucleo_144" -O0 -ffunction-sections -fdata-sections -Wall -fstack-usage -fcyclomatic-complexity -MMD -MP -MF"Core/Src/main.d" -MT"Core/Src/main.o" --specs=nano.specs -mfpu=fpv4-sp-d16 -mfloat-abi=hard -mthumb -o "Core/Src/main.o"
In file included from ../Core/Src/main.c:27:
/home/lgomez/maestriauba/SMT32/PdM_workspace/TrabFinal/Drivers/API/inc/API_spi.h:34:13: warning: 'MX_GPIO_Init' declared 'static' but never defined [-Wunused-function]
   34 | static void MX_GPIO_Init(void);
      |             ^~~~~~~~~~~~
/home/lgomez/maestriauba/SMT32/PdM_workspace/TrabFinal/Drivers/API/inc/API_spi.h:35:13: warning: 'MX_SPI3_Init' declared 'static' but never defined [-Wunused-function]
   35 | static void MX_SPI3_Init(void);
      |             ^~~~~~~~~~~~
arm-none-eabi-gcc -o "TrabFinal.elf" @"objects.list"   -mcpu=cortex-m4 -T"/home/lgomez/maestriauba/SMT32/PdM_workspace/TrabFinal/STM32F429ZITX_FLASH.ld" --specs=nosys.specs -Wl,-Map="TrabFinal.map" -Wl,--gc-sections -static --specs=nano.specs -mfpu=fpv4-sp-d16 -mfloat-abi=hard -mthumb -Wl,--start-group -lc -lm -Wl,--end-group
Finished building target: TrabFinal.elf
 
arm-none-eabi-size   TrabFinal.elf 
arm-none-eabi-objdump -h -S  TrabFinal.elf  > "TrabFinal.list"
   text	   data	    bss	    dec	    hex	filename
  20424	    216	   3680	  24320	   5f00	TrabFinal.elf
Finished building: default.size.stdout
 
Finished building: TrabFinal.list
 
23:21:09 **** Incremental Build of configuration Debug for project TrabFinal ****
make -j8 all 
arm-none-eabi-gcc "../Core/Src/main.c" -mcpu=cortex-m4 -std=gnu11 -g3 -DDEBUG -DUSE_HAL_DRIVER -DSTM32F429xx -c -I../Core/Inc -I../Drivers/STM32F4xx_HAL_Driver/Inc -I../Drivers/STM32F4xx_HAL_Driver/Inc/Legacy -I../Drivers/CMSIS/Device/ST/STM32F4xx/Include -I../Drivers/CMSIS/Include -I"/home/lgomez/maestriauba/SMT32/PdM_workspace/TrabFinal/Core/Src" -I"/home/lgomez/maestriauba/SMT32/PdM_workspace/TrabFinal/Drivers/API/inc" -I"/home/lgomez/maestriauba/SMT32/PdM_workspace/TrabFinal/Drivers/API/src" -I"/home/lgomez/maestriauba/SMT32/PdM_workspace/TrabFinal/Drivers/API" -I"/home/lgomez/maestriauba/SMT32/PdM_workspace/TrabFinal/Drivers/BSP" -I"/home/lgomez/maestriauba/SMT32/PdM_workspace/TrabFinal/Drivers/BSP/STM32F4xx_Nucleo_144" -O0 -ffunction-sections -fdata-sections -Wall -fstack-usage -fcyclomatic-complexity -MMD -MP -MF"Core/Src/main.d" -MT"Core/Src/main.o" --specs=nano.specs -mfpu=fpv4-sp-d16 -mfloat-abi=hard -mthumb -o "Core/Src/main.o"
In file included from ../Core/Src/main.c:27:
/home/lgomez/maestriauba/SMT32/PdM_workspace/TrabFinal/Drivers/API/inc/API_spi.h:34:13: warning: 'MX_GPIO_Init' declared 'static' but never defined [-Wunused-function]
   34 | static void MX_GPIO_Init(void);
      |             ^~~~~~~~~~~~
/home/lgomez/maestriauba/SMT32/PdM_workspace/TrabFinal/Drivers/API/inc/API_spi.h:35:13: warning: 'MX_SPI3_Init' declared 'static' but never defined [-Wunused-function]
   35 | static void MX_SPI3_Init(void);
      |             ^~~~~~~~~~~~
arm-none-eabi-gcc -o "TrabFinal.elf" @"objects.list"   -mcpu=cortex-m4 -T"/home/lgomez/maestriauba/SMT32/PdM_workspace/TrabFinal/STM32F429ZITX_FLASH.ld" --specs=nosys.specs -Wl,-Map="TrabFinal.map" -Wl,--gc-sections -static --specs=nano.specs -mfpu=fpv4-sp-d16 -mfloat-abi=hard -mthumb -Wl,--start-group -lc -lm -Wl,--end-group
Finished building target: TrabFinal.elf
 
arm-none-eabi-size   TrabFinal.elf 
arm-none-eabi-objdump -h -S  TrabFinal.elf  > "TrabFinal.list"
   text	   data	    bss	    dec	    hex	filename
  20432	    216	   3680	  24328	   5f08	TrabFinal.elf
Finished building: default.size.stdout
 
Finished building: TrabFinal.list
 
