23:34:11 **** Incremental Build of configuration Debug for project Practica04_p2 ****
make -j8 all 
arm-none-eabi-gcc "../Drivers/API/src/API_debounce.c" -mcpu=cortex-m4 -std=gnu11 -g3 -DDEBUG -DSTM32 -DSTM32F429ZITx -DSTM32F4 -DNUCLEO_F429ZI -DUSE_HAL_DRIVER -DSTM32F429xx -c -I../Inc -I"/home/lgomez/maestriauba/SMT32/PdM_workspace/Practica04_p2/Drivers/STM32F4xx_HAL_Driver/Inc" -I"/home/lgomez/maestriauba/SMT32/PdM_workspace/Practica04_p2/Drivers/CMSIS/Include" -I"/home/lgomez/maestriauba/SMT32/PdM_workspace/Practica04_p2/Drivers/CMSIS/Device/ST/STM32F4xx/Include" -I"/home/lgomez/maestriauba/SMT32/PdM_workspace/Practica04_p2/Drivers/BSP/STM32F4xx_Nucleo_144" -I"/home/lgomez/maestriauba/SMT32/PdM_workspace/Practica04_p2/Drivers/Core/Inc" -I"/home/lgomez/maestriauba/SMT32/PdM_workspace/Practica04_p2/Drivers/API" -I"/home/lgomez/maestriauba/SMT32/PdM_workspace/Practica04_p2/Drivers/API/inc" -O0 -ffunction-sections -fdata-sections -Wall -fstack-usage -fcyclomatic-complexity -MMD -MP -MF"Drivers/API/src/API_debounce.d" -MT"Drivers/API/src/API_debounce.o" --specs=nano.specs -mfpu=fpv4-sp-d16 -mfloat-abi=hard -mthumb -o "Drivers/API/src/API_debounce.o"
arm-none-eabi-gcc -o "Practica04_p2.elf" @"objects.list"   -mcpu=cortex-m4 -T"/home/lgomez/maestriauba/SMT32/PdM_workspace/Practica04_p2/STM32F429ZITX_FLASH.ld" --specs=nosys.specs -Wl,-Map="Practica04_p2.map" -Wl,--gc-sections -static --specs=nano.specs -mfpu=fpv4-sp-d16 -mfloat-abi=hard -mthumb -Wl,--start-group -lc -lm -Wl,--end-group
Finished building target: Practica04_p2.elf
 
arm-none-eabi-size   Practica04_p2.elf 
arm-none-eabi-objdump -h -S  Practica04_p2.elf  > "Practica04_p2.list"
   text	   data	    bss	    dec	    hex	filename
  12048	    140	   1596	  13784	   35d8	Practica04_p2.elf
Finished building: default.size.stdout
 
Finished building: Practica04_p2.list
 

23:34:12 Build Finished. 0 errors, 0 warnings. (took 1s.123ms)

