11:37:34 **** Build of configuration Debug for project Practica03_p2 ****
make -j8 all 
arm-none-eabi-gcc "../Src/main.c" -mcpu=cortex-m4 -std=gnu11 -g3 -DDEBUG -DSTM32 -DSTM32F429ZITx -DSTM32F4 -DNUCLEO_F429ZI -DUSE_HAL_DRIVER -DSTM32F429xx -c -I../Inc -I"/home/lgomez/maestriauba/SMT32/PdM_workspace/Practica03_p2/Drivers/STM32F4xx_HAL_Driver/Inc" -I"/home/lgomez/maestriauba/SMT32/PdM_workspace/Practica03_p2/Drivers/CMSIS/Include" -I"/home/lgomez/maestriauba/SMT32/PdM_workspace/Practica03_p2/Drivers/CMSIS/Device/ST/STM32F4xx/Include" -I"/home/lgomez/maestriauba/SMT32/PdM_workspace/Practica03_p2/Drivers/BSP/STM32F4xx_Nucleo_144" -I"/home/lgomez/maestriauba/SMT32/PdM_workspace/Practica03_p2/Drivers/Core/Inc" -I"/home/lgomez/maestriauba/SMT32/PdM_workspace/Practica03_p2/Drivers/API" -I"/home/lgomez/maestriauba/SMT32/PdM_workspace/Practica03_p2/Drivers/API/inc" -O0 -ffunction-sections -fdata-sections -Wall -fstack-usage -fcyclomatic-complexity -MMD -MP -MF"Src/main.d" -MT"Src/main.o" --specs=nano.specs -mfpu=fpv4-sp-d16 -mfloat-abi=hard -mthumb -o "Src/main.o"
arm-none-eabi-gcc -o "Practica03_p2.elf" @"objects.list"   -mcpu=cortex-m4 -T"/home/lgomez/maestriauba/SMT32/PdM_workspace/Practica03_p2/STM32F429ZITX_FLASH.ld" --specs=nosys.specs -Wl,-Map="Practica03_p2.map" -Wl,--gc-sections -static --specs=nano.specs -mfpu=fpv4-sp-d16 -mfloat-abi=hard -mthumb -Wl,--start-group -lc -lm -Wl,--end-group
Finished building target: Practica03_p2.elf
 
arm-none-eabi-size   Practica03_p2.elf 
arm-none-eabi-objdump -h -S  Practica03_p2.elf  > "Practica03_p2.list"
   text	   data	    bss	    dec	    hex	filename
  11324	    132	   1596	  13052	   32fc	Practica03_p2.elf
Finished building: default.size.stdout
 
Finished building: Practica03_p2.list
 

11:37:35 Build Finished. 0 errors, 0 warnings. (took 1s.436ms)

