20:03:34 **** Build of configuration Release for project TF ****
make -j8 all 
arm-none-eabi-gcc "../Drivers/STM32F4xx_HAL_Driver/Src/stm32f4xx_hal.c" -mcpu=cortex-m4 -std=gnu11 -DUSE_HAL_DRIVER -DSTM32F429xx -c -I../Core/Inc -I../Drivers/STM32F4xx_HAL_Driver/Inc -I../Drivers/STM32F4xx_HAL_Driver/Inc/Legacy -I../Drivers/CMSIS/Device/ST/STM32F4xx/Include -I../Drivers/CMSIS/Include -I"/home/lgomez/maestriauba/SMT32/PdM_workspace/TF/Core/Src" -I"/home/lgomez/maestriauba/SMT32/PdM_workspace/TF/Drivers/API/inc" -I"/home/lgomez/maestriauba/SMT32/PdM_workspace/TF/Drivers/API/src" -I"/home/lgomez/maestriauba/SMT32/PdM_workspace/TF/Drivers/API" -I"/home/lgomez/maestriauba/SMT32/PdM_workspace/TF/Drivers/BSP" -I"/home/lgomez/maestriauba/SMT32/PdM_workspace/TF/Drivers/BSP/STM32F4xx_Nucleo_144" -I"/home/lgomez/maestriauba/SMT32/PdM_workspace/TF/Core" -Os -ffunction-sections -fdata-sections -Wall -fstack-usage -fcyclomatic-complexity -MMD -MP -MF"Drivers/STM32F4xx_HAL_Driver/Src/stm32f4xx_hal.d" -MT"Drivers/STM32F4xx_HAL_Driver/Src/stm32f4xx_hal.o" --specs=nano.specs -mfpu=fpv4-sp-d16 -mfloat-abi=hard -mthumb -o "Drivers/STM32F4xx_HAL_Driver/Src/stm32f4xx_hal.o"
arm-none-eabi-gcc "../Drivers/STM32F4xx_HAL_Driver/Src/stm32f4xx_hal_cortex.c" -mcpu=cortex-m4 -std=gnu11 -DUSE_HAL_DRIVER -DSTM32F429xx -c -I../Core/Inc -I../Drivers/STM32F4xx_HAL_Driver/Inc -I../Drivers/STM32F4xx_HAL_Driver/Inc/Legacy -I../Drivers/CMSIS/Device/ST/STM32F4xx/Include -I../Drivers/CMSIS/Include -I"/home/lgomez/maestriauba/SMT32/PdM_workspace/TF/Core/Src" -I"/home/lgomez/maestriauba/SMT32/PdM_workspace/TF/Drivers/API/inc" -I"/home/lgomez/maestriauba/SMT32/PdM_workspace/TF/Drivers/API/src" -I"/home/lgomez/maestriauba/SMT32/PdM_workspace/TF/Drivers/API" -I"/home/lgomez/maestriauba/SMT32/PdM_workspace/TF/Drivers/BSP" -I"/home/lgomez/maestriauba/SMT32/PdM_workspace/TF/Drivers/BSP/STM32F4xx_Nucleo_144" -I"/home/lgomez/maestriauba/SMT32/PdM_workspace/TF/Core" -Os -ffunction-sections -fdata-sections -Wall -fstack-usage -fcyclomatic-complexity -MMD -MP -MF"Drivers/STM32F4xx_HAL_Driver/Src/stm32f4xx_hal_cortex.d" -MT"Drivers/STM32F4xx_HAL_Driver/Src/stm32f4xx_hal_cortex.o" --specs=nano.specs -mfpu=fpv4-sp-d16 -mfloat-abi=hard -mthumb -o "Drivers/STM32F4xx_HAL_Driver/Src/stm32f4xx_hal_cortex.o"
arm-none-eabi-gcc "../Drivers/STM32F4xx_HAL_Driver/Src/stm32f4xx_hal_dma.c" -mcpu=cortex-m4 -std=gnu11 -DUSE_HAL_DRIVER -DSTM32F429xx -c -I../Core/Inc -I../Drivers/STM32F4xx_HAL_Driver/Inc -I../Drivers/STM32F4xx_HAL_Driver/Inc/Legacy -I../Drivers/CMSIS/Device/ST/STM32F4xx/Include -I../Drivers/CMSIS/Include -I"/home/lgomez/maestriauba/SMT32/PdM_workspace/TF/Core/Src" -I"/home/lgomez/maestriauba/SMT32/PdM_workspace/TF/Drivers/API/inc" -I"/home/lgomez/maestriauba/SMT32/PdM_workspace/TF/Drivers/API/src" -I"/home/lgomez/maestriauba/SMT32/PdM_workspace/TF/Drivers/API" -I"/home/lgomez/maestriauba/SMT32/PdM_workspace/TF/Drivers/BSP" -I"/home/lgomez/maestriauba/SMT32/PdM_workspace/TF/Drivers/BSP/STM32F4xx_Nucleo_144" -I"/home/lgomez/maestriauba/SMT32/PdM_workspace/TF/Core" -Os -ffunction-sections -fdata-sections -Wall -fstack-usage -fcyclomatic-complexity -MMD -MP -MF"Drivers/STM32F4xx_HAL_Driver/Src/stm32f4xx_hal_dma.d" -MT"Drivers/STM32F4xx_HAL_Driver/Src/stm32f4xx_hal_dma.o" --specs=nano.specs -mfpu=fpv4-sp-d16 -mfloat-abi=hard -mthumb -o "Drivers/STM32F4xx_HAL_Driver/Src/stm32f4xx_hal_dma.o"
arm-none-eabi-gcc "../Drivers/STM32F4xx_HAL_Driver/Src/stm32f4xx_hal_dma_ex.c" -mcpu=cortex-m4 -std=gnu11 -DUSE_HAL_DRIVER -DSTM32F429xx -c -I../Core/Inc -I../Drivers/STM32F4xx_HAL_Driver/Inc -I../Drivers/STM32F4xx_HAL_Driver/Inc/Legacy -I../Drivers/CMSIS/Device/ST/STM32F4xx/Include -I../Drivers/CMSIS/Include -I"/home/lgomez/maestriauba/SMT32/PdM_workspace/TF/Core/Src" -I"/home/lgomez/maestriauba/SMT32/PdM_workspace/TF/Drivers/API/inc" -I"/home/lgomez/maestriauba/SMT32/PdM_workspace/TF/Drivers/API/src" -I"/home/lgomez/maestriauba/SMT32/PdM_workspace/TF/Drivers/API" -I"/home/lgomez/maestriauba/SMT32/PdM_workspace/TF/Drivers/BSP" -I"/home/lgomez/maestriauba/SMT32/PdM_workspace/TF/Drivers/BSP/STM32F4xx_Nucleo_144" -I"/home/lgomez/maestriauba/SMT32/PdM_workspace/TF/Core" -Os -ffunction-sections -fdata-sections -Wall -fstack-usage -fcyclomatic-complexity -MMD -MP -MF"Drivers/STM32F4xx_HAL_Driver/Src/stm32f4xx_hal_dma_ex.d" -MT"Drivers/STM32F4xx_HAL_Driver/Src/stm32f4xx_hal_dma_ex.o" --specs=nano.specs -mfpu=fpv4-sp-d16 -mfloat-abi=hard -mthumb -o "Drivers/STM32F4xx_HAL_Driver/Src/stm32f4xx_hal_dma_ex.o"
arm-none-eabi-gcc "../Drivers/STM32F4xx_HAL_Driver/Src/stm32f4xx_hal_eth.c" -mcpu=cortex-m4 -std=gnu11 -DUSE_HAL_DRIVER -DSTM32F429xx -c -I../Core/Inc -I../Drivers/STM32F4xx_HAL_Driver/Inc -I../Drivers/STM32F4xx_HAL_Driver/Inc/Legacy -I../Drivers/CMSIS/Device/ST/STM32F4xx/Include -I../Drivers/CMSIS/Include -I"/home/lgomez/maestriauba/SMT32/PdM_workspace/TF/Core/Src" -I"/home/lgomez/maestriauba/SMT32/PdM_workspace/TF/Drivers/API/inc" -I"/home/lgomez/maestriauba/SMT32/PdM_workspace/TF/Drivers/API/src" -I"/home/lgomez/maestriauba/SMT32/PdM_workspace/TF/Drivers/API" -I"/home/lgomez/maestriauba/SMT32/PdM_workspace/TF/Drivers/BSP" -I"/home/lgomez/maestriauba/SMT32/PdM_workspace/TF/Drivers/BSP/STM32F4xx_Nucleo_144" -I"/home/lgomez/maestriauba/SMT32/PdM_workspace/TF/Core" -Os -ffunction-sections -fdata-sections -Wall -fstack-usage -fcyclomatic-complexity -MMD -MP -MF"Drivers/STM32F4xx_HAL_Driver/Src/stm32f4xx_hal_eth.d" -MT"Drivers/STM32F4xx_HAL_Driver/Src/stm32f4xx_hal_eth.o" --specs=nano.specs -mfpu=fpv4-sp-d16 -mfloat-abi=hard -mthumb -o "Drivers/STM32F4xx_HAL_Driver/Src/stm32f4xx_hal_eth.o"
arm-none-eabi-gcc "../Drivers/STM32F4xx_HAL_Driver/Src/stm32f4xx_hal_exti.c" -mcpu=cortex-m4 -std=gnu11 -DUSE_HAL_DRIVER -DSTM32F429xx -c -I../Core/Inc -I../Drivers/STM32F4xx_HAL_Driver/Inc -I../Drivers/STM32F4xx_HAL_Driver/Inc/Legacy -I../Drivers/CMSIS/Device/ST/STM32F4xx/Include -I../Drivers/CMSIS/Include -I"/home/lgomez/maestriauba/SMT32/PdM_workspace/TF/Core/Src" -I"/home/lgomez/maestriauba/SMT32/PdM_workspace/TF/Drivers/API/inc" -I"/home/lgomez/maestriauba/SMT32/PdM_workspace/TF/Drivers/API/src" -I"/home/lgomez/maestriauba/SMT32/PdM_workspace/TF/Drivers/API" -I"/home/lgomez/maestriauba/SMT32/PdM_workspace/TF/Drivers/BSP" -I"/home/lgomez/maestriauba/SMT32/PdM_workspace/TF/Drivers/BSP/STM32F4xx_Nucleo_144" -I"/home/lgomez/maestriauba/SMT32/PdM_workspace/TF/Core" -Os -ffunction-sections -fdata-sections -Wall -fstack-usage -fcyclomatic-complexity -MMD -MP -MF"Drivers/STM32F4xx_HAL_Driver/Src/stm32f4xx_hal_exti.d" -MT"Drivers/STM32F4xx_HAL_Driver/Src/stm32f4xx_hal_exti.o" --specs=nano.specs -mfpu=fpv4-sp-d16 -mfloat-abi=hard -mthumb -o "Drivers/STM32F4xx_HAL_Driver/Src/stm32f4xx_hal_exti.o"
arm-none-eabi-gcc "../Drivers/STM32F4xx_HAL_Driver/Src/stm32f4xx_hal_flash.c" -mcpu=cortex-m4 -std=gnu11 -DUSE_HAL_DRIVER -DSTM32F429xx -c -I../Core/Inc -I../Drivers/STM32F4xx_HAL_Driver/Inc -I../Drivers/STM32F4xx_HAL_Driver/Inc/Legacy -I../Drivers/CMSIS/Device/ST/STM32F4xx/Include -I../Drivers/CMSIS/Include -I"/home/lgomez/maestriauba/SMT32/PdM_workspace/TF/Core/Src" -I"/home/lgomez/maestriauba/SMT32/PdM_workspace/TF/Drivers/API/inc" -I"/home/lgomez/maestriauba/SMT32/PdM_workspace/TF/Drivers/API/src" -I"/home/lgomez/maestriauba/SMT32/PdM_workspace/TF/Drivers/API" -I"/home/lgomez/maestriauba/SMT32/PdM_workspace/TF/Drivers/BSP" -I"/home/lgomez/maestriauba/SMT32/PdM_workspace/TF/Drivers/BSP/STM32F4xx_Nucleo_144" -I"/home/lgomez/maestriauba/SMT32/PdM_workspace/TF/Core" -Os -ffunction-sections -fdata-sections -Wall -fstack-usage -fcyclomatic-complexity -MMD -MP -MF"Drivers/STM32F4xx_HAL_Driver/Src/stm32f4xx_hal_flash.d" -MT"Drivers/STM32F4xx_HAL_Driver/Src/stm32f4xx_hal_flash.o" --specs=nano.specs -mfpu=fpv4-sp-d16 -mfloat-abi=hard -mthumb -o "Drivers/STM32F4xx_HAL_Driver/Src/stm32f4xx_hal_flash.o"
arm-none-eabi-gcc "../Drivers/STM32F4xx_HAL_Driver/Src/stm32f4xx_hal_flash_ex.c" -mcpu=cortex-m4 -std=gnu11 -DUSE_HAL_DRIVER -DSTM32F429xx -c -I../Core/Inc -I../Drivers/STM32F4xx_HAL_Driver/Inc -I../Drivers/STM32F4xx_HAL_Driver/Inc/Legacy -I../Drivers/CMSIS/Device/ST/STM32F4xx/Include -I../Drivers/CMSIS/Include -I"/home/lgomez/maestriauba/SMT32/PdM_workspace/TF/Core/Src" -I"/home/lgomez/maestriauba/SMT32/PdM_workspace/TF/Drivers/API/inc" -I"/home/lgomez/maestriauba/SMT32/PdM_workspace/TF/Drivers/API/src" -I"/home/lgomez/maestriauba/SMT32/PdM_workspace/TF/Drivers/API" -I"/home/lgomez/maestriauba/SMT32/PdM_workspace/TF/Drivers/BSP" -I"/home/lgomez/maestriauba/SMT32/PdM_workspace/TF/Drivers/BSP/STM32F4xx_Nucleo_144" -I"/home/lgomez/maestriauba/SMT32/PdM_workspace/TF/Core" -Os -ffunction-sections -fdata-sections -Wall -fstack-usage -fcyclomatic-complexity -MMD -MP -MF"Drivers/STM32F4xx_HAL_Driver/Src/stm32f4xx_hal_flash_ex.d" -MT"Drivers/STM32F4xx_HAL_Driver/Src/stm32f4xx_hal_flash_ex.o" --specs=nano.specs -mfpu=fpv4-sp-d16 -mfloat-abi=hard -mthumb -o "Drivers/STM32F4xx_HAL_Driver/Src/stm32f4xx_hal_flash_ex.o"
arm-none-eabi-gcc "../Drivers/STM32F4xx_HAL_Driver/Src/stm32f4xx_hal_flash_ramfunc.c" -mcpu=cortex-m4 -std=gnu11 -DUSE_HAL_DRIVER -DSTM32F429xx -c -I../Core/Inc -I../Drivers/STM32F4xx_HAL_Driver/Inc -I../Drivers/STM32F4xx_HAL_Driver/Inc/Legacy -I../Drivers/CMSIS/Device/ST/STM32F4xx/Include -I../Drivers/CMSIS/Include -I"/home/lgomez/maestriauba/SMT32/PdM_workspace/TF/Core/Src" -I"/home/lgomez/maestriauba/SMT32/PdM_workspace/TF/Drivers/API/inc" -I"/home/lgomez/maestriauba/SMT32/PdM_workspace/TF/Drivers/API/src" -I"/home/lgomez/maestriauba/SMT32/PdM_workspace/TF/Drivers/API" -I"/home/lgomez/maestriauba/SMT32/PdM_workspace/TF/Drivers/BSP" -I"/home/lgomez/maestriauba/SMT32/PdM_workspace/TF/Drivers/BSP/STM32F4xx_Nucleo_144" -I"/home/lgomez/maestriauba/SMT32/PdM_workspace/TF/Core" -Os -ffunction-sections -fdata-sections -Wall -fstack-usage -fcyclomatic-complexity -MMD -MP -MF"Drivers/STM32F4xx_HAL_Driver/Src/stm32f4xx_hal_flash_ramfunc.d" -MT"Drivers/STM32F4xx_HAL_Driver/Src/stm32f4xx_hal_flash_ramfunc.o" --specs=nano.specs -mfpu=fpv4-sp-d16 -mfloat-abi=hard -mthumb -o "Drivers/STM32F4xx_HAL_Driver/Src/stm32f4xx_hal_flash_ramfunc.o"
arm-none-eabi-gcc "../Drivers/STM32F4xx_HAL_Driver/Src/stm32f4xx_hal_gpio.c" -mcpu=cortex-m4 -std=gnu11 -DUSE_HAL_DRIVER -DSTM32F429xx -c -I../Core/Inc -I../Drivers/STM32F4xx_HAL_Driver/Inc -I../Drivers/STM32F4xx_HAL_Driver/Inc/Legacy -I../Drivers/CMSIS/Device/ST/STM32F4xx/Include -I../Drivers/CMSIS/Include -I"/home/lgomez/maestriauba/SMT32/PdM_workspace/TF/Core/Src" -I"/home/lgomez/maestriauba/SMT32/PdM_workspace/TF/Drivers/API/inc" -I"/home/lgomez/maestriauba/SMT32/PdM_workspace/TF/Drivers/API/src" -I"/home/lgomez/maestriauba/SMT32/PdM_workspace/TF/Drivers/API" -I"/home/lgomez/maestriauba/SMT32/PdM_workspace/TF/Drivers/BSP" -I"/home/lgomez/maestriauba/SMT32/PdM_workspace/TF/Drivers/BSP/STM32F4xx_Nucleo_144" -I"/home/lgomez/maestriauba/SMT32/PdM_workspace/TF/Core" -Os -ffunction-sections -fdata-sections -Wall -fstack-usage -fcyclomatic-complexity -MMD -MP -MF"Drivers/STM32F4xx_HAL_Driver/Src/stm32f4xx_hal_gpio.d" -MT"Drivers/STM32F4xx_HAL_Driver/Src/stm32f4xx_hal_gpio.o" --specs=nano.specs -mfpu=fpv4-sp-d16 -mfloat-abi=hard -mthumb -o "Drivers/STM32F4xx_HAL_Driver/Src/stm32f4xx_hal_gpio.o"
arm-none-eabi-gcc "../Drivers/STM32F4xx_HAL_Driver/Src/stm32f4xx_hal_pcd.c" -mcpu=cortex-m4 -std=gnu11 -DUSE_HAL_DRIVER -DSTM32F429xx -c -I../Core/Inc -I../Drivers/STM32F4xx_HAL_Driver/Inc -I../Drivers/STM32F4xx_HAL_Driver/Inc/Legacy -I../Drivers/CMSIS/Device/ST/STM32F4xx/Include -I../Drivers/CMSIS/Include -I"/home/lgomez/maestriauba/SMT32/PdM_workspace/TF/Core/Src" -I"/home/lgomez/maestriauba/SMT32/PdM_workspace/TF/Drivers/API/inc" -I"/home/lgomez/maestriauba/SMT32/PdM_workspace/TF/Drivers/API/src" -I"/home/lgomez/maestriauba/SMT32/PdM_workspace/TF/Drivers/API" -I"/home/lgomez/maestriauba/SMT32/PdM_workspace/TF/Drivers/BSP" -I"/home/lgomez/maestriauba/SMT32/PdM_workspace/TF/Drivers/BSP/STM32F4xx_Nucleo_144" -I"/home/lgomez/maestriauba/SMT32/PdM_workspace/TF/Core" -Os -ffunction-sections -fdata-sections -Wall -fstack-usage -fcyclomatic-complexity -MMD -MP -MF"Drivers/STM32F4xx_HAL_Driver/Src/stm32f4xx_hal_pcd.d" -MT"Drivers/STM32F4xx_HAL_Driver/Src/stm32f4xx_hal_pcd.o" --specs=nano.specs -mfpu=fpv4-sp-d16 -mfloat-abi=hard -mthumb -o "Drivers/STM32F4xx_HAL_Driver/Src/stm32f4xx_hal_pcd.o"
arm-none-eabi-gcc "../Drivers/STM32F4xx_HAL_Driver/Src/stm32f4xx_hal_pcd_ex.c" -mcpu=cortex-m4 -std=gnu11 -DUSE_HAL_DRIVER -DSTM32F429xx -c -I../Core/Inc -I../Drivers/STM32F4xx_HAL_Driver/Inc -I../Drivers/STM32F4xx_HAL_Driver/Inc/Legacy -I../Drivers/CMSIS/Device/ST/STM32F4xx/Include -I../Drivers/CMSIS/Include -I"/home/lgomez/maestriauba/SMT32/PdM_workspace/TF/Core/Src" -I"/home/lgomez/maestriauba/SMT32/PdM_workspace/TF/Drivers/API/inc" -I"/home/lgomez/maestriauba/SMT32/PdM_workspace/TF/Drivers/API/src" -I"/home/lgomez/maestriauba/SMT32/PdM_workspace/TF/Drivers/API" -I"/home/lgomez/maestriauba/SMT32/PdM_workspace/TF/Drivers/BSP" -I"/home/lgomez/maestriauba/SMT32/PdM_workspace/TF/Drivers/BSP/STM32F4xx_Nucleo_144" -I"/home/lgomez/maestriauba/SMT32/PdM_workspace/TF/Core" -Os -ffunction-sections -fdata-sections -Wall -fstack-usage -fcyclomatic-complexity -MMD -MP -MF"Drivers/STM32F4xx_HAL_Driver/Src/stm32f4xx_hal_pcd_ex.d" -MT"Drivers/STM32F4xx_HAL_Driver/Src/stm32f4xx_hal_pcd_ex.o" --specs=nano.specs -mfpu=fpv4-sp-d16 -mfloat-abi=hard -mthumb -o "Drivers/STM32F4xx_HAL_Driver/Src/stm32f4xx_hal_pcd_ex.o"
arm-none-eabi-gcc "../Drivers/STM32F4xx_HAL_Driver/Src/stm32f4xx_hal_pwr.c" -mcpu=cortex-m4 -std=gnu11 -DUSE_HAL_DRIVER -DSTM32F429xx -c -I../Core/Inc -I../Drivers/STM32F4xx_HAL_Driver/Inc -I../Drivers/STM32F4xx_HAL_Driver/Inc/Legacy -I../Drivers/CMSIS/Device/ST/STM32F4xx/Include -I../Drivers/CMSIS/Include -I"/home/lgomez/maestriauba/SMT32/PdM_workspace/TF/Core/Src" -I"/home/lgomez/maestriauba/SMT32/PdM_workspace/TF/Drivers/API/inc" -I"/home/lgomez/maestriauba/SMT32/PdM_workspace/TF/Drivers/API/src" -I"/home/lgomez/maestriauba/SMT32/PdM_workspace/TF/Drivers/API" -I"/home/lgomez/maestriauba/SMT32/PdM_workspace/TF/Drivers/BSP" -I"/home/lgomez/maestriauba/SMT32/PdM_workspace/TF/Drivers/BSP/STM32F4xx_Nucleo_144" -I"/home/lgomez/maestriauba/SMT32/PdM_workspace/TF/Core" -Os -ffunction-sections -fdata-sections -Wall -fstack-usage -fcyclomatic-complexity -MMD -MP -MF"Drivers/STM32F4xx_HAL_Driver/Src/stm32f4xx_hal_pwr.d" -MT"Drivers/STM32F4xx_HAL_Driver/Src/stm32f4xx_hal_pwr.o" --specs=nano.specs -mfpu=fpv4-sp-d16 -mfloat-abi=hard -mthumb -o "Drivers/STM32F4xx_HAL_Driver/Src/stm32f4xx_hal_pwr.o"
arm-none-eabi-gcc "../Drivers/STM32F4xx_HAL_Driver/Src/stm32f4xx_hal_pwr_ex.c" -mcpu=cortex-m4 -std=gnu11 -DUSE_HAL_DRIVER -DSTM32F429xx -c -I../Core/Inc -I../Drivers/STM32F4xx_HAL_Driver/Inc -I../Drivers/STM32F4xx_HAL_Driver/Inc/Legacy -I../Drivers/CMSIS/Device/ST/STM32F4xx/Include -I../Drivers/CMSIS/Include -I"/home/lgomez/maestriauba/SMT32/PdM_workspace/TF/Core/Src" -I"/home/lgomez/maestriauba/SMT32/PdM_workspace/TF/Drivers/API/inc" -I"/home/lgomez/maestriauba/SMT32/PdM_workspace/TF/Drivers/API/src" -I"/home/lgomez/maestriauba/SMT32/PdM_workspace/TF/Drivers/API" -I"/home/lgomez/maestriauba/SMT32/PdM_workspace/TF/Drivers/BSP" -I"/home/lgomez/maestriauba/SMT32/PdM_workspace/TF/Drivers/BSP/STM32F4xx_Nucleo_144" -I"/home/lgomez/maestriauba/SMT32/PdM_workspace/TF/Core" -Os -ffunction-sections -fdata-sections -Wall -fstack-usage -fcyclomatic-complexity -MMD -MP -MF"Drivers/STM32F4xx_HAL_Driver/Src/stm32f4xx_hal_pwr_ex.d" -MT"Drivers/STM32F4xx_HAL_Driver/Src/stm32f4xx_hal_pwr_ex.o" --specs=nano.specs -mfpu=fpv4-sp-d16 -mfloat-abi=hard -mthumb -o "Drivers/STM32F4xx_HAL_Driver/Src/stm32f4xx_hal_pwr_ex.o"
arm-none-eabi-gcc "../Drivers/STM32F4xx_HAL_Driver/Src/stm32f4xx_hal_rcc.c" -mcpu=cortex-m4 -std=gnu11 -DUSE_HAL_DRIVER -DSTM32F429xx -c -I../Core/Inc -I../Drivers/STM32F4xx_HAL_Driver/Inc -I../Drivers/STM32F4xx_HAL_Driver/Inc/Legacy -I../Drivers/CMSIS/Device/ST/STM32F4xx/Include -I../Drivers/CMSIS/Include -I"/home/lgomez/maestriauba/SMT32/PdM_workspace/TF/Core/Src" -I"/home/lgomez/maestriauba/SMT32/PdM_workspace/TF/Drivers/API/inc" -I"/home/lgomez/maestriauba/SMT32/PdM_workspace/TF/Drivers/API/src" -I"/home/lgomez/maestriauba/SMT32/PdM_workspace/TF/Drivers/API" -I"/home/lgomez/maestriauba/SMT32/PdM_workspace/TF/Drivers/BSP" -I"/home/lgomez/maestriauba/SMT32/PdM_workspace/TF/Drivers/BSP/STM32F4xx_Nucleo_144" -I"/home/lgomez/maestriauba/SMT32/PdM_workspace/TF/Core" -Os -ffunction-sections -fdata-sections -Wall -fstack-usage -fcyclomatic-complexity -MMD -MP -MF"Drivers/STM32F4xx_HAL_Driver/Src/stm32f4xx_hal_rcc.d" -MT"Drivers/STM32F4xx_HAL_Driver/Src/stm32f4xx_hal_rcc.o" --specs=nano.specs -mfpu=fpv4-sp-d16 -mfloat-abi=hard -mthumb -o "Drivers/STM32F4xx_HAL_Driver/Src/stm32f4xx_hal_rcc.o"
arm-none-eabi-gcc "../Drivers/STM32F4xx_HAL_Driver/Src/stm32f4xx_hal_rcc_ex.c" -mcpu=cortex-m4 -std=gnu11 -DUSE_HAL_DRIVER -DSTM32F429xx -c -I../Core/Inc -I../Drivers/STM32F4xx_HAL_Driver/Inc -I../Drivers/STM32F4xx_HAL_Driver/Inc/Legacy -I../Drivers/CMSIS/Device/ST/STM32F4xx/Include -I../Drivers/CMSIS/Include -I"/home/lgomez/maestriauba/SMT32/PdM_workspace/TF/Core/Src" -I"/home/lgomez/maestriauba/SMT32/PdM_workspace/TF/Drivers/API/inc" -I"/home/lgomez/maestriauba/SMT32/PdM_workspace/TF/Drivers/API/src" -I"/home/lgomez/maestriauba/SMT32/PdM_workspace/TF/Drivers/API" -I"/home/lgomez/maestriauba/SMT32/PdM_workspace/TF/Drivers/BSP" -I"/home/lgomez/maestriauba/SMT32/PdM_workspace/TF/Drivers/BSP/STM32F4xx_Nucleo_144" -I"/home/lgomez/maestriauba/SMT32/PdM_workspace/TF/Core" -Os -ffunction-sections -fdata-sections -Wall -fstack-usage -fcyclomatic-complexity -MMD -MP -MF"Drivers/STM32F4xx_HAL_Driver/Src/stm32f4xx_hal_rcc_ex.d" -MT"Drivers/STM32F4xx_HAL_Driver/Src/stm32f4xx_hal_rcc_ex.o" --specs=nano.specs -mfpu=fpv4-sp-d16 -mfloat-abi=hard -mthumb -o "Drivers/STM32F4xx_HAL_Driver/Src/stm32f4xx_hal_rcc_ex.o"
arm-none-eabi-gcc "../Drivers/STM32F4xx_HAL_Driver/Src/stm32f4xx_hal_spi.c" -mcpu=cortex-m4 -std=gnu11 -DUSE_HAL_DRIVER -DSTM32F429xx -c -I../Core/Inc -I../Drivers/STM32F4xx_HAL_Driver/Inc -I../Drivers/STM32F4xx_HAL_Driver/Inc/Legacy -I../Drivers/CMSIS/Device/ST/STM32F4xx/Include -I../Drivers/CMSIS/Include -I"/home/lgomez/maestriauba/SMT32/PdM_workspace/TF/Core/Src" -I"/home/lgomez/maestriauba/SMT32/PdM_workspace/TF/Drivers/API/inc" -I"/home/lgomez/maestriauba/SMT32/PdM_workspace/TF/Drivers/API/src" -I"/home/lgomez/maestriauba/SMT32/PdM_workspace/TF/Drivers/API" -I"/home/lgomez/maestriauba/SMT32/PdM_workspace/TF/Drivers/BSP" -I"/home/lgomez/maestriauba/SMT32/PdM_workspace/TF/Drivers/BSP/STM32F4xx_Nucleo_144" -I"/home/lgomez/maestriauba/SMT32/PdM_workspace/TF/Core" -Os -ffunction-sections -fdata-sections -Wall -fstack-usage -fcyclomatic-complexity -MMD -MP -MF"Drivers/STM32F4xx_HAL_Driver/Src/stm32f4xx_hal_spi.d" -MT"Drivers/STM32F4xx_HAL_Driver/Src/stm32f4xx_hal_spi.o" --specs=nano.specs -mfpu=fpv4-sp-d16 -mfloat-abi=hard -mthumb -o "Drivers/STM32F4xx_HAL_Driver/Src/stm32f4xx_hal_spi.o"
arm-none-eabi-gcc "../Drivers/STM32F4xx_HAL_Driver/Src/stm32f4xx_hal_tim.c" -mcpu=cortex-m4 -std=gnu11 -DUSE_HAL_DRIVER -DSTM32F429xx -c -I../Core/Inc -I../Drivers/STM32F4xx_HAL_Driver/Inc -I../Drivers/STM32F4xx_HAL_Driver/Inc/Legacy -I../Drivers/CMSIS/Device/ST/STM32F4xx/Include -I../Drivers/CMSIS/Include -I"/home/lgomez/maestriauba/SMT32/PdM_workspace/TF/Core/Src" -I"/home/lgomez/maestriauba/SMT32/PdM_workspace/TF/Drivers/API/inc" -I"/home/lgomez/maestriauba/SMT32/PdM_workspace/TF/Drivers/API/src" -I"/home/lgomez/maestriauba/SMT32/PdM_workspace/TF/Drivers/API" -I"/home/lgomez/maestriauba/SMT32/PdM_workspace/TF/Drivers/BSP" -I"/home/lgomez/maestriauba/SMT32/PdM_workspace/TF/Drivers/BSP/STM32F4xx_Nucleo_144" -I"/home/lgomez/maestriauba/SMT32/PdM_workspace/TF/Core" -Os -ffunction-sections -fdata-sections -Wall -fstack-usage -fcyclomatic-complexity -MMD -MP -MF"Drivers/STM32F4xx_HAL_Driver/Src/stm32f4xx_hal_tim.d" -MT"Drivers/STM32F4xx_HAL_Driver/Src/stm32f4xx_hal_tim.o" --specs=nano.specs -mfpu=fpv4-sp-d16 -mfloat-abi=hard -mthumb -o "Drivers/STM32F4xx_HAL_Driver/Src/stm32f4xx_hal_tim.o"
arm-none-eabi-gcc "../Drivers/STM32F4xx_HAL_Driver/Src/stm32f4xx_hal_tim_ex.c" -mcpu=cortex-m4 -std=gnu11 -DUSE_HAL_DRIVER -DSTM32F429xx -c -I../Core/Inc -I../Drivers/STM32F4xx_HAL_Driver/Inc -I../Drivers/STM32F4xx_HAL_Driver/Inc/Legacy -I../Drivers/CMSIS/Device/ST/STM32F4xx/Include -I../Drivers/CMSIS/Include -I"/home/lgomez/maestriauba/SMT32/PdM_workspace/TF/Core/Src" -I"/home/lgomez/maestriauba/SMT32/PdM_workspace/TF/Drivers/API/inc" -I"/home/lgomez/maestriauba/SMT32/PdM_workspace/TF/Drivers/API/src" -I"/home/lgomez/maestriauba/SMT32/PdM_workspace/TF/Drivers/API" -I"/home/lgomez/maestriauba/SMT32/PdM_workspace/TF/Drivers/BSP" -I"/home/lgomez/maestriauba/SMT32/PdM_workspace/TF/Drivers/BSP/STM32F4xx_Nucleo_144" -I"/home/lgomez/maestriauba/SMT32/PdM_workspace/TF/Core" -Os -ffunction-sections -fdata-sections -Wall -fstack-usage -fcyclomatic-complexity -MMD -MP -MF"Drivers/STM32F4xx_HAL_Driver/Src/stm32f4xx_hal_tim_ex.d" -MT"Drivers/STM32F4xx_HAL_Driver/Src/stm32f4xx_hal_tim_ex.o" --specs=nano.specs -mfpu=fpv4-sp-d16 -mfloat-abi=hard -mthumb -o "Drivers/STM32F4xx_HAL_Driver/Src/stm32f4xx_hal_tim_ex.o"
arm-none-eabi-gcc "../Drivers/STM32F4xx_HAL_Driver/Src/stm32f4xx_hal_uart.c" -mcpu=cortex-m4 -std=gnu11 -DUSE_HAL_DRIVER -DSTM32F429xx -c -I../Core/Inc -I../Drivers/STM32F4xx_HAL_Driver/Inc -I../Drivers/STM32F4xx_HAL_Driver/Inc/Legacy -I../Drivers/CMSIS/Device/ST/STM32F4xx/Include -I../Drivers/CMSIS/Include -I"/home/lgomez/maestriauba/SMT32/PdM_workspace/TF/Core/Src" -I"/home/lgomez/maestriauba/SMT32/PdM_workspace/TF/Drivers/API/inc" -I"/home/lgomez/maestriauba/SMT32/PdM_workspace/TF/Drivers/API/src" -I"/home/lgomez/maestriauba/SMT32/PdM_workspace/TF/Drivers/API" -I"/home/lgomez/maestriauba/SMT32/PdM_workspace/TF/Drivers/BSP" -I"/home/lgomez/maestriauba/SMT32/PdM_workspace/TF/Drivers/BSP/STM32F4xx_Nucleo_144" -I"/home/lgomez/maestriauba/SMT32/PdM_workspace/TF/Core" -Os -ffunction-sections -fdata-sections -Wall -fstack-usage -fcyclomatic-complexity -MMD -MP -MF"Drivers/STM32F4xx_HAL_Driver/Src/stm32f4xx_hal_uart.d" -MT"Drivers/STM32F4xx_HAL_Driver/Src/stm32f4xx_hal_uart.o" --specs=nano.specs -mfpu=fpv4-sp-d16 -mfloat-abi=hard -mthumb -o "Drivers/STM32F4xx_HAL_Driver/Src/stm32f4xx_hal_uart.o"
arm-none-eabi-gcc "../Drivers/STM32F4xx_HAL_Driver/Src/stm32f4xx_ll_usb.c" -mcpu=cortex-m4 -std=gnu11 -DUSE_HAL_DRIVER -DSTM32F429xx -c -I../Core/Inc -I../Drivers/STM32F4xx_HAL_Driver/Inc -I../Drivers/STM32F4xx_HAL_Driver/Inc/Legacy -I../Drivers/CMSIS/Device/ST/STM32F4xx/Include -I../Drivers/CMSIS/Include -I"/home/lgomez/maestriauba/SMT32/PdM_workspace/TF/Core/Src" -I"/home/lgomez/maestriauba/SMT32/PdM_workspace/TF/Drivers/API/inc" -I"/home/lgomez/maestriauba/SMT32/PdM_workspace/TF/Drivers/API/src" -I"/home/lgomez/maestriauba/SMT32/PdM_workspace/TF/Drivers/API" -I"/home/lgomez/maestriauba/SMT32/PdM_workspace/TF/Drivers/BSP" -I"/home/lgomez/maestriauba/SMT32/PdM_workspace/TF/Drivers/BSP/STM32F4xx_Nucleo_144" -I"/home/lgomez/maestriauba/SMT32/PdM_workspace/TF/Core" -Os -ffunction-sections -fdata-sections -Wall -fstack-usage -fcyclomatic-complexity -MMD -MP -MF"Drivers/STM32F4xx_HAL_Driver/Src/stm32f4xx_ll_usb.d" -MT"Drivers/STM32F4xx_HAL_Driver/Src/stm32f4xx_ll_usb.o" --specs=nano.specs -mfpu=fpv4-sp-d16 -mfloat-abi=hard -mthumb -o "Drivers/STM32F4xx_HAL_Driver/Src/stm32f4xx_ll_usb.o"
arm-none-eabi-gcc "../Drivers/BSP/STM32F4xx_Nucleo_144/stm32f4xx_nucleo_144.c" -mcpu=cortex-m4 -std=gnu11 -DUSE_HAL_DRIVER -DSTM32F429xx -c -I../Core/Inc -I../Drivers/STM32F4xx_HAL_Driver/Inc -I../Drivers/STM32F4xx_HAL_Driver/Inc/Legacy -I../Drivers/CMSIS/Device/ST/STM32F4xx/Include -I../Drivers/CMSIS/Include -I"/home/lgomez/maestriauba/SMT32/PdM_workspace/TF/Core/Src" -I"/home/lgomez/maestriauba/SMT32/PdM_workspace/TF/Drivers/API/inc" -I"/home/lgomez/maestriauba/SMT32/PdM_workspace/TF/Drivers/API/src" -I"/home/lgomez/maestriauba/SMT32/PdM_workspace/TF/Drivers/API" -I"/home/lgomez/maestriauba/SMT32/PdM_workspace/TF/Drivers/BSP" -I"/home/lgomez/maestriauba/SMT32/PdM_workspace/TF/Drivers/BSP/STM32F4xx_Nucleo_144" -I"/home/lgomez/maestriauba/SMT32/PdM_workspace/TF/Core" -Os -ffunction-sections -fdata-sections -Wall -fstack-usage -fcyclomatic-complexity -MMD -MP -MF"Drivers/BSP/STM32F4xx_Nucleo_144/stm32f4xx_nucleo_144.d" -MT"Drivers/BSP/STM32F4xx_Nucleo_144/stm32f4xx_nucleo_144.o" --specs=nano.specs -mfpu=fpv4-sp-d16 -mfloat-abi=hard -mthumb -o "Drivers/BSP/STM32F4xx_Nucleo_144/stm32f4xx_nucleo_144.o"
arm-none-eabi-gcc "../Drivers/API/src/API_debounce.c" -mcpu=cortex-m4 -std=gnu11 -DUSE_HAL_DRIVER -DSTM32F429xx -c -I../Core/Inc -I../Drivers/STM32F4xx_HAL_Driver/Inc -I../Drivers/STM32F4xx_HAL_Driver/Inc/Legacy -I../Drivers/CMSIS/Device/ST/STM32F4xx/Include -I../Drivers/CMSIS/Include -I"/home/lgomez/maestriauba/SMT32/PdM_workspace/TF/Core/Src" -I"/home/lgomez/maestriauba/SMT32/PdM_workspace/TF/Drivers/API/inc" -I"/home/lgomez/maestriauba/SMT32/PdM_workspace/TF/Drivers/API/src" -I"/home/lgomez/maestriauba/SMT32/PdM_workspace/TF/Drivers/API" -I"/home/lgomez/maestriauba/SMT32/PdM_workspace/TF/Drivers/BSP" -I"/home/lgomez/maestriauba/SMT32/PdM_workspace/TF/Drivers/BSP/STM32F4xx_Nucleo_144" -I"/home/lgomez/maestriauba/SMT32/PdM_workspace/TF/Core" -Os -ffunction-sections -fdata-sections -Wall -fstack-usage -fcyclomatic-complexity -MMD -MP -MF"Drivers/API/src/API_debounce.d" -MT"Drivers/API/src/API_debounce.o" --specs=nano.specs -mfpu=fpv4-sp-d16 -mfloat-abi=hard -mthumb -o "Drivers/API/src/API_debounce.o"
arm-none-eabi-gcc "../Drivers/API/src/API_delay.c" -mcpu=cortex-m4 -std=gnu11 -DUSE_HAL_DRIVER -DSTM32F429xx -c -I../Core/Inc -I../Drivers/STM32F4xx_HAL_Driver/Inc -I../Drivers/STM32F4xx_HAL_Driver/Inc/Legacy -I../Drivers/CMSIS/Device/ST/STM32F4xx/Include -I../Drivers/CMSIS/Include -I"/home/lgomez/maestriauba/SMT32/PdM_workspace/TF/Core/Src" -I"/home/lgomez/maestriauba/SMT32/PdM_workspace/TF/Drivers/API/inc" -I"/home/lgomez/maestriauba/SMT32/PdM_workspace/TF/Drivers/API/src" -I"/home/lgomez/maestriauba/SMT32/PdM_workspace/TF/Drivers/API" -I"/home/lgomez/maestriauba/SMT32/PdM_workspace/TF/Drivers/BSP" -I"/home/lgomez/maestriauba/SMT32/PdM_workspace/TF/Drivers/BSP/STM32F4xx_Nucleo_144" -I"/home/lgomez/maestriauba/SMT32/PdM_workspace/TF/Core" -Os -ffunction-sections -fdata-sections -Wall -fstack-usage -fcyclomatic-complexity -MMD -MP -MF"Drivers/API/src/API_delay.d" -MT"Drivers/API/src/API_delay.o" --specs=nano.specs -mfpu=fpv4-sp-d16 -mfloat-abi=hard -mthumb -o "Drivers/API/src/API_delay.o"
arm-none-eabi-gcc "../Drivers/API/src/API_led.c" -mcpu=cortex-m4 -std=gnu11 -DUSE_HAL_DRIVER -DSTM32F429xx -c -I../Core/Inc -I../Drivers/STM32F4xx_HAL_Driver/Inc -I../Drivers/STM32F4xx_HAL_Driver/Inc/Legacy -I../Drivers/CMSIS/Device/ST/STM32F4xx/Include -I../Drivers/CMSIS/Include -I"/home/lgomez/maestriauba/SMT32/PdM_workspace/TF/Core/Src" -I"/home/lgomez/maestriauba/SMT32/PdM_workspace/TF/Drivers/API/inc" -I"/home/lgomez/maestriauba/SMT32/PdM_workspace/TF/Drivers/API/src" -I"/home/lgomez/maestriauba/SMT32/PdM_workspace/TF/Drivers/API" -I"/home/lgomez/maestriauba/SMT32/PdM_workspace/TF/Drivers/BSP" -I"/home/lgomez/maestriauba/SMT32/PdM_workspace/TF/Drivers/BSP/STM32F4xx_Nucleo_144" -I"/home/lgomez/maestriauba/SMT32/PdM_workspace/TF/Core" -Os -ffunction-sections -fdata-sections -Wall -fstack-usage -fcyclomatic-complexity -MMD -MP -MF"Drivers/API/src/API_led.d" -MT"Drivers/API/src/API_led.o" --specs=nano.specs -mfpu=fpv4-sp-d16 -mfloat-abi=hard -mthumb -o "Drivers/API/src/API_led.o"
arm-none-eabi-gcc "../Drivers/API/src/API_spi.c" -mcpu=cortex-m4 -std=gnu11 -DUSE_HAL_DRIVER -DSTM32F429xx -c -I../Core/Inc -I../Drivers/STM32F4xx_HAL_Driver/Inc -I../Drivers/STM32F4xx_HAL_Driver/Inc/Legacy -I../Drivers/CMSIS/Device/ST/STM32F4xx/Include -I../Drivers/CMSIS/Include -I"/home/lgomez/maestriauba/SMT32/PdM_workspace/TF/Core/Src" -I"/home/lgomez/maestriauba/SMT32/PdM_workspace/TF/Drivers/API/inc" -I"/home/lgomez/maestriauba/SMT32/PdM_workspace/TF/Drivers/API/src" -I"/home/lgomez/maestriauba/SMT32/PdM_workspace/TF/Drivers/API" -I"/home/lgomez/maestriauba/SMT32/PdM_workspace/TF/Drivers/BSP" -I"/home/lgomez/maestriauba/SMT32/PdM_workspace/TF/Drivers/BSP/STM32F4xx_Nucleo_144" -I"/home/lgomez/maestriauba/SMT32/PdM_workspace/TF/Core" -Os -ffunction-sections -fdata-sections -Wall -fstack-usage -fcyclomatic-complexity -MMD -MP -MF"Drivers/API/src/API_spi.d" -MT"Drivers/API/src/API_spi.o" --specs=nano.specs -mfpu=fpv4-sp-d16 -mfloat-abi=hard -mthumb -o "Drivers/API/src/API_spi.o"
arm-none-eabi-gcc "../Drivers/API/src/App_MEF.c" -mcpu=cortex-m4 -std=gnu11 -DUSE_HAL_DRIVER -DSTM32F429xx -c -I../Core/Inc -I../Drivers/STM32F4xx_HAL_Driver/Inc -I../Drivers/STM32F4xx_HAL_Driver/Inc/Legacy -I../Drivers/CMSIS/Device/ST/STM32F4xx/Include -I../Drivers/CMSIS/Include -I"/home/lgomez/maestriauba/SMT32/PdM_workspace/TF/Core/Src" -I"/home/lgomez/maestriauba/SMT32/PdM_workspace/TF/Drivers/API/inc" -I"/home/lgomez/maestriauba/SMT32/PdM_workspace/TF/Drivers/API/src" -I"/home/lgomez/maestriauba/SMT32/PdM_workspace/TF/Drivers/API" -I"/home/lgomez/maestriauba/SMT32/PdM_workspace/TF/Drivers/BSP" -I"/home/lgomez/maestriauba/SMT32/PdM_workspace/TF/Drivers/BSP/STM32F4xx_Nucleo_144" -I"/home/lgomez/maestriauba/SMT32/PdM_workspace/TF/Core" -Os -ffunction-sections -fdata-sections -Wall -fstack-usage -fcyclomatic-complexity -MMD -MP -MF"Drivers/API/src/App_MEF.d" -MT"Drivers/API/src/App_MEF.o" --specs=nano.specs -mfpu=fpv4-sp-d16 -mfloat-abi=hard -mthumb -o "Drivers/API/src/App_MEF.o"
arm-none-eabi-gcc "../Drivers/API/src/max_matrix_stm32.c" -mcpu=cortex-m4 -std=gnu11 -DUSE_HAL_DRIVER -DSTM32F429xx -c -I../Core/Inc -I../Drivers/STM32F4xx_HAL_Driver/Inc -I../Drivers/STM32F4xx_HAL_Driver/Inc/Legacy -I../Drivers/CMSIS/Device/ST/STM32F4xx/Include -I../Drivers/CMSIS/Include -I"/home/lgomez/maestriauba/SMT32/PdM_workspace/TF/Core/Src" -I"/home/lgomez/maestriauba/SMT32/PdM_workspace/TF/Drivers/API/inc" -I"/home/lgomez/maestriauba/SMT32/PdM_workspace/TF/Drivers/API/src" -I"/home/lgomez/maestriauba/SMT32/PdM_workspace/TF/Drivers/API" -I"/home/lgomez/maestriauba/SMT32/PdM_workspace/TF/Drivers/BSP" -I"/home/lgomez/maestriauba/SMT32/PdM_workspace/TF/Drivers/BSP/STM32F4xx_Nucleo_144" -I"/home/lgomez/maestriauba/SMT32/PdM_workspace/TF/Core" -Os -ffunction-sections -fdata-sections -Wall -fstack-usage -fcyclomatic-complexity -MMD -MP -MF"Drivers/API/src/max_matrix_stm32.d" -MT"Drivers/API/src/max_matrix_stm32.o" --specs=nano.specs -mfpu=fpv4-sp-d16 -mfloat-abi=hard -mthumb -o "Drivers/API/src/max_matrix_stm32.o"
arm-none-eabi-gcc -mcpu=cortex-m4 -c -I"/home/lgomez/maestriauba/SMT32/PdM_workspace/TF/Core/Src" -I"/home/lgomez/maestriauba/SMT32/PdM_workspace/TF/Drivers/API/inc" -I"/home/lgomez/maestriauba/SMT32/PdM_workspace/TF/Drivers/API/src" -I"/home/lgomez/maestriauba/SMT32/PdM_workspace/TF/Drivers/API" -I"/home/lgomez/maestriauba/SMT32/PdM_workspace/TF/Drivers/BSP" -I"/home/lgomez/maestriauba/SMT32/PdM_workspace/TF/Drivers/BSP/STM32F4xx_Nucleo_144" -I"/home/lgomez/maestriauba/SMT32/PdM_workspace/TF/Core/Inc" -I"/home/lgomez/maestriauba/SMT32/PdM_workspace/TF/Core" -x assembler-with-cpp -MMD -MP -MF"Core/Startup/startup_stm32f429zitx.d" -MT"Core/Startup/startup_stm32f429zitx.o" --specs=nano.specs -mfpu=fpv4-sp-d16 -mfloat-abi=hard -mthumb -o "Core/Startup/startup_stm32f429zitx.o" "../Core/Startup/startup_stm32f429zitx.s"
arm-none-eabi-gcc "../Core/Src/main.c" -mcpu=cortex-m4 -std=gnu11 -DUSE_HAL_DRIVER -DSTM32F429xx -c -I../Core/Inc -I../Drivers/STM32F4xx_HAL_Driver/Inc -I../Drivers/STM32F4xx_HAL_Driver/Inc/Legacy -I../Drivers/CMSIS/Device/ST/STM32F4xx/Include -I../Drivers/CMSIS/Include -I"/home/lgomez/maestriauba/SMT32/PdM_workspace/TF/Core/Src" -I"/home/lgomez/maestriauba/SMT32/PdM_workspace/TF/Drivers/API/inc" -I"/home/lgomez/maestriauba/SMT32/PdM_workspace/TF/Drivers/API/src" -I"/home/lgomez/maestriauba/SMT32/PdM_workspace/TF/Drivers/API" -I"/home/lgomez/maestriauba/SMT32/PdM_workspace/TF/Drivers/BSP" -I"/home/lgomez/maestriauba/SMT32/PdM_workspace/TF/Drivers/BSP/STM32F4xx_Nucleo_144" -I"/home/lgomez/maestriauba/SMT32/PdM_workspace/TF/Core" -Os -ffunction-sections -fdata-sections -Wall -fstack-usage -fcyclomatic-complexity -MMD -MP -MF"Core/Src/main.d" -MT"Core/Src/main.o" --specs=nano.specs -mfpu=fpv4-sp-d16 -mfloat-abi=hard -mthumb -o "Core/Src/main.o"
arm-none-eabi-gcc "../Core/Src/stm32f4xx_hal_msp.c" -mcpu=cortex-m4 -std=gnu11 -DUSE_HAL_DRIVER -DSTM32F429xx -c -I../Core/Inc -I../Drivers/STM32F4xx_HAL_Driver/Inc -I../Drivers/STM32F4xx_HAL_Driver/Inc/Legacy -I../Drivers/CMSIS/Device/ST/STM32F4xx/Include -I../Drivers/CMSIS/Include -I"/home/lgomez/maestriauba/SMT32/PdM_workspace/TF/Core/Src" -I"/home/lgomez/maestriauba/SMT32/PdM_workspace/TF/Drivers/API/inc" -I"/home/lgomez/maestriauba/SMT32/PdM_workspace/TF/Drivers/API/src" -I"/home/lgomez/maestriauba/SMT32/PdM_workspace/TF/Drivers/API" -I"/home/lgomez/maestriauba/SMT32/PdM_workspace/TF/Drivers/BSP" -I"/home/lgomez/maestriauba/SMT32/PdM_workspace/TF/Drivers/BSP/STM32F4xx_Nucleo_144" -I"/home/lgomez/maestriauba/SMT32/PdM_workspace/TF/Core" -Os -ffunction-sections -fdata-sections -Wall -fstack-usage -fcyclomatic-complexity -MMD -MP -MF"Core/Src/stm32f4xx_hal_msp.d" -MT"Core/Src/stm32f4xx_hal_msp.o" --specs=nano.specs -mfpu=fpv4-sp-d16 -mfloat-abi=hard -mthumb -o "Core/Src/stm32f4xx_hal_msp.o"
arm-none-eabi-gcc "../Core/Src/stm32f4xx_it.c" -mcpu=cortex-m4 -std=gnu11 -DUSE_HAL_DRIVER -DSTM32F429xx -c -I../Core/Inc -I../Drivers/STM32F4xx_HAL_Driver/Inc -I../Drivers/STM32F4xx_HAL_Driver/Inc/Legacy -I../Drivers/CMSIS/Device/ST/STM32F4xx/Include -I../Drivers/CMSIS/Include -I"/home/lgomez/maestriauba/SMT32/PdM_workspace/TF/Core/Src" -I"/home/lgomez/maestriauba/SMT32/PdM_workspace/TF/Drivers/API/inc" -I"/home/lgomez/maestriauba/SMT32/PdM_workspace/TF/Drivers/API/src" -I"/home/lgomez/maestriauba/SMT32/PdM_workspace/TF/Drivers/API" -I"/home/lgomez/maestriauba/SMT32/PdM_workspace/TF/Drivers/BSP" -I"/home/lgomez/maestriauba/SMT32/PdM_workspace/TF/Drivers/BSP/STM32F4xx_Nucleo_144" -I"/home/lgomez/maestriauba/SMT32/PdM_workspace/TF/Core" -Os -ffunction-sections -fdata-sections -Wall -fstack-usage -fcyclomatic-complexity -MMD -MP -MF"Core/Src/stm32f4xx_it.d" -MT"Core/Src/stm32f4xx_it.o" --specs=nano.specs -mfpu=fpv4-sp-d16 -mfloat-abi=hard -mthumb -o "Core/Src/stm32f4xx_it.o"
../Drivers/API/src/max_matrix_stm32.c: In function 'shiftright':
../Drivers/API/src/max_matrix_stm32.c:357:29: warning: iteration 79 invokes undefined behavior [-Waggressive-loop-optimizations]
  357 |   buffer_row[i] = buffer_row[i+1];
      |                   ~~~~~~~~~~^~~~~
../Drivers/API/src/max_matrix_stm32.c:355:2: note: within this loop
  355 |  for (int i=0; i<80; i++)
      |  ^~~
../Drivers/API/src/max_matrix_stm32.c:357:17: warning: '__builtin_memmove' forming offset 80 is out of the bounds [0, 80] of object 'buffer_row' with type 'uint8_t[80]' {aka 'unsigned char[80]'} [-Warray-bounds]
  357 |   buffer_row[i] = buffer_row[i+1];
      |   ~~~~~~~~~~~~~~^~~~~~~~~~~~~~~~~
../Drivers/API/src/max_matrix_stm32.c:5:9: note: 'buffer_row' declared here
    5 | uint8_t buffer_row[80];
      |         ^~~~~~~~~~
arm-none-eabi-gcc "../Core/Src/syscalls.c" -mcpu=cortex-m4 -std=gnu11 -DUSE_HAL_DRIVER -DSTM32F429xx -c -I../Core/Inc -I../Drivers/STM32F4xx_HAL_Driver/Inc -I../Drivers/STM32F4xx_HAL_Driver/Inc/Legacy -I../Drivers/CMSIS/Device/ST/STM32F4xx/Include -I../Drivers/CMSIS/Include -I"/home/lgomez/maestriauba/SMT32/PdM_workspace/TF/Core/Src" -I"/home/lgomez/maestriauba/SMT32/PdM_workspace/TF/Drivers/API/inc" -I"/home/lgomez/maestriauba/SMT32/PdM_workspace/TF/Drivers/API/src" -I"/home/lgomez/maestriauba/SMT32/PdM_workspace/TF/Drivers/API" -I"/home/lgomez/maestriauba/SMT32/PdM_workspace/TF/Drivers/BSP" -I"/home/lgomez/maestriauba/SMT32/PdM_workspace/TF/Drivers/BSP/STM32F4xx_Nucleo_144" -I"/home/lgomez/maestriauba/SMT32/PdM_workspace/TF/Core" -Os -ffunction-sections -fdata-sections -Wall -fstack-usage -fcyclomatic-complexity -MMD -MP -MF"Core/Src/syscalls.d" -MT"Core/Src/syscalls.o" --specs=nano.specs -mfpu=fpv4-sp-d16 -mfloat-abi=hard -mthumb -o "Core/Src/syscalls.o"
arm-none-eabi-gcc "../Core/Src/sysmem.c" -mcpu=cortex-m4 -std=gnu11 -DUSE_HAL_DRIVER -DSTM32F429xx -c -I../Core/Inc -I../Drivers/STM32F4xx_HAL_Driver/Inc -I../Drivers/STM32F4xx_HAL_Driver/Inc/Legacy -I../Drivers/CMSIS/Device/ST/STM32F4xx/Include -I../Drivers/CMSIS/Include -I"/home/lgomez/maestriauba/SMT32/PdM_workspace/TF/Core/Src" -I"/home/lgomez/maestriauba/SMT32/PdM_workspace/TF/Drivers/API/inc" -I"/home/lgomez/maestriauba/SMT32/PdM_workspace/TF/Drivers/API/src" -I"/home/lgomez/maestriauba/SMT32/PdM_workspace/TF/Drivers/API" -I"/home/lgomez/maestriauba/SMT32/PdM_workspace/TF/Drivers/BSP" -I"/home/lgomez/maestriauba/SMT32/PdM_workspace/TF/Drivers/BSP/STM32F4xx_Nucleo_144" -I"/home/lgomez/maestriauba/SMT32/PdM_workspace/TF/Core" -Os -ffunction-sections -fdata-sections -Wall -fstack-usage -fcyclomatic-complexity -MMD -MP -MF"Core/Src/sysmem.d" -MT"Core/Src/sysmem.o" --specs=nano.specs -mfpu=fpv4-sp-d16 -mfloat-abi=hard -mthumb -o "Core/Src/sysmem.o"
arm-none-eabi-gcc "../Core/Src/system_stm32f4xx.c" -mcpu=cortex-m4 -std=gnu11 -DUSE_HAL_DRIVER -DSTM32F429xx -c -I../Core/Inc -I../Drivers/STM32F4xx_HAL_Driver/Inc -I../Drivers/STM32F4xx_HAL_Driver/Inc/Legacy -I../Drivers/CMSIS/Device/ST/STM32F4xx/Include -I../Drivers/CMSIS/Include -I"/home/lgomez/maestriauba/SMT32/PdM_workspace/TF/Core/Src" -I"/home/lgomez/maestriauba/SMT32/PdM_workspace/TF/Drivers/API/inc" -I"/home/lgomez/maestriauba/SMT32/PdM_workspace/TF/Drivers/API/src" -I"/home/lgomez/maestriauba/SMT32/PdM_workspace/TF/Drivers/API" -I"/home/lgomez/maestriauba/SMT32/PdM_workspace/TF/Drivers/BSP" -I"/home/lgomez/maestriauba/SMT32/PdM_workspace/TF/Drivers/BSP/STM32F4xx_Nucleo_144" -I"/home/lgomez/maestriauba/SMT32/PdM_workspace/TF/Core" -Os -ffunction-sections -fdata-sections -Wall -fstack-usage -fcyclomatic-complexity -MMD -MP -MF"Core/Src/system_stm32f4xx.d" -MT"Core/Src/system_stm32f4xx.o" --specs=nano.specs -mfpu=fpv4-sp-d16 -mfloat-abi=hard -mthumb -o "Core/Src/system_stm32f4xx.o"
arm-none-eabi-gcc -o "TF.elf" @"objects.list"   -mcpu=cortex-m4 -T"/home/lgomez/maestriauba/SMT32/PdM_workspace/TF/STM32F429ZITX_FLASH.ld" --specs=nosys.specs -Wl,-Map="TF.map" -Wl,--gc-sections -static --specs=nano.specs -mfpu=fpv4-sp-d16 -mfloat-abi=hard -mthumb -Wl,--start-group -lc -lm -Wl,--end-group
Finished building target: TF.elf
 
arm-none-eabi-size   TF.elf 
arm-none-eabi-objdump -h -S  TF.elf  > "TF.list"
   text	   data	    bss	    dec	    hex	filename
   8004	     44	   3588	  11636	   2d74	TF.elf
Finished building: default.size.stdout
 
Finished building: TF.list
 

20:03:35 Build Finished. 0 errors, 2 warnings. (took 1s.751ms)

