00:31:23 **** Incremental Build of configuration Debug for project TP ****
make -j8 all 
arm-none-eabi-gcc "../Core/Src/main.c" -mcpu=cortex-m4 -std=gnu11 -g3 -DDEBUG -DUSE_HAL_DRIVER -DSTM32F429xx -c -I../Core/Inc -I../Drivers/STM32F4xx_HAL_Driver/Inc -I../Drivers/STM32F4xx_HAL_Driver/Inc/Legacy -I../Drivers/CMSIS/Device/ST/STM32F4xx/Include -I../Drivers/CMSIS/Include -O0 -ffunction-sections -fdata-sections -Wall -fstack-usage -fcyclomatic-complexity -MMD -MP -MF"Core/Src/main.d" -MT"Core/Src/main.o" --specs=nano.specs -mfpu=fpv4-sp-d16 -mfloat-abi=hard -mthumb -o "Core/Src/main.o"
../Core/Src/main.c: In function 'main':
../Core/Src/main.c:120:17: warning: pointer targets in passing argument 1 of 'scroll_string' differ in signedness [-Wpointer-sign]
  120 |   scroll_string("** esta es una prueba **", 150, left);
      |                 ^~~~~~~~~~~~~~~~~~~~~~~~~~
      |                 |
      |                 char *
In file included from ../Core/Src/main.c:25:
../Core/Inc/max_matrix_stm32.h:70:30: note: expected 'uint8_t *' {aka 'unsigned char *'} but argument is of type 'char *'
   70 | void scroll_string (uint8_t *string, uint32_t speed, char direction);
      |                     ~~~~~~~~~^~~~~~
arm-none-eabi-gcc -o "TP.elf" @"objects.list"   -mcpu=cortex-m4 -T"/home/lgomez/maestriauba/SMT32/PdM_workspace/TP/STM32F429ZITX_FLASH.ld" --specs=nosys.specs -Wl,-Map="TP.map" -Wl,--gc-sections -static --specs=nano.specs -mfpu=fpv4-sp-d16 -mfloat-abi=hard -mthumb -Wl,--start-group -lc -lm -Wl,--end-group
Finished building target: TP.elf
 
arm-none-eabi-size   TP.elf 
arm-none-eabi-objdump -h -S  TP.elf  > "TP.list"
   text	   data	    bss	    dec	    hex	filename
  13708	   1036	   3652	  18396	   47dc	TP.elf
Finished building: default.size.stdout
 
Finished building: TP.list
 

00:31:24 Build Finished. 0 errors, 1 warnings. (took 1s.107ms)

