01:11:48 **** Incremental Build of configuration Debug for project TrabFinal ****
make -j8 all 
arm-none-eabi-gcc "../Core/Src/main.c" -mcpu=cortex-m4 -std=gnu11 -g3 -DDEBUG -DUSE_HAL_DRIVER -DSTM32F429xx -c -I../Core/Inc -I../Drivers/STM32F4xx_HAL_Driver/Inc -I../Drivers/STM32F4xx_HAL_Driver/Inc/Legacy -I../Drivers/CMSIS/Device/ST/STM32F4xx/Include -I../Drivers/CMSIS/Include -I"/home/lgomez/maestriauba/SMT32/PdM_workspace/TrabFinal/Core/Src" -I"/home/lgomez/maestriauba/SMT32/PdM_workspace/TrabFinal/Drivers/API/inc" -I"/home/lgomez/maestriauba/SMT32/PdM_workspace/TrabFinal/Drivers/API/src" -I"/home/lgomez/maestriauba/SMT32/PdM_workspace/TrabFinal/Drivers/API" -I"/home/lgomez/maestriauba/SMT32/PdM_workspace/TrabFinal/Drivers/BSP" -I"/home/lgomez/maestriauba/SMT32/PdM_workspace/TrabFinal/Drivers/BSP/STM32F4xx_Nucleo_144" -O0 -ffunction-sections -fdata-sections -Wall -fstack-usage -fcyclomatic-complexity -MMD -MP -MF"Core/Src/main.d" -MT"Core/Src/main.o" --specs=nano.specs -mfpu=fpv4-sp-d16 -mfloat-abi=hard -mthumb -o "Core/Src/main.o"
In file included from /home/lgomez/maestriauba/SMT32/PdM_workspace/TrabFinal/Drivers/API/inc/App_MEF.h:13,
                 from ../Core/Src/main.c:31:
/home/lgomez/maestriauba/SMT32/PdM_workspace/TrabFinal/Drivers/API/inc/API_debounce.h:59:13: warning: 'buttonPressed' declared 'static' but never defined [-Wunused-function]
   59 | static void buttonPressed();
      |             ^~~~~~~~~~~~~
In file included from ../Core/Src/main.c:30:
/home/lgomez/maestriauba/SMT32/PdM_workspace/TrabFinal/Drivers/API/inc/API_led.h:46:16: warning: 'ghost6' defined but not used [-Wunused-variable]
   46 | static uint8_t ghost6[] = { 0x3c, 0x7e, 0xd7, 0xff, 0xc3, 0xff, 0xff, 0xdb };
      |                ^~~~~~
/home/lgomez/maestriauba/SMT32/PdM_workspace/TrabFinal/Drivers/API/inc/API_led.h:44:16: warning: 'ghost4' defined but not used [-Wunused-variable]
   44 | static uint8_t ghost4[] = { 0x18, 0x7e, 0xff, 0xdb, 0xff, 0xff, 0xff, 0xa5 };
      |                ^~~~~~
/home/lgomez/maestriauba/SMT32/PdM_workspace/TrabFinal/Drivers/API/inc/API_led.h:43:16: warning: 'ghost3' defined but not used [-Wunused-variable]
   43 | static uint8_t ghost3[] = { 0x18, 0x7e, 0xdb, 0xff, 0xff, 0xff, 0xff, 0xa5 };
      |                ^~~~~~
/home/lgomez/maestriauba/SMT32/PdM_workspace/TrabFinal/Drivers/API/inc/API_led.h:42:16: warning: 'ghost2' defined but not used [-Wunused-variable]
   42 | static uint8_t ghost2[] = { 0x18, 0x7e, 0xbd, 0xff, 0xff, 0xff, 0xff, 0xa5 };
      |                ^~~~~~
arm-none-eabi-gcc -o "TrabFinal.elf" @"objects.list"   -mcpu=cortex-m4 -T"/home/lgomez/maestriauba/SMT32/PdM_workspace/TrabFinal/STM32F429ZITX_FLASH.ld" --specs=nosys.specs -Wl,-Map="TrabFinal.map" -Wl,--gc-sections -static --specs=nano.specs -mfpu=fpv4-sp-d16 -mfloat-abi=hard -mthumb -Wl,--start-group -lc -lm -Wl,--end-group
Finished building target: TrabFinal.elf
 
arm-none-eabi-size   TrabFinal.elf 
arm-none-eabi-objdump -h -S  TrabFinal.elf  > "TrabFinal.list"
   text	   data	    bss	    dec	    hex	filename
  20012	    192	   3656	  23860	   5d34	TrabFinal.elf
Finished building: default.size.stdout
 
Finished building: TrabFinal.list
 

01:11:49 Build Finished. 0 errors, 5 warnings. (took 1s.72ms)

